Component: ARM Compiler 5.06 update 7 (build 960) Tool: armlink [4d3601]

==============================================================================

Section Cross References

    startup_stm32f10x_hd.o(RESET) refers to startup_stm32f10x_hd.o(STACK) for __initial_sp
    startup_stm32f10x_hd.o(RESET) refers to startup_stm32f10x_hd.o(.text) for Reset_Handler
    startup_stm32f10x_hd.o(RESET) refers to stm32f10x_it.o(i.NMI_Handler) for NMI_Handler
    startup_stm32f10x_hd.o(RESET) refers to stm32f10x_it.o(i.HardFault_Handler) for HardFault_Handler
    startup_stm32f10x_hd.o(RESET) refers to stm32f10x_it.o(i.MemManage_Handler) for MemManage_Handler
    startup_stm32f10x_hd.o(RESET) refers to stm32f10x_it.o(i.BusFault_Handler) for BusFault_Handler
    startup_stm32f10x_hd.o(RESET) refers to stm32f10x_it.o(i.UsageFault_Handler) for UsageFault_Handler
    startup_stm32f10x_hd.o(RESET) refers to stm32f10x_it.o(i.SVC_Handler) for SVC_Handler
    startup_stm32f10x_hd.o(RESET) refers to stm32f10x_it.o(i.DebugMon_Handler) for DebugMon_Handler
    startup_stm32f10x_hd.o(RESET) refers to stm32f10x_it.o(i.PendSV_Handler) for PendSV_Handler
    startup_stm32f10x_hd.o(RESET) refers to stm32f10x_it.o(i.SysTick_Handler) for SysTick_Handler
    startup_stm32f10x_hd.o(RESET) refers to stm32f10x_it.o(i.USART1_IRQHandler) for USART1_IRQHandler
    startup_stm32f10x_hd.o(.text) refers to system_stm32f10x.o(i.SystemInit) for SystemInit
    startup_stm32f10x_hd.o(.text) refers to entry.o(.ARM.Collect$$$$00000000) for __main
    system_stm32f10x.o(i.SetSysClock) refers to system_stm32f10x.o(i.SetSysClockTo72) for SetSysClockTo72
    system_stm32f10x.o(i.SystemCoreClockUpdate) refers to system_stm32f10x.o(.data) for SystemCoreClock
    system_stm32f10x.o(i.SystemInit) refers to system_stm32f10x.o(i.SetSysClock) for SetSysClock
    stm32f10x_adc.o(i.ADC_DeInit) refers to stm32f10x_rcc.o(i.RCC_APB2PeriphResetCmd) for RCC_APB2PeriphResetCmd
    stm32f10x_bkp.o(i.BKP_DeInit) refers to stm32f10x_rcc.o(i.RCC_BackupResetCmd) for RCC_BackupResetCmd
    stm32f10x_can.o(i.CAN_DeInit) refers to stm32f10x_rcc.o(i.RCC_APB1PeriphResetCmd) for RCC_APB1PeriphResetCmd
    stm32f10x_can.o(i.CAN_GetITStatus) refers to stm32f10x_can.o(i.CheckITStatus) for CheckITStatus
    stm32f10x_cec.o(i.CEC_DeInit) refers to stm32f10x_rcc.o(i.RCC_APB1PeriphResetCmd) for RCC_APB1PeriphResetCmd
    stm32f10x_dac.o(i.DAC_DeInit) refers to stm32f10x_rcc.o(i.RCC_APB1PeriphResetCmd) for RCC_APB1PeriphResetCmd
    stm32f10x_flash.o(i.FLASH_EnableWriteProtection) refers to stm32f10x_flash.o(i.FLASH_WaitForLastOperation) for FLASH_WaitForLastOperation
    stm32f10x_flash.o(i.FLASH_EraseAllBank1Pages) refers to stm32f10x_flash.o(i.FLASH_WaitForLastBank1Operation) for FLASH_WaitForLastBank1Operation
    stm32f10x_flash.o(i.FLASH_EraseAllPages) refers to stm32f10x_flash.o(i.FLASH_WaitForLastOperation) for FLASH_WaitForLastOperation
    stm32f10x_flash.o(i.FLASH_EraseOptionBytes) refers to stm32f10x_flash.o(i.FLASH_GetReadOutProtectionStatus) for FLASH_GetReadOutProtectionStatus
    stm32f10x_flash.o(i.FLASH_EraseOptionBytes) refers to stm32f10x_flash.o(i.FLASH_WaitForLastOperation) for FLASH_WaitForLastOperation
    stm32f10x_flash.o(i.FLASH_ErasePage) refers to stm32f10x_flash.o(i.FLASH_WaitForLastOperation) for FLASH_WaitForLastOperation
    stm32f10x_flash.o(i.FLASH_ProgramHalfWord) refers to stm32f10x_flash.o(i.FLASH_WaitForLastOperation) for FLASH_WaitForLastOperation
    stm32f10x_flash.o(i.FLASH_ProgramOptionByteData) refers to stm32f10x_flash.o(i.FLASH_WaitForLastOperation) for FLASH_WaitForLastOperation
    stm32f10x_flash.o(i.FLASH_ProgramWord) refers to stm32f10x_flash.o(i.FLASH_WaitForLastOperation) for FLASH_WaitForLastOperation
    stm32f10x_flash.o(i.FLASH_ReadOutProtection) refers to stm32f10x_flash.o(i.FLASH_WaitForLastOperation) for FLASH_WaitForLastOperation
    stm32f10x_flash.o(i.FLASH_UserOptionByteConfig) refers to stm32f10x_flash.o(i.FLASH_WaitForLastOperation) for FLASH_WaitForLastOperation
    stm32f10x_flash.o(i.FLASH_WaitForLastBank1Operation) refers to stm32f10x_flash.o(i.FLASH_GetBank1Status) for FLASH_GetBank1Status
    stm32f10x_flash.o(i.FLASH_WaitForLastOperation) refers to stm32f10x_flash.o(i.FLASH_GetBank1Status) for FLASH_GetBank1Status
    stm32f10x_gpio.o(i.GPIO_AFIODeInit) refers to stm32f10x_rcc.o(i.RCC_APB2PeriphResetCmd) for RCC_APB2PeriphResetCmd
    stm32f10x_gpio.o(i.GPIO_DeInit) refers to stm32f10x_rcc.o(i.RCC_APB2PeriphResetCmd) for RCC_APB2PeriphResetCmd
    stm32f10x_i2c.o(i.I2C_DeInit) refers to stm32f10x_rcc.o(i.RCC_APB1PeriphResetCmd) for RCC_APB1PeriphResetCmd
    stm32f10x_i2c.o(i.I2C_Init) refers to stm32f10x_rcc.o(i.RCC_GetClocksFreq) for RCC_GetClocksFreq
    stm32f10x_pwr.o(i.PWR_DeInit) refers to stm32f10x_rcc.o(i.RCC_APB1PeriphResetCmd) for RCC_APB1PeriphResetCmd
    stm32f10x_rcc.o(i.RCC_GetClocksFreq) refers to stm32f10x_rcc.o(.data) for APBAHBPrescTable
[...]
    Removing stm32f10x_tim.o(i.TIM_CCPreloadControl), (24 bytes).
    Removing stm32f10x_tim.o(i.TIM_CCxCmd), (30 bytes).
    Removing stm32f10x_tim.o(i.TIM_CCxNCmd), (30 bytes).
    Removing stm32f10x_tim.o(i.TIM_ClearFlag), (6 bytes).
    Removing stm32f10x_tim.o(i.TIM_ClearITPendingBit), (6 bytes).
    Removing stm32f10x_tim.o(i.TIM_ClearOC1Ref), (18 bytes).
    Removing stm32f10x_tim.o(i.TIM_ClearOC2Ref), (24 bytes).
    Removing stm32f10x_tim.o(i.TIM_ClearOC3Ref), (18 bytes).
    Removing stm32f10x_tim.o(i.TIM_ClearOC4Ref), (24 bytes).
    Removing stm32f10x_tim.o(i.TIM_CounterModeConfig), (18 bytes).
    Removing stm32f10x_tim.o(i.TIM_CtrlPWMOutputs), (30 bytes).
    Removing stm32f10x_tim.o(i.TIM_DMACmd), (18 bytes).
    Removing stm32f10x_tim.o(i.TIM_DMAConfig), (10 bytes).
    Removing stm32f10x_tim.o(i.TIM_DeInit), (488 bytes).
    Removing stm32f10x_tim.o(i.TIM_ETRClockMode1Config), (54 bytes).
    Removing stm32f10x_tim.o(i.TIM_ETRClockMode2Config), (32 bytes).
    Removing stm32f10x_tim.o(i.TIM_ETRConfig), (28 bytes).
    Removing stm32f10x_tim.o(i.TIM_EncoderInterfaceConfig), (66 bytes).
    Removing stm32f10x_tim.o(i.TIM_ForcedOC1Config), (18 bytes).
    Removing stm32f10x_tim.o(i.TIM_ForcedOC2Config), (26 bytes).
    Removing stm32f10x_tim.o(i.TIM_ForcedOC3Config), (18 bytes).
    Removing stm32f10x_tim.o(i.TIM_ForcedOC4Config), (26 bytes).
    Removing stm32f10x_tim.o(i.TIM_GenerateEvent), (4 bytes).
    Removing stm32f10x_tim.o(i.TIM_GetCapture1), (6 bytes).
    Removing stm32f10x_tim.o(i.TIM_GetCapture2), (6 bytes).
    Removing stm32f10x_tim.o(i.TIM_GetCapture3), (6 bytes).
    Removing stm32f10x_tim.o(i.TIM_GetCapture4), (8 bytes).
    Removing stm32f10x_tim.o(i.TIM_GetCounter), (6 bytes).
    Removing stm32f10x_tim.o(i.TIM_GetFlagStatus), (18 bytes).
    Removing stm32f10x_tim.o(i.TIM_GetITStatus), (34 bytes).
    Removing stm32f10x_tim.o(i.TIM_GetPrescaler), (6 bytes).
    Removing stm32f10x_tim.o(i.TIM_ICInit), (172 bytes).
    Removing stm32f10x_tim.o(i.TIM_ICStructInit), (18 bytes).
    Removing stm32f10x_tim.o(i.TIM_ITConfig), (18 bytes).
    Removing stm32f10x_tim.o(i.TIM_ITRxExternalClockConfig), (24 bytes).
    Removing stm32f10x_tim.o(i.TIM_InternalClockConfig), (12 bytes).
    Removing stm32f10x_tim.o(i.TIM_OC1FastConfig), (18 bytes).
    Removing stm32f10x_tim.o(i.TIM_OC1NPolarityConfig), (18 bytes).
    Removing stm32f10x_tim.o(i.TIM_OC1PolarityConfig), (18 bytes).
    Removing stm32f10x_tim.o(i.TIM_OC2FastConfig), (26 bytes).
    Removing stm32f10x_tim.o(i.TIM_OC2NPolarityConfig), (26 bytes).
    Removing stm32f10x_tim.o(i.TIM_OC2PolarityConfig), (26 bytes).
    Removing stm32f10x_tim.o(i.TIM_OC3FastConfig), (18 bytes).
    Removing stm32f10x_tim.o(i.TIM_OC3NPolarityConfig), (26 bytes).
    Removing stm32f10x_tim.o(i.TIM_OC3PolarityConfig), (26 bytes).
    Removing stm32f10x_tim.o(i.TIM_OC4FastConfig), (26 bytes).
    Removing stm32f10x_tim.o(i.TIM_OC4PolarityConfig), (26 bytes).
    Removing stm32f10x_tim.o(i.TIM_OCStructInit), (20 bytes).
    Removing stm32f10x_tim.o(i.TIM_PWMIConfig), (124 bytes).
    Removing stm32f10x_tim.o(i.TIM_PrescalerConfig), (6 bytes).
    Removing stm32f10x_tim.o(i.TIM_SelectCCDMA), (24 bytes).
    Removing stm32f10x_tim.o(i.TIM_SelectCOM), (24 bytes).
    Removing stm32f10x_tim.o(i.TIM_SelectHallSensor), (24 bytes).
    Removing stm32f10x_tim.o(i.TIM_SelectInputTrigger), (18 bytes).
    Removing stm32f10x_tim.o(i.TIM_SelectMasterSlaveMode), (18 bytes).
    Removing stm32f10x_tim.o(i.TIM_SelectOCxM), (82 bytes).
    Removing stm32f10x_tim.o(i.TIM_SelectOnePulseMode), (18 bytes).
    Removing stm32f10x_tim.o(i.TIM_SelectOutputTrigger), (18 bytes).
    Removing stm32f10x_tim.o(i.TIM_SelectSlaveMode), (18 bytes).
    Removing stm32f10x_tim.o(i.TIM_SetAutoreload), (4 bytes).
    Removing stm32f10x_tim.o(i.TIM_SetClockDivision), (18 bytes).
    Removing stm32f10x_tim.o(i.TIM_SetCounter), (4 bytes).
    Removing stm32f10x_tim.o(i.TIM_SetIC1Prescaler), (18 bytes).
    Removing stm32f10x_tim.o(i.TIM_SetIC2Prescaler), (26 bytes).
    Removing stm32f10x_tim.o(i.TIM_SetIC3Prescaler), (18 bytes).
    Removing stm32f10x_tim.o(i.TIM_SetIC4Prescaler), (26 bytes).
    Removing stm32f10x_tim.o(i.TIM_TIxExternalClockConfig), (62 bytes).
    Removing stm32f10x_tim.o(i.TIM_TimeBaseStructInit), (18 bytes).
    Removing stm32f10x_tim.o(i.TIM_UpdateDisableConfig), (24 bytes).
    Removing stm32f10x_tim.o(i.TIM_UpdateRequestConfig), (24 bytes).
    Removing stm32f10x_usart.o(i.USART_ClearFlag), (18 bytes).
    Removing stm32f10x_usart.o(i.USART_ClockInit), (34 bytes).
    Removing stm32f10x_usart.o(i.USART_ClockStructInit), (12 bytes).
    Removing stm32f10x_usart.o(i.USART_DeInit), (156 bytes).
    Removing stm32f10x_usart.o(i.USART_GetFlagStatus), (26 bytes).
    Removing stm32f10x_usart.o(i.USART_HalfDuplexCmd), (24 bytes).
    Removing stm32f10x_usart.o(i.USART_IrDACmd), (24 bytes).
    Removing stm32f10x_usart.o(i.USART_IrDAConfig), (18 bytes).
    Removing stm32f10x_usart.o(i.USART_LINBreakDetectLengthConfig), (18 bytes).
    Removing stm32f10x_usart.o(i.USART_LINCmd), (24 bytes).
    Removing stm32f10x_usart.o(i.USART_OneBitMethodCmd), (24 bytes).
    Removing stm32f10x_usart.o(i.USART_OverSampling8Cmd), (22 bytes).
    Removing stm32f10x_usart.o(i.USART_ReceiveData), (10 bytes).
    Removing stm32f10x_usart.o(i.USART_ReceiverWakeUpCmd), (24 bytes).
    Removing stm32f10x_usart.o(i.USART_SendBreak), (10 bytes).
    Removing stm32f10x_usart.o(i.USART_SendData), (8 bytes).
    Removing stm32f10x_usart.o(i.USART_SetAddress), (18 bytes).
    Removing stm32f10x_usart.o(i.USART_SetGuardTime), (16 bytes).
    Removing stm32f10x_usart.o(i.USART_SetPrescaler), (16 bytes).
    Removing stm32f10x_usart.o(i.USART_SmartCardCmd), (24 bytes).
    Removing stm32f10x_usart.o(i.USART_SmartCardNACKCmd), (24 bytes).
    Removing stm32f10x_usart.o(i.USART_StructInit), (24 bytes).
    Removing stm32f10x_usart.o(i.USART_WakeUpConfig), (18 bytes).
    Removing stm32f10x_wwdg.o(i.WWDG_ClearFlag), (12 bytes).
    Removing stm32f10x_wwdg.o(i.WWDG_DeInit), (22 bytes).
    Removing stm32f10x_wwdg.o(i.WWDG_Enable), (16 bytes).
    Removing stm32f10x_wwdg.o(i.WWDG_EnableIT), (12 bytes).
    Removing stm32f10x_wwdg.o(i.WWDG_GetFlagStatus), (12 bytes).
    Removing stm32f10x_wwdg.o(i.WWDG_SetCounter), (16 bytes).
    Removing stm32f10x_wwdg.o(i.WWDG_SetPrescaler), (24 bytes).
    Removing stm32f10x_wwdg.o(i.WWDG_SetWindowValue), (40 bytes).
    Removing delay.o(i.SoftDelayXms), (28 bytes).
    Removing delay.o(i.SoftDelayXus), (10 bytes).
    Removing fm24cxx.o(i.MemTest), (84 bytes).
    Removing fm24cxx.o(.bss), (100 bytes).
    Removing oled_i2c.o(i.OLED_DrawBMP), (116 bytes).
    Removing oled_i2c.o(i.OLED_OFF), (22 bytes).
    Removing oled_i2c.o(i.OLED_ON), (22 bytes).

421 unused section(s) (total 17068 bytes) removed from the image.

==============================================================================

Image Symbol Table

    Local Symbols

    Symbol Name                              Value     Ov Type        Size  Object(Section)

    ../clib/microlib/division.c              0x00000000   Number         0  uldiv.o ABSOLUTE
    ../clib/microlib/division.c              0x00000000   Number         0  uidiv.o ABSOLUTE
    ../clib/microlib/init/entry.s            0x00000000   Number         0  entry5.o ABSOLUTE
    ../clib/microlib/init/entry.s            0x00000000   Number         0  entry8a.o ABSOLUTE
    ../clib/microlib/init/entry.s            0x00000000   Number         0  entry9b.o ABSOLUTE
    ../clib/microlib/init/entry.s            0x00000000   Number         0  entry2.o ABSOLUTE
    ../clib/microlib/init/entry.s            0x00000000   Number         0  entry9a.o ABSOLUTE
    ../clib/microlib/init/entry.s            0x00000000   Number         0  entry8b.o ABSOLUTE
    ../clib/microlib/init/entry.s            0x00000000   Number         0  entry7a.o ABSOLUTE
    ../clib/microlib/init/entry.s            0x00000000   Number         0  entry.o ABSOLUTE
    ../clib/microlib/init/entry.s            0x00000000   Number         0  entry12b.o ABSOLUTE
    ../clib/microlib/init/entry.s            0x00000000   Number         0  entry10b.o ABSOLUTE
    ../clib/microlib/init/entry.s            0x00000000   Number         0  entry11a.o ABSOLUTE
    ../clib/microlib/init/entry.s            0x00000000   Number         0  entry10a.o ABSOLUTE
    ../clib/microlib/init/entry.s            0x00000000   Number         0  entry11b.o ABSOLUTE
    ../clib/microlib/init/entry.s            0x00000000   Number         0  entry12a.o ABSOLUTE
    ../clib/microlib/init/entry.s            0x00000000   Number         0  entry7b.o ABSOLUTE
    ../clib/microlib/longlong.c              0x00000000   Number         0  llsshr.o ABSOLUTE
    ../clib/microlib/longlong.c              0x00000000   Number         0  llushr.o ABSOLUTE
    ../clib/microlib/longlong.c              0x00000000   Number         0  llshl.o ABSOLUTE
    ../clib/microlib/printf/printf.c         0x00000000   Number         0  printf0.o ABSOLUTE
    ../clib/microlib/printf/printf.c         0x00000000   Number         0  printf1.o ABSOLUTE
    ../clib/microlib/printf/printf.c         0x00000000   Number         0  printf2.o ABSOLUTE
    ../clib/microlib/printf/printf.c         0x00000000   Number         0  printf3.o ABSOLUTE
    ../clib/microlib/printf/printf.c         0x00000000   Number         0  printf4.o ABSOLUTE
    ../clib/microlib/printf/printf.c         0x00000000   Number         0  printf5.o ABSOLUTE
    ../clib/microlib/printf/printf.c         0x00000000   Number         0  printf7.o ABSOLUTE
    ../clib/microlib/printf/printf.c         0x00000000   Number         0  printf8.o ABSOLUTE
    ../clib/microlib/printf/printf.c         0x00000000   Number         0  printf6.o ABSOLUTE
    ../clib/microlib/printf/printf.c         0x00000000   Number         0  printfb.o ABSOLUTE
    ../clib/microlib/printf/printf.c         0x00000000   Number         0  printfa.o ABSOLUTE
    ../clib/microlib/printf/stubs.s          0x00000000   Number         0  stubs.o ABSOLUTE
    ../clib/microlib/stdio/fputc.c           0x00000000   Number         0  fputc.o ABSOLUTE
    ../clib/microlib/stdio/semi.s            0x00000000   Number         0  semi.o ABSOLUTE
    ../clib/microlib/stdio/streams.c         0x00000000   Number         0  stdout.o ABSOLUTE
    ../clib/microlib/string/memset.c         0x00000000   Number         0  memseta.o ABSOLUTE
    ../clib/microlib/stubs.s                 0x00000000   Number         0  iusefp.o ABSOLUTE
    ../clib/microlib/stubs.s                 0x00000000   Number         0  iusesemip.o ABSOLUTE
    ../fplib/microlib/d2f.c                  0x00000000   Number         0  d2f.o ABSOLUTE
    ../fplib/microlib/f2d.c                  0x00000000   Number         0  f2d.o ABSOLUTE
    ../fplib/microlib/fpadd.c                0x00000000   Number         0  dadd.o ABSOLUTE
    ../fplib/microlib/fpdiv.c                0x00000000   Number         0  ddiv.o ABSOLUTE
    ../fplib/microlib/fpepilogue.c           0x00000000   Number         0  fepilogue.o ABSOLUTE
    ../fplib/microlib/fpepilogue.c           0x00000000   Number         0  depilogue.o ABSOLUTE
    ../fplib/microlib/fpfix.c                0x00000000   Number         0  dfixul.o ABSOLUTE
    ../fplib/microlib/fpflt.c                0x00000000   Number         0  ffltui.o ABSOLUTE
    ../fplib/microlib/fpmul.c                0x00000000   Number         0  dmul.o ABSOLUTE
    ..\Libraries\CMSIS\CM3\CoreSupport\core_cm3.c 0x00000000   Number         0  core_cm3.o ABSOLUTE
    ..\Libraries\CMSIS\CM3\DeviceSupport\ST\STM32F10x\startup\startup_stm32f10x_hd.s 0x00000000   Number         0  startup_stm32f10x_hd.o ABSOLUTE
    ..\Libraries\CMSIS\CM3\DeviceSupport\ST\STM32F10x\system_stm32f10x.c 0x00000000   Number         0  system_stm32f10x.o ABSOLUTE
    ..\Libraries\STM32F10x_StdPeriph_Driver\src\misc.c 0x00000000   Number         0  misc.o ABSOLUTE
    ..\Libraries\STM32F10x_StdPeriph_Driver\src\stm32f10x_adc.c 0x00000000   Number         0  stm32f10x_adc.o ABSOLUTE
    ..\Libraries\STM32F10x_StdPeriph_Driver\src\stm32f10x_bkp.c 0x00000000   Number         0  stm32f10x_bkp.o ABSOLUTE
    ..\Libraries\STM32F10x_StdPeriph_Driver\src\stm32f10x_can.c 0x00000000   Number         0  stm32f10x_can.o ABSOLUTE
    ..\Libraries\STM32F10x_StdPeriph_Driver\src\stm32f10x_cec.c 0x00000000   Number         0  stm32f10x_cec.o ABSOLUTE
    ..\Libraries\STM32F10x_StdPeriph_Driver\src\stm32f10x_crc.c 0x00000000   Number         0  stm32f10x_crc.o ABSOLUTE
    ..\Libraries\STM32F10x_StdPeriph_Driver\src\stm32f10x_dac.c 0x00000000   Number         0  stm32f10x_dac.o ABSOLUTE
    ..\Libraries\STM32F10x_StdPeriph_Driver\src\stm32f10x_dbgmcu.c 0x00000000   Number         0  stm32f10x_dbgmcu.o ABSOLUTE
    ..\Libraries\STM32F10x_StdPeriph_Driver\src\stm32f10x_dma.c 0x00000000   Number         0  stm32f10x_dma.o ABSOLUTE
    ..\Libraries\STM32F10x_StdPeriph_Driver\src\stm32f10x_exti.c 0x00000000   Number         0  stm32f10x_exti.o ABSOLUTE
    ..\Libraries\STM32F10x_StdPeriph_Driver\src\stm32f10x_flash.c 0x00000000   Number         0  stm32f10x_flash.o ABSOLUTE
    ..\Libraries\STM32F10x_StdPeriph_Driver\src\stm32f10x_fsmc.c 0x00000000   Number         0  stm32f10x_fsmc.o ABSOLUTE
    ..\Libraries\STM32F10x_StdPeriph_Driver\src\stm32f10x_gpio.c 0x00000000   Number         0  stm32f10x_gpio.o ABSOLUTE
    ..\Libraries\STM32F10x_StdPeriph_Driver\src\stm32f10x_i2c.c 0x00000000   Number         0  stm32f10x_i2c.o ABSOLUTE
    ..\Libraries\STM32F10x_StdPeriph_Driver\src\stm32f10x_iwdg.c 0x00000000   Number         0  stm32f10x_iwdg.o ABSOLUTE
    ..\Libraries\STM32F10x_StdPeriph_Driver\src\stm32f10x_pwr.c 0x00000000   Number         0  stm32f10x_pwr.o ABSOLUTE
    ..\Libraries\STM32F10x_StdPeriph_Driver\src\stm32f10x_rcc.c 0x00000000   Number         0  stm32f10x_rcc.o ABSOLUTE
    ..\Libraries\STM32F10x_StdPeriph_Driver\src\stm32f10x_rtc.c 0x00000000   Number         0  stm32f10x_rtc.o ABSOLUTE
    ..\Libraries\STM32F10x_StdPeriph_Driver\src\stm32f10x_sdio.c 0x00000000   Number         0  stm32f10x_sdio.o ABSOLUTE
    ..\Libraries\STM32F10x_StdPeriph_Driver\src\stm32f10x_spi.c 0x00000000   Number         0  stm32f10x_spi.o ABSOLUTE
    ..\Libraries\STM32F10x_StdPeriph_Driver\src\stm32f10x_tim.c 0x00000000   Number         0  stm32f10x_tim.o ABSOLUTE
    ..\Libraries\STM32F10x_StdPeriph_Driver\src\stm32f10x_usart.c 0x00000000   Number         0  stm32f10x_usart.o ABSOLUTE
    ..\Libraries\STM32F10x_StdPeriph_Driver\src\stm32f10x_wwdg.c 0x00000000   Number         0  stm32f10x_wwdg.o ABSOLUTE
    ..\User\APP\main.c                       0x00000000   Number         0  main.o ABSOLUTE
    ..\User\APP\usart1process.c              0x00000000   Number         0  usart1process.o ABSOLUTE
    ..\User\Common\dataoperation.c           0x00000000   Number         0  dataoperation.o ABSOLUTE
    ..\User\Common\delay.c                   0x00000000   Number         0  delay.o ABSOLUTE
    ..\User\Config\port.c                    0x00000000   Number         0  port.o ABSOLUTE
    ..\User\Drivers\OLED_I2C.c               0x00000000   Number         0  oled_i2c.o ABSOLUTE
    ..\User\Drivers\adc.c                    0x00000000   Number         0  adc.o ABSOLUTE
    ..\User\Drivers\fm24cxx.c                0x00000000   Number         0  fm24cxx.o ABSOLUTE
    ..\User\Drivers\pwm.c                    0x00000000   Number         0  pwm.o ABSOLUTE
    ..\User\Drivers\uart1.c                  0x00000000   Number         0  uart1.o ABSOLUTE
    ..\User\Interrupt\stm32f10x_it.c         0x00000000   Number         0  stm32f10x_it.o ABSOLUTE
    ..\\Libraries\\CMSIS\\CM3\\CoreSupport\\core_cm3.c 0x00000000   Number         0  core_cm3.o ABSOLUTE
    cdrcmple.s                               0x00000000   Number         0  cdrcmple.o ABSOLUTE
    dc.s                                     0x00000000   Number         0  dc.o ABSOLUTE
    handlers.s                               0x00000000   Number         0  handlers.o ABSOLUTE
    init.s                                   0x00000000   Number         0  init.o ABSOLUTE
    RESET                                    0x08000000   Section      304  startup_stm32f10x_hd.o(RESET)
    .ARM.Collect$$$$00000000                 0x08000130   Section        0  entry.o(.ARM.Collect$$$$00000000)
    .ARM.Collect$$$$00000001                 0x08000130   Section        4  entry2.o(.ARM.Collect$$$$00000001)
    .ARM.Collect$$$$00000004                 0x08000134   Section        4  entry5.o(.ARM.Collect$$$$00000004)
    .ARM.Collect$$$$00000008                 0x08000138   Section        0  entry7b.o(.ARM.Collect$$$$00000008)
    .ARM.Collect$$$$0000000A                 0x08000138   Section        0  entry8b.o(.ARM.Collect$$$$0000000A)
    .ARM.Collect$$$$0000000B                 0x08000138   Section        8  entry9a.o(.ARM.Collect$$$$0000000B)
    .ARM.Collect$$$$0000000E                 0x08000140   Section        4  entry12b.o(.ARM.Collect$$$$0000000E)
    .ARM.Collect$$$$0000000F                 0x08000144   Section        0  entry10a.o(.ARM.Collect$$$$0000000F)
    .ARM.Collect$$$$00000011                 0x08000144   Section        0  entry11a.o(.ARM.Collect$$$$00000011)
    .ARM.Collect$$$$00002712                 0x08000144   Section        4  entry2.o(.ARM.Collect$$$$00002712)
    __lit__00000000                          0x08000144   Data           4  entry2.o(.ARM.Collect$$$$00002712)
    .text                                    0x08000148   Section       36  startup_stm32f10x_hd.o(.text)
    .text                                    0x0800016c   Section        0  memseta.o(.text)
    .text                                    0x08000190   Section        0  dmul.o(.text)
    .text                                    0x08000274   Section        0  ffltui.o(.text)
    .text                                    0x0800027e   Section        0  f2d.o(.text)
    .text                                    0x080002a4   Section        0  d2f.o(.text)
    .text                                    0x080002dc   Section        0  uidiv.o(.text)
    .text                                    0x08000308   Section        0  uldiv.o(.text)
    .text                                    0x0800036a   Section        0  fepilogue.o(.text)
    .text                                    0x0800036a   Section        0  iusefp.o(.text)
    .text                                    0x080003d8   Section        0  depilogue.o(.text)
    .text                                    0x08000492   Section        0  dadd.o(.text)
    .text                                    0x080005e0   Section        0  ddiv.o(.text)
    .text                                    0x080006be   Section        0  dfixul.o(.text)
    .text                                    0x080006f0   Section       48  cdrcmple.o(.text)
    .text                                    0x08000720   Section       36  init.o(.text)
    .text                                    0x08000744   Section        0  llshl.o(.text)
    .text                                    0x08000762   Section        0  llushr.o(.text)
    .text                                    0x08000782   Section        0  llsshr.o(.text)
    i.ADC_Cmd                                0x080007a6   Section        0  stm32f10x_adc.o(i.ADC_Cmd)
    i.ADC_DeInit                             0x080007bc   Section        0  stm32f10x_adc.o(i.ADC_DeInit)
    i.ADC_GetCalibrationStatus               0x08000818   Section        0  stm32f10x_adc.o(i.ADC_GetCalibrationStatus)
    i.ADC_GetConversionValue                 0x0800082c   Section        0  stm32f10x_adc.o(i.ADC_GetConversionValue)
    i.ADC_GetFlagStatus                      0x08000834   Section        0  stm32f10x_adc.o(i.ADC_GetFlagStatus)
    i.ADC_GetResetCalibrationStatus          0x08000846   Section        0  stm32f10x_adc.o(i.ADC_GetResetCalibrationStatus)
    i.ADC_Init                               0x0800085c   Section        0  stm32f10x_adc.o(i.ADC_Init)
    i.ADC_RegularChannelConfig               0x080008ac   Section        0  stm32f10x_adc.o(i.ADC_RegularChannelConfig)
    i.ADC_ResetCalibration                   0x08000964   Section        0  stm32f10x_adc.o(i.ADC_ResetCalibration)
    i.ADC_SoftwareStartConvCmd               0x0800096e   Section        0  stm32f10x_adc.o(i.ADC_SoftwareStartConvCmd)
    i.ADC_StartCalibration                   0x08000984   Section        0  stm32f10x_adc.o(i.ADC_StartCalibration)
    i.BusFault_Handler                       0x0800098e   Section        0  stm32f10x_it.o(i.BusFault_Handler)
    i.CheckVelocity                          0x08000994   Section        0  port.o(i.CheckVelocity)
    i.DebugMon_Handler                       0x080009b8   Section        0  stm32f10x_it.o(i.DebugMon_Handler)
    i.Delay                                  0x080009ba   Section        0  delay.o(i.Delay)
    i.DoCmd                                  0x080009c4   Section        0  usart1process.o(i.DoCmd)
    i.DriveProcess                           0x08000a0c   Section        0  usart1process.o(i.DriveProcess)
    i.FLASH_PrefetchBufferCmd                0x08000af0   Section        0  stm32f10x_flash.o(i.FLASH_PrefetchBufferCmd)
    i.FLASH_SetLatency                       0x08000b0c   Section        0  stm32f10x_flash.o(i.FLASH_SetLatency)
    i.FM24CxxByteRead                        0x08000b24   Section        0  fm24cxx.o(i.FM24CxxByteRead)
    i.FM24CxxByteWrite                       0x08000b9c   Section        0  fm24cxx.o(i.FM24CxxByteWrite)
    i.FM24CxxRandomContinuesReadCh           0x08000bf0   Section        0  fm24cxx.o(i.FM24CxxRandomContinuesReadCh)
    i.FM24CxxRandomContinuesWriteCh          0x08000c90   Section        0  fm24cxx.o(i.FM24CxxRandomContinuesWriteCh)
    i.FillString                             0x08000d14   Section        0  dataoperation.o(i.FillString)
    i.GPIO_Configuration                     0x08000d28   Section        0  port.o(i.GPIO_Configuration)
    i.GPIO_Init                              0x08000eec   Section        0  stm32f10x_gpio.o(i.GPIO_Init)
    i.GPIO_PinRemapConfig                    0x08001004   Section        0  stm32f10x_gpio.o(i.GPIO_PinRemapConfig)
    i.GPIO_ReadInputDataBit                  0x08001094   Section        0  stm32f10x_gpio.o(i.GPIO_ReadInputDataBit)
    i.GPIO_ResetBits                         0x080010a6   Section        0  stm32f10x_gpio.o(i.GPIO_ResetBits)
    i.GPIO_SetBits                           0x080010aa   Section        0  stm32f10x_gpio.o(i.GPIO_SetBits)
    i.GetAdcprocess                          0x080010b0   Section        0  usart1process.o(i.GetAdcprocess)
    i.Get_adc                                0x080010ec   Section        0  adc.o(i.Get_adc)
    i.Get_adc_Average                        0x08001120   Section        0  adc.o(i.Get_adc_Average)
    i.HalI2cInit                             0x08001148   Section        0  port.o(i.HalI2cInit)
    i.Hal_I2C_LCD_Init                       0x08001180   Section        0  port.o(i.Hal_I2C_LCD_Init)
    i.HardFault_Handler                      0x080011b8   Section        0  stm32f10x_it.o(i.HardFault_Handler)
    i.I2C_Start                              0x080011bc   Section        0  oled_i2c.o(i.I2C_Start)
    i.I2C_Stop                               0x080011f8   Section        0  oled_i2c.o(i.I2C_Stop)
    i.I2C_WaitAck                            0x08001224   Section        0  oled_i2c.o(i.I2C_WaitAck)
    i.IICAck                                 0x08001258   Section        0  fm24cxx.o(i.IICAck)
    i.IICGetAck                              0x080012bc   Section        0  fm24cxx.o(i.IICGetAck)
    i.IICNoAck                               0x08001344   Section        0  fm24cxx.o(i.IICNoAck)
    i.IICStart                               0x080013a8   Section        0  fm24cxx.o(i.IICStart)
    i.IICStop                                0x0800142c   Section        0  fm24cxx.o(i.IICStop)
    i.IIC_delay                              0x08001480   Section        0  oled_i2c.o(i.IIC_delay)
    i.IWDG_Configuration                     0x08001490   Section        0  port.o(i.IWDG_Configuration)
    i.IWDG_Enable                            0x080014b4   Section        0  stm32f10x_iwdg.o(i.IWDG_Enable)
    i.IWDG_ReloadCounter                     0x080014c4   Section        0  stm32f10x_iwdg.o(i.IWDG_ReloadCounter)
    i.IWDG_SetPrescaler                      0x080014d4   Section        0  stm32f10x_iwdg.o(i.IWDG_SetPrescaler)
    i.IWDG_SetReload                         0x080014e0   Section        0  stm32f10x_iwdg.o(i.IWDG_SetReload)
    i.IWDG_WriteAccessCmd                    0x080014ec   Section        0  stm32f10x_iwdg.o(i.IWDG_WriteAccessCmd)
    i.InitProcess                            0x080014f8   Section        0  usart1process.o(i.InitProcess)
    i.KeyProcess                             0x0800153c   Section        0  usart1process.o(i.KeyProcess)
    i.MemManage_Handler                      0x080015cc   Section        0  stm32f10x_it.o(i.MemManage_Handler)
    i.NMI_Handler                            0x080015d0   Section        0  stm32f10x_it.o(i.NMI_Handler)
    i.NVIC_Init                              0x080015d4   Section        0  misc.o(i.NVIC_Init)
    i.NVIC_SetPriority                       0x08001644   Section        0  port.o(i.NVIC_SetPriority)
    NVIC_SetPriority                         0x08001645   Thumb Code    32  port.o(i.NVIC_SetPriority)
    i.OLED_CLS                               0x0800166c   Section        0  oled_i2c.o(i.OLED_CLS)
    i.OLED_Fill                              0x08001676   Section        0  oled_i2c.o(i.OLED_Fill)
    i.OLED_Init                              0x080016b0   Section        0  oled_i2c.o(i.OLED_Init)
    i.OLED_SetPos                            0x08001762   Section        0  oled_i2c.o(i.OLED_SetPos)
    i.OLED_ShowStr                           0x0800178c   Section        0  oled_i2c.o(i.OLED_ShowStr)
    i.OutputInit                             0x08001878   Section        0  port.o(i.OutputInit)
    i.PWM_Int                                0x080018a4   Section        0  pwm.o(i.PWM_Int)
    i.PendSV_Handler                         0x08001964   Section        0  stm32f10x_it.o(i.PendSV_Handler)
    i.RCC_ADCCLKConfig                       0x08001968   Section        0  stm32f10x_rcc.o(i.RCC_ADCCLKConfig)
    i.RCC_APB1PeriphClockCmd                 0x08001980   Section        0  stm32f10x_rcc.o(i.RCC_APB1PeriphClockCmd)
    i.RCC_APB2PeriphClockCmd                 0x080019a0   Section        0  stm32f10x_rcc.o(i.RCC_APB2PeriphClockCmd)
    i.RCC_APB2PeriphResetCmd                 0x080019c0   Section        0  stm32f10x_rcc.o(i.RCC_APB2PeriphResetCmd)
    i.RCC_Configuration                      0x080019e0   Section        0  port.o(i.RCC_Configuration)
    i.RCC_DeInit                             0x08001a54   Section        0  stm32f10x_rcc.o(i.RCC_DeInit)
    i.RCC_GetClocksFreq                      0x08001aa0   Section        0  stm32f10x_rcc.o(i.RCC_GetClocksFreq)
    i.RCC_GetFlagStatus                      0x08001b78   Section        0  stm32f10x_rcc.o(i.RCC_GetFlagStatus)
    i.RCC_GetSYSCLKSource                    0x08001bb4   Section        0  stm32f10x_rcc.o(i.RCC_GetSYSCLKSource)
    i.RCC_HCLKConfig                         0x08001bc4   Section        0  stm32f10x_rcc.o(i.RCC_HCLKConfig)
    i.RCC_HSEConfig                          0x08001bdc   Section        0  stm32f10x_rcc.o(i.RCC_HSEConfig)
    i.RCC_PCLK1Config                        0x08001c28   Section        0  stm32f10x_rcc.o(i.RCC_PCLK1Config)
    i.RCC_PCLK2Config                        0x08001c40   Section        0  stm32f10x_rcc.o(i.RCC_PCLK2Config)
    i.RCC_PLLCmd                             0x08001c58   Section        0  stm32f10x_rcc.o(i.RCC_PLLCmd)
    i.RCC_PLLConfig                          0x08001c64   Section        0  stm32f10x_rcc.o(i.RCC_PLLConfig)
    i.RCC_SYSCLKConfig                       0x08001c80   Section        0  stm32f10x_rcc.o(i.RCC_SYSCLKConfig)
    i.RCC_WaitForHSEStartUp                  0x08001c98   Section        0  stm32f10x_rcc.o(i.RCC_WaitForHSEStartUp)
    i.SVC_Handler                            0x08001cd0   Section        0  stm32f10x_it.o(i.SVC_Handler)
    i.Send_Byte                              0x08001cd4   Section        0  oled_i2c.o(i.Send_Byte)
    i.SetSysClock                            0x08001d28   Section        0  system_stm32f10x.o(i.SetSysClock)
    SetSysClock                              0x08001d29   Thumb Code     8  system_stm32f10x.o(i.SetSysClock)
    i.SetSysClockTo72                        0x08001d30   Section        0  system_stm32f10x.o(i.SetSysClockTo72)
    SetSysClockTo72                          0x08001d31   Thumb Code   214  system_stm32f10x.o(i.SetSysClockTo72)
    i.Set_PWM                                0x08001e10   Section        0  pwm.o(i.Set_PWM)
    i.Sleep                                  0x08001e6c   Section        0  port.o(i.Sleep)
    i.SysTick_Configuration                  0x08001e84   Section        0  port.o(i.SysTick_Configuration)
    i.SysTick_Handler                        0x08001ed8   Section        0  stm32f10x_it.o(i.SysTick_Handler)
    i.SystemInit                             0x08001f50   Section        0  system_stm32f10x.o(i.SystemInit)
    i.TIM_ARRPreloadConfig                   0x08001fb0   Section        0  stm32f10x_tim.o(i.TIM_ARRPreloadConfig)
    i.TIM_Cmd                                0x08001fc8   Section        0  stm32f10x_tim.o(i.TIM_Cmd)
    i.TIM_OC1Init                            0x08001fe0   Section        0  stm32f10x_tim.o(i.TIM_OC1Init)
    i.TIM_OC1PreloadConfig                   0x08002078   Section        0  stm32f10x_tim.o(i.TIM_OC1PreloadConfig)
    i.TIM_OC2Init                            0x0800208c   Section        0  stm32f10x_tim.o(i.TIM_OC2Init)
    i.TIM_OC2PreloadConfig                   0x08002130   Section        0  stm32f10x_tim.o(i.TIM_OC2PreloadConfig)
    i.TIM_OC3Init                            0x0800214c   Section        0  stm32f10x_tim.o(i.TIM_OC3Init)
    i.TIM_OC3PreloadConfig                   0x080021ec   Section        0  stm32f10x_tim.o(i.TIM_OC3PreloadConfig)
    i.TIM_OC4Init                            0x08002200   Section        0  stm32f10x_tim.o(i.TIM_OC4Init)
    i.TIM_OC4PreloadConfig                   0x0800227c   Section        0  stm32f10x_tim.o(i.TIM_OC4PreloadConfig)
    i.TIM_SetCompare1                        0x08002296   Section        0  stm32f10x_tim.o(i.TIM_SetCompare1)
    i.TIM_SetCompare2                        0x0800229a   Section        0  stm32f10x_tim.o(i.TIM_SetCompare2)
    i.TIM_SetCompare3                        0x0800229e   Section        0  stm32f10x_tim.o(i.TIM_SetCompare3)
    i.TIM_SetCompare4                        0x080022a2   Section        0  stm32f10x_tim.o(i.TIM_SetCompare4)
    i.TIM_TimeBaseInit                       0x080022a8   Section        0  stm32f10x_tim.o(i.TIM_TimeBaseInit)
    i.U16HighLowByteSwap                     0x0800234c   Section        0  dataoperation.o(i.U16HighLowByteSwap)
    i.U32HighLowByteSwap                     0x0800235e   Section        0  dataoperation.o(i.U32HighLowByteSwap)
    i.USART1_Configuration                   0x08002378   Section        0  uart1.o(i.USART1_Configuration)
    i.USART1_IRQHandler                      0x08002450   Section        0  stm32f10x_it.o(i.USART1_IRQHandler)
    i.USART_ClearITPendingBit                0x0800253c   Section        0  stm32f10x_usart.o(i.USART_ClearITPendingBit)
    i.USART_Cmd                              0x0800255a   Section        0  stm32f10x_usart.o(i.USART_Cmd)
    i.USART_DMACmd                           0x08002572   Section        0  stm32f10x_usart.o(i.USART_DMACmd)
    i.USART_GetITStatus                      0x08002584   Section        0  stm32f10x_usart.o(i.USART_GetITStatus)
    i.USART_ITConfig                         0x080025d8   Section        0  stm32f10x_usart.o(i.USART_ITConfig)
    i.USART_Init                             0x08002624   Section        0  stm32f10x_usart.o(i.USART_Init)
    i.UsageFault_Handler                     0x080026fc   Section        0  stm32f10x_it.o(i.UsageFault_Handler)
    i.Usart1Process                          0x08002700   Section        0  usart1process.o(i.Usart1Process)
    i.Usart1Receive                          0x08002718   Section        0  usart1process.o(i.Usart1Receive)
    i.Usart1RxStatusClr                      0x08002740   Section        0  uart1.o(i.Usart1RxStatusClr)
    i.Usart1RxTimeOverCheck                  0x08002760   Section        0  uart1.o(i.Usart1RxTimeOverCheck)
    i.WriteCmd                               0x08002780   Section        0  oled_i2c.o(i.WriteCmd)
    i.WriteDat                               0x080027ac   Section        0  oled_i2c.o(i.WriteDat)
    i.__0sprintf                             0x080027d8   Section        0  printfa.o(i.__0sprintf)
    i.__scatterload_copy                     0x08002800   Section       14  handlers.o(i.__scatterload_copy)
    i.__scatterload_null                     0x0800280e   Section        2  handlers.o(i.__scatterload_null)
    i.__scatterload_zeroinit                 0x08002810   Section       14  handlers.o(i.__scatterload_zeroinit)
    i._fp_digits                             0x08002820   Section        0  printfa.o(i._fp_digits)
    _fp_digits                               0x08002821   Thumb Code   366  printfa.o(i._fp_digits)
    i._printf_core                           0x080029a4   Section        0  printfa.o(i._printf_core)
    _printf_core                             0x080029a5   Thumb Code  1704  printfa.o(i._printf_core)
    i._printf_post_padding                   0x08003058   Section        0  printfa.o(i._printf_post_padding)
    _printf_post_padding                     0x08003059   Thumb Code    36  printfa.o(i._printf_post_padding)
    i._printf_pre_padding                    0x0800307c   Section        0  printfa.o(i._printf_pre_padding)
    _printf_pre_padding                      0x0800307d   Thumb Code    46  printfa.o(i._printf_pre_padding)
    i._sputc                                 0x080030aa   Section        0  printfa.o(i._sputc)
    _sputc                                   0x080030ab   Thumb Code    10  printfa.o(i._sputc)
    i.adc_Init                               0x080030b4   Section        0  adc.o(i.adc_Init)
    i.display_to_lcd_twr                     0x08003140   Section        0  usart1process.o(i.display_to_lcd_twr)
    i.main                                   0x08003220   Section        0  main.o(i.main)
    i.myabs                                  0x08003234   Section        0  pwm.o(i.myabs)
    i.parameter_init                         0x0800323c   Section        0  port.o(i.parameter_init)
    i.peripherals_init                       0x08003274   Section        0  port.o(i.peripherals_init)
    i.portGetTickCnt                         0x080032a4   Section        0  port.o(i.portGetTickCnt)
    .constdata                               0x080032b0   Section     2072  oled_i2c.o(.constdata)
    .data                                    0x20000000   Section       20  system_stm32f10x.o(.data)
    .data                                    0x20000014   Section       20  stm32f10x_rcc.o(.data)
    APBAHBPrescTable                         0x20000014   Data          16  stm32f10x_rcc.o(.data)
    ADCPrescTable                            0x20000024   Data           4  stm32f10x_rcc.o(.data)
    .data                                    0x20000028   Section       24  usart1process.o(.data)
    display_idx                              0x2000003c   Data           4  usart1process.o(.data)
    .data                                    0x20000040   Section        3  fm24cxx.o(.data)
    .data                                    0x20000044   Section        5  stm32f10x_it.o(.data)
    .bss                                     0x2000004c   Section       24  usart1process.o(.bss)
    .bss                                     0x20000064   Section      512  port.o(.bss)
    .bss                                     0x20000264   Section      116  uart1.o(.bss)
    STACK                                    0x200002d8   Section     1024  startup_stm32f10x_hd.o(STACK)

    Global Symbols

    Symbol Name                              Value     Ov Type        Size  Object(Section)

    BuildAttributes$$THM_ISAv4$P$D$K$B$S$PE$A:L22UL41UL21$X:L11$S22US41US21$IEEE1$IW$USESV6$~STKCKD$USESV7$~SHL$OTIME$ROPI$EBA8$MICROLIB$REQ8$PRES8$EABIv2 0x00000000   Number         0  anon$$obj.o ABSOLUTE
    __ARM_use_no_argv                        0x00000000   Number         0  main.o ABSOLUTE
    _printf_a                                0x00000000   Number         0  stubs.o ABSOLUTE
    _printf_c                                0x00000000   Number         0  stubs.o ABSOLUTE
    _printf_charcount                        0x00000000   Number         0  stubs.o ABSOLUTE
    _printf_d                                0x00000000   Number         0  stubs.o ABSOLUTE
    _printf_e                                0x00000000   Number         0  stubs.o ABSOLUTE
    _printf_f                                0x00000000   Number         0  stubs.o ABSOLUTE
    _printf_flags                            0x00000000   Number         0  stubs.o ABSOLUTE
    _printf_fp_dec                           0x00000000   Number         0  stubs.o ABSOLUTE
    _printf_fp_hex                           0x00000000   Number         0  stubs.o ABSOLUTE
    _printf_g                                0x00000000   Number         0  stubs.o ABSOLUTE
    _printf_i                                0x00000000   Number         0  stubs.o ABSOLUTE
    _printf_int_dec                          0x00000000   Number         0  stubs.o ABSOLUTE
    _printf_l                                0x00000000   Number         0  stubs.o ABSOLUTE
    _printf_lc                               0x00000000   Number         0  stubs.o ABSOLUTE
    _printf_ll                               0x00000000   Number         0  stubs.o ABSOLUTE
    _printf_lld                              0x00000000   Number         0  stubs.o ABSOLUTE
    _printf_lli                              0x00000000   Number         0  stubs.o ABSOLUTE
    _printf_llo                              0x00000000   Number         0  stubs.o ABSOLUTE
    _printf_llu                              0x00000000   Number         0  stubs.o ABSOLUTE
    _printf_llx                              0x00000000   Number         0  stubs.o ABSOLUTE
    _printf_longlong_dec                     0x00000000   Number         0  stubs.o ABSOLUTE
    _printf_longlong_hex                     0x00000000   Number         0  stubs.o ABSOLUTE
    _printf_longlong_oct                     0x00000000   Number         0  stubs.o ABSOLUTE
    _printf_ls                               0x00000000   Number         0  stubs.o ABSOLUTE
    _printf_mbtowc                           0x00000000   Number         0  stubs.o ABSOLUTE
    _printf_n                                0x00000000   Number         0  stubs.o ABSOLUTE
    _printf_o                                0x00000000   Number         0  stubs.o ABSOLUTE
    _printf_p                                0x00000000   Number         0  stubs.o ABSOLUTE
    _printf_percent                          0x00000000   Number         0  stubs.o ABSOLUTE
    _printf_pre_padding                      0x00000000   Number         0  stubs.o ABSOLUTE
    _printf_return_value                     0x00000000   Number         0  stubs.o ABSOLUTE
    _printf_s                                0x00000000   Number         0  stubs.o ABSOLUTE
    _printf_sizespec                         0x00000000   Number         0  stubs.o ABSOLUTE
    _printf_str                              0x00000000   Number         0  stubs.o ABSOLUTE
    _printf_truncate_signed                  0x00000000   Number         0  stubs.o ABSOLUTE
    _printf_truncate_unsigned                0x00000000   Number         0  stubs.o ABSOLUTE
    _printf_u                                0x00000000   Number         0  stubs.o ABSOLUTE
    _printf_wc                               0x00000000   Number         0  stubs.o ABSOLUTE
    _printf_wctomb                           0x00000000   Number         0  stubs.o ABSOLUTE
    _printf_widthprec                        0x00000000   Number         0  stubs.o ABSOLUTE
    _printf_x                                0x00000000   Number         0  stubs.o ABSOLUTE
    __arm_fini_                               - Undefined Weak Reference
    __cpp_initialize__aeabi_                  - Undefined Weak Reference
    __cxa_finalize                            - Undefined Weak Reference
    __decompress                              - Undefined Weak Reference
    _clock_init                               - Undefined Weak Reference
    _microlib_exit                            - Undefined Weak Reference
    __Vectors_Size                           0x00000130   Number         0  startup_stm32f10x_hd.o ABSOLUTE
    __Vectors                                0x08000000   Data           4  startup_stm32f10x_hd.o(RESET)
    __Vectors_End                            0x08000130   Data           0  startup_stm32f10x_hd.o(RESET)
    __main                                   0x08000131   Thumb Code     0  entry.o(.ARM.Collect$$$$00000000)
    _main_stk                                0x08000131   Thumb Code     0  entry2.o(.ARM.Collect$$$$00000001)
    _main_scatterload                        0x08000135   Thumb Code     0  entry5.o(.ARM.Collect$$$$00000004)
    __main_after_scatterload                 0x08000139   Thumb Code     0  entry5.o(.ARM.Collect$$$$00000004)
    _main_clock                              0x08000139   Thumb Code     0  entry7b.o(.ARM.Collect$$$$00000008)
    _main_cpp_init                           0x08000139   Thumb Code     0  entry8b.o(.ARM.Collect$$$$0000000A)
    _main_init                               0x08000139   Thumb Code     0  entry9a.o(.ARM.Collect$$$$0000000B)
    __rt_lib_shutdown_fini                   0x08000141   Thumb Code     0  entry12b.o(.ARM.Collect$$$$0000000E)
    __rt_final_cpp                           0x08000145   Thumb Code     0  entry10a.o(.ARM.Collect$$$$0000000F)
    __rt_final_exit                          0x08000145   Thumb Code     0  entry11a.o(.ARM.Collect$$$$00000011)
    Reset_Handler                            0x08000149   Thumb Code     8  startup_stm32f10x_hd.o(.text)
    ADC1_2_IRQHandler                        0x08000163   Thumb Code     0  startup_stm32f10x_hd.o(.text)
    ADC3_IRQHandler                          0x08000163   Thumb Code     0  startup_stm32f10x_hd.o(.text)
    CAN1_RX1_IRQHandler                      0x08000163   Thumb Code     0  startup_stm32f10x_hd.o(.text)
    CAN1_SCE_IRQHandler                      0x08000163   Thumb Code     0  startup_stm32f10x_hd.o(.text)
    DMA1_Channel1_IRQHandler                 0x08000163   Thumb Code     0  startup_stm32f10x_hd.o(.text)
    DMA1_Channel2_IRQHandler                 0x08000163   Thumb Code     0  startup_stm32f10x_hd.o(.text)
    DMA1_Channel3_IRQHandler                 0x08000163   Thumb Code     0  startup_stm32f10x_hd.o(.text)
    DMA1_Channel4_IRQHandler                 0x08000163   Thumb Code     0  startup_stm32f10x_hd.o(.text)
    DMA1_Channel5_IRQHandler                 0x08000163   Thumb Code     0  startup_stm32f10x_hd.o(.text)
    DMA1_Channel6_IRQHandler                 0x08000163   Thumb Code     0  startup_stm32f10x_hd.o(.text)
    DMA1_Channel7_IRQHandler                 0x08000163   Thumb Code     0  startup_stm32f10x_hd.o(.text)
    DMA2_Channel1_IRQHandler                 0x08000163   Thumb Code     0  startup_stm32f10x_hd.o(.text)
    DMA2_Channel2_IRQHandler                 0x08000163   Thumb Code     0  startup_stm32f10x_hd.o(.text)
    DMA2_Channel3_IRQHandler                 0x08000163   Thumb Code     0  startup_stm32f10x_hd.o(.text)
    DMA2_Channel4_5_IRQHandler               0x08000163   Thumb Code     0  startup_stm32f10x_hd.o(.text)
    EXTI0_IRQHandler                         0x08000163   Thumb Code     0  startup_stm32f10x_hd.o(.text)
    EXTI15_10_IRQHandler                     0x08000163   Thumb Code     0  startup_stm32f10x_hd.o(.text)
    EXTI1_IRQHandler                         0x08000163   Thumb Code     0  startup_stm32f10x_hd.o(.text)
    EXTI2_IRQHandler                         0x08000163   Thumb Code     0  startup_stm32f10x_hd.o(.text)
    EXTI3_IRQHandler                         0x08000163   Thumb Code     0  startup_stm32f10x_hd.o(.text)
    EXTI4_IRQHandler                         0x08000163   Thumb Code     0  startup_stm32f10x_hd.o(.text)
    EXTI9_5_IRQHandler                       0x08000163   Thumb Code     0  startup_stm32f10x_hd.o(.text)
    FLASH_IRQHandler                         0x08000163   Thumb Code     0  startup_stm32f10x_hd.o(.text)
    FSMC_IRQHandler                          0x08000163   Thumb Code     0  startup_stm32f10x_hd.o(.text)
    I2C1_ER_IRQHandler                       0x08000163   Thumb Code     0  startup_stm32f10x_hd.o(.text)
    I2C1_EV_IRQHandler                       0x08000163   Thumb Code     0  startup_stm32f10x_hd.o(.text)
    I2C2_ER_IRQHandler                       0x08000163   Thumb Code     0  startup_stm32f10x_hd.o(.text)
    I2C2_EV_IRQHandler                       0x08000163   Thumb Code     0  startup_stm32f10x_hd.o(.text)
    PVD_IRQHandler                           0x08000163   Thumb Code     0  startup_stm32f10x_hd.o(.text)
    RCC_IRQHandler                           0x08000163   Thumb Code     0  startup_stm32f10x_hd.o(.text)
    RTCAlarm_IRQHandler                      0x08000163   Thumb Code     0  startup_stm32f10x_hd.o(.text)
    RTC_IRQHandler                           0x08000163   Thumb Code     0  startup_stm32f10x_hd.o(.text)
    SDIO_IRQHandler                          0x08000163   Thumb Code     0  startup_stm32f10x_hd.o(.text)
    SPI1_IRQHandler                          0x08000163   Thumb Code     0  startup_stm32f10x_hd.o(.text)
    SPI2_IRQHandler                          0x08000163   Thumb Code     0  startup_stm32f10x_hd.o(.text)
    SPI3_IRQHandler                          0x08000163   Thumb Code     0  startup_stm32f10x_hd.o(.text)
    TAMPER_IRQHandler                        0x08000163   Thumb Code     0  startup_stm32f10x_hd.o(.text)
    TIM1_BRK_IRQHandler                      0x08000163   Thumb Code     0  startup_stm32f10x_hd.o(.text)
    TIM1_CC_IRQHandler                       0x08000163   Thumb Code     0  startup_stm32f10x_hd.o(.text)
    TIM1_TRG_COM_IRQHandler                  0x08000163   Thumb Code     0  startup_stm32f10x_hd.o(.text)
    TIM1_UP_IRQHandler                       0x08000163   Thumb Code     0  startup_stm32f10x_hd.o(.text)
    TIM2_IRQHandler                          0x08000163   Thumb Code     0  startup_stm32f10x_hd.o(.text)
    TIM3_IRQHandler                          0x08000163   Thumb Code     0  startup_stm32f10x_hd.o(.text)
    TIM4_IRQHandler                          0x08000163   Thumb Code     0  startup_stm32f10x_hd.o(.text)
    TIM5_IRQHandler                          0x08000163   Thumb Code     0  startup_stm32f10x_hd.o(.text)
    TIM6_IRQHandler                          0x08000163   Thumb Code     0  startup_stm32f10x_hd.o(.text)
    TIM7_IRQHandler                          0x08000163   Thumb Code     0  startup_stm32f10x_hd.o(.text)
    TIM8_BRK_IRQHandler                      0x08000163   Thumb Code     0  startup_stm32f10x_hd.o(.text)
    TIM8_CC_IRQHandler                       0x08000163   Thumb Code     0  startup_stm32f10x_hd.o(.text)
    TIM8_TRG_COM_IRQHandler                  0x08000163   Thumb Code     0  startup_stm32f10x_hd.o(.text)
    TIM8_UP_IRQHandler                       0x08000163   Thumb Code     0  startup_stm32f10x_hd.o(.text)
    UART4_IRQHandler                         0x08000163   Thumb Code     0  startup_stm32f10x_hd.o(.text)
    UART5_IRQHandler                         0x08000163   Thumb Code     0  startup_stm32f10x_hd.o(.text)
    USART2_IRQHandler                        0x08000163   Thumb Code     0  startup_stm32f10x_hd.o(.text)
    USART3_IRQHandler                        0x08000163   Thumb Code     0  startup_stm32f10x_hd.o(.text)
    USBWakeUp_IRQHandler                     0x08000163   Thumb Code     0  startup_stm32f10x_hd.o(.text)
    USB_HP_CAN1_TX_IRQHandler                0x08000163   Thumb Code     0  startup_stm32f10x_hd.o(.text)
    USB_LP_CAN1_RX0_IRQHandler               0x08000163   Thumb Code     0  startup_stm32f10x_hd.o(.text)
    WWDG_IRQHandler                          0x08000163   Thumb Code     0  startup_stm32f10x_hd.o(.text)
    __aeabi_memset                           0x0800016d   Thumb Code    14  memseta.o(.text)
    __aeabi_memset4                          0x0800016d   Thumb Code     0  memseta.o(.text)
    __aeabi_memset8                          0x0800016d   Thumb Code     0  memseta.o(.text)
    __aeabi_memclr                           0x0800017b   Thumb Code     4  memseta.o(.text)
    __aeabi_memclr4                          0x0800017b   Thumb Code     0  memseta.o(.text)
    __aeabi_memclr8                          0x0800017b   Thumb Code     0  memseta.o(.text)
    _memset$wrapper                          0x0800017f   Thumb Code    18  memseta.o(.text)
    __aeabi_dmul                             0x08000191   Thumb Code   228  dmul.o(.text)
    __aeabi_ui2f                             0x08000275   Thumb Code    10  ffltui.o(.text)
    __aeabi_f2d                              0x0800027f   Thumb Code    38  f2d.o(.text)
    __aeabi_d2f                              0x080002a5   Thumb Code    56  d2f.o(.text)
    __aeabi_uidiv                            0x080002dd   Thumb Code     0  uidiv.o(.text)
    __aeabi_uidivmod                         0x080002dd   Thumb Code    44  uidiv.o(.text)
    __aeabi_uldivmod                         0x08000309   Thumb Code    98  uldiv.o(.text)
    __I$use$fp                               0x0800036b   Thumb Code     0  iusefp.o(.text)
    _float_round                             0x0800036b   Thumb Code    18  fepilogue.o(.text)
    _float_epilogue                          0x0800037d   Thumb Code    92  fepilogue.o(.text)
    _double_round                            0x080003d9   Thumb Code    30  depilogue.o(.text)
    _double_epilogue                         0x080003f7   Thumb Code   156  depilogue.o(.text)
    __aeabi_dadd                             0x08000493   Thumb Code   322  dadd.o(.text)
    __aeabi_dsub                             0x080005d5   Thumb Code     6  dadd.o(.text)
    __aeabi_drsub                            0x080005db   Thumb Code     6  dadd.o(.text)
    __aeabi_ddiv                             0x080005e1   Thumb Code   222  ddiv.o(.text)
    __aeabi_d2ulz                            0x080006bf   Thumb Code    48  dfixul.o(.text)
    __aeabi_cdrcmple                         0x080006f1   Thumb Code    48  cdrcmple.o(.text)
    __scatterload                            0x08000721   Thumb Code    28  init.o(.text)
    __scatterload_rt2                        0x08000721   Thumb Code     0  init.o(.text)
    __aeabi_llsl                             0x08000745   Thumb Code    30  llshl.o(.text)
    _ll_shift_l                              0x08000745   Thumb Code     0  llshl.o(.text)
    __aeabi_llsr                             0x08000763   Thumb Code    32  llushr.o(.text)
    _ll_ushift_r                             0x08000763   Thumb Code     0  llushr.o(.text)
    __aeabi_lasr                             0x08000783   Thumb Code    36  llsshr.o(.text)
    _ll_sshift_r                             0x08000783   Thumb Code     0  llsshr.o(.text)
    ADC_Cmd                                  0x080007a7   Thumb Code    22  stm32f10x_adc.o(i.ADC_Cmd)
    ADC_DeInit                               0x080007bd   Thumb Code    78  stm32f10x_adc.o(i.ADC_DeInit)
    ADC_GetCalibrationStatus                 0x08000819   Thumb Code    20  stm32f10x_adc.o(i.ADC_GetCalibrationStatus)
    ADC_GetConversionValue                   0x0800082d   Thumb Code     8  stm32f10x_adc.o(i.ADC_GetConversionValue)
    ADC_GetFlagStatus                        0x08000835   Thumb Code    18  stm32f10x_adc.o(i.ADC_GetFlagStatus)
    ADC_GetResetCalibrationStatus            0x08000847   Thumb Code    20  stm32f10x_adc.o(i.ADC_GetResetCalibrationStatus)
    ADC_Init                                 0x0800085d   Thumb Code    70  stm32f10x_adc.o(i.ADC_Init)
    ADC_RegularChannelConfig                 0x080008ad   Thumb Code   184  stm32f10x_adc.o(i.ADC_RegularChannelConfig)
    ADC_ResetCalibration                     0x08000965   Thumb Code    10  stm32f10x_adc.o(i.ADC_ResetCalibration)
    ADC_SoftwareStartConvCmd                 0x0800096f   Thumb Code    22  stm32f10x_adc.o(i.ADC_SoftwareStartConvCmd)
    ADC_StartCalibration                     0x08000985   Thumb Code    10  stm32f10x_adc.o(i.ADC_StartCalibration)
    BusFault_Handler                         0x0800098f   Thumb Code     4  stm32f10x_it.o(i.BusFault_Handler)
    CheckVelocity                            0x08000995   Thumb Code    32  port.o(i.CheckVelocity)
    DebugMon_Handler                         0x080009b9   Thumb Code     2  stm32f10x_it.o(i.DebugMon_Handler)
    Delay                                    0x080009bb   Thumb Code    10  delay.o(i.Delay)
    DoCmd                                    0x080009c5   Thumb Code    64  usart1process.o(i.DoCmd)
    DriveProcess                             0x08000a0d   Thumb Code   212  usart1process.o(i.DriveProcess)
    FLASH_PrefetchBufferCmd                  0x08000af1   Thumb Code    22  stm32f10x_flash.o(i.FLASH_PrefetchBufferCmd)
    FLASH_SetLatency                         0x08000b0d   Thumb Code    18  stm32f10x_flash.o(i.FLASH_SetLatency)
    FM24CxxByteRead                          0x08000b25   Thumb Code   114  fm24cxx.o(i.FM24CxxByteRead)
    FM24CxxByteWrite                         0x08000b9d   Thumb Code    80  fm24cxx.o(i.FM24CxxByteWrite)
    FM24CxxRandomContinuesReadCh             0x08000bf1   Thumb Code   154  fm24cxx.o(i.FM24CxxRandomContinuesReadCh)
    FM24CxxRandomContinuesWriteCh            0x08000c91   Thumb Code   128  fm24cxx.o(i.FM24CxxRandomContinuesWriteCh)
    FillString                               0x08000d15   Thumb Code    18  dataoperation.o(i.FillString)
    GPIO_Configuration                       0x08000d29   Thumb Code   428  port.o(i.GPIO_Configuration)
    GPIO_Init                                0x08000eed   Thumb Code   278  stm32f10x_gpio.o(i.GPIO_Init)
    GPIO_PinRemapConfig                      0x08001005   Thumb Code   138  stm32f10x_gpio.o(i.GPIO_PinRemapConfig)
    GPIO_ReadInputDataBit                    0x08001095   Thumb Code    18  stm32f10x_gpio.o(i.GPIO_ReadInputDataBit)
    GPIO_ResetBits                           0x080010a7   Thumb Code     4  stm32f10x_gpio.o(i.GPIO_ResetBits)
    GPIO_SetBits                             0x080010ab   Thumb Code     4  stm32f10x_gpio.o(i.GPIO_SetBits)
    GetAdcprocess                            0x080010b1   Thumb Code    52  usart1process.o(i.GetAdcprocess)
    Get_adc                                  0x080010ed   Thumb Code    46  adc.o(i.Get_adc)
    Get_adc_Average                          0x08001121   Thumb Code    40  adc.o(i.Get_adc_Average)
    HalI2cInit                               0x08001149   Thumb Code    36  port.o(i.HalI2cInit)
    Hal_I2C_LCD_Init                         0x08001181   Thumb Code    52  port.o(i.Hal_I2C_LCD_Init)
    HardFault_Handler                        0x080011b9   Thumb Code     4  stm32f10x_it.o(i.HardFault_Handler)
    I2C_Start                                0x080011bd   Thumb Code    56  oled_i2c.o(i.I2C_Start)
    I2C_Stop                                 0x080011f9   Thumb Code    38  oled_i2c.o(i.I2C_Stop)
    I2C_WaitAck                              0x08001225   Thumb Code    46  oled_i2c.o(i.I2C_WaitAck)
    IICAck                                   0x08001259   Thumb Code    94  fm24cxx.o(i.IICAck)
    IICGetAck                                0x080012bd   Thumb Code   132  fm24cxx.o(i.IICGetAck)
    IICNoAck                                 0x08001345   Thumb Code    94  fm24cxx.o(i.IICNoAck)
    IICStart                                 0x080013a9   Thumb Code   126  fm24cxx.o(i.IICStart)
    IICStop                                  0x0800142d   Thumb Code    80  fm24cxx.o(i.IICStop)
    IIC_delay                                0x08001481   Thumb Code    16  oled_i2c.o(i.IIC_delay)
    IWDG_Configuration                       0x08001491   Thumb Code    34  port.o(i.IWDG_Configuration)
    IWDG_Enable                              0x080014b5   Thumb Code    10  stm32f10x_iwdg.o(i.IWDG_Enable)
    IWDG_ReloadCounter                       0x080014c5   Thumb Code    10  stm32f10x_iwdg.o(i.IWDG_ReloadCounter)
    IWDG_SetPrescaler                        0x080014d5   Thumb Code     6  stm32f10x_iwdg.o(i.IWDG_SetPrescaler)
    IWDG_SetReload                           0x080014e1   Thumb Code     6  stm32f10x_iwdg.o(i.IWDG_SetReload)
    IWDG_WriteAccessCmd                      0x080014ed   Thumb Code     6  stm32f10x_iwdg.o(i.IWDG_WriteAccessCmd)
    InitProcess                              0x080014f9   Thumb Code    58  usart1process.o(i.InitProcess)
    KeyProcess                               0x0800153d   Thumb Code   126  usart1process.o(i.KeyProcess)
    MemManage_Handler                        0x080015cd   Thumb Code     4  stm32f10x_it.o(i.MemManage_Handler)
    NMI_Handler                              0x080015d1   Thumb Code     2  stm32f10x_it.o(i.NMI_Handler)
    NVIC_Init                                0x080015d5   Thumb Code   100  misc.o(i.NVIC_Init)
    OLED_CLS                                 0x0800166d   Thumb Code    10  oled_i2c.o(i.OLED_CLS)
    OLED_Fill                                0x08001677   Thumb Code    58  oled_i2c.o(i.OLED_Fill)
    OLED_Init                                0x080016b1   Thumb Code   178  oled_i2c.o(i.OLED_Init)
    OLED_SetPos                              0x08001763   Thumb Code    40  oled_i2c.o(i.OLED_SetPos)
    OLED_ShowStr                             0x0800178d   Thumb Code   228  oled_i2c.o(i.OLED_ShowStr)
    OutputInit                               0x08001879   Thumb Code    34  port.o(i.OutputInit)
    PWM_Int                                  0x080018a5   Thumb Code   182  pwm.o(i.PWM_Int)
    PendSV_Handler                           0x08001965   Thumb Code     2  stm32f10x_it.o(i.PendSV_Handler)
    RCC_ADCCLKConfig                         0x08001969   Thumb Code    18  stm32f10x_rcc.o(i.RCC_ADCCLKConfig)
    RCC_APB1PeriphClockCmd                   0x08001981   Thumb Code    26  stm32f10x_rcc.o(i.RCC_APB1PeriphClockCmd)
    RCC_APB2PeriphClockCmd                   0x080019a1   Thumb Code    26  stm32f10x_rcc.o(i.RCC_APB2PeriphClockCmd)
    RCC_APB2PeriphResetCmd                   0x080019c1   Thumb Code    26  stm32f10x_rcc.o(i.RCC_APB2PeriphResetCmd)
    RCC_Configuration                        0x080019e1   Thumb Code   114  port.o(i.RCC_Configuration)
    RCC_DeInit                               0x08001a55   Thumb Code    64  stm32f10x_rcc.o(i.RCC_DeInit)
    RCC_GetClocksFreq                        0x08001aa1   Thumb Code   192  stm32f10x_rcc.o(i.RCC_GetClocksFreq)
    RCC_GetFlagStatus                        0x08001b79   Thumb Code    56  stm32f10x_rcc.o(i.RCC_GetFlagStatus)
    RCC_GetSYSCLKSource                      0x08001bb5   Thumb Code    10  stm32f10x_rcc.o(i.RCC_GetSYSCLKSource)
    RCC_HCLKConfig                           0x08001bc5   Thumb Code    18  stm32f10x_rcc.o(i.RCC_HCLKConfig)
    RCC_HSEConfig                            0x08001bdd   Thumb Code    70  stm32f10x_rcc.o(i.RCC_HSEConfig)
    RCC_PCLK1Config                          0x08001c29   Thumb Code    18  stm32f10x_rcc.o(i.RCC_PCLK1Config)
    RCC_PCLK2Config                          0x08001c41   Thumb Code    20  stm32f10x_rcc.o(i.RCC_PCLK2Config)
    RCC_PLLCmd                               0x08001c59   Thumb Code     6  stm32f10x_rcc.o(i.RCC_PLLCmd)
    RCC_PLLConfig                            0x08001c65   Thumb Code    24  stm32f10x_rcc.o(i.RCC_PLLConfig)
    RCC_SYSCLKConfig                         0x08001c81   Thumb Code    18  stm32f10x_rcc.o(i.RCC_SYSCLKConfig)
    RCC_WaitForHSEStartUp                    0x08001c99   Thumb Code    56  stm32f10x_rcc.o(i.RCC_WaitForHSEStartUp)
    SVC_Handler                              0x08001cd1   Thumb Code     2  stm32f10x_it.o(i.SVC_Handler)
    Send_Byte                                0x08001cd5   Thumb Code    78  oled_i2c.o(i.Send_Byte)
    Set_PWM                                  0x08001e11   Thumb Code    88  pwm.o(i.Set_PWM)
    Sleep                                    0x08001e6d   Thumb Code    24  port.o(i.Sleep)
    SysTick_Configuration                    0x08001e85   Thumb Code    78  port.o(i.SysTick_Configuration)
    SysTick_Handler                          0x08001ed9   Thumb Code   102  stm32f10x_it.o(i.SysTick_Handler)
    SystemInit                               0x08001f51   Thumb Code    78  system_stm32f10x.o(i.SystemInit)
    TIM_ARRPreloadConfig                     0x08001fb1   Thumb Code    24  stm32f10x_tim.o(i.TIM_ARRPreloadConfig)
    TIM_Cmd                                  0x08001fc9   Thumb Code    24  stm32f10x_tim.o(i.TIM_Cmd)
    TIM_OC1Init                              0x08001fe1   Thumb Code   132  stm32f10x_tim.o(i.TIM_OC1Init)
    TIM_OC1PreloadConfig                     0x08002079   Thumb Code    18  stm32f10x_tim.o(i.TIM_OC1PreloadConfig)
    TIM_OC2Init                              0x0800208d   Thumb Code   154  stm32f10x_tim.o(i.TIM_OC2Init)
    TIM_OC2PreloadConfig                     0x08002131   Thumb Code    26  stm32f10x_tim.o(i.TIM_OC2PreloadConfig)
    TIM_OC3Init                              0x0800214d   Thumb Code   150  stm32f10x_tim.o(i.TIM_OC3Init)
    TIM_OC3PreloadConfig                     0x080021ed   Thumb Code    18  stm32f10x_tim.o(i.TIM_OC3PreloadConfig)
    TIM_OC4Init                              0x08002201   Thumb Code   114  stm32f10x_tim.o(i.TIM_OC4Init)
    TIM_OC4PreloadConfig                     0x0800227d   Thumb Code    26  stm32f10x_tim.o(i.TIM_OC4PreloadConfig)
    TIM_SetCompare1                          0x08002297   Thumb Code     4  stm32f10x_tim.o(i.TIM_SetCompare1)
    TIM_SetCompare2                          0x0800229b   Thumb Code     4  stm32f10x_tim.o(i.TIM_SetCompare2)
    TIM_SetCompare3                          0x0800229f   Thumb Code     4  stm32f10x_tim.o(i.TIM_SetCompare3)
    TIM_SetCompare4                          0x080022a3   Thumb Code     6  stm32f10x_tim.o(i.TIM_SetCompare4)
    TIM_TimeBaseInit                         0x080022a9   Thumb Code   122  stm32f10x_tim.o(i.TIM_TimeBaseInit)
    U16HighLowByteSwap                       0x0800234d   Thumb Code    18  dataoperation.o(i.U16HighLowByteSwap)
    U32HighLowByteSwap                       0x0800235f   Thumb Code    26  dataoperation.o(i.U32HighLowByteSwap)
    USART1_Configuration                     0x08002379   Thumb Code   206  uart1.o(i.USART1_Configuration)
    USART1_IRQHandler                        0x08002451   Thumb Code   228  stm32f10x_it.o(i.USART1_IRQHandler)
    USART_ClearITPendingBit                  0x0800253d   Thumb Code    30  stm32f10x_usart.o(i.USART_ClearITPendingBit)
    USART_Cmd                                0x0800255b   Thumb Code    24  stm32f10x_usart.o(i.USART_Cmd)
    USART_DMACmd                             0x08002573   Thumb Code    18  stm32f10x_usart.o(i.USART_DMACmd)
    USART_GetITStatus                        0x08002585   Thumb Code    84  stm32f10x_usart.o(i.USART_GetITStatus)
    USART_ITConfig                           0x080025d9   Thumb Code    74  stm32f10x_usart.o(i.USART_ITConfig)
    USART_Init                               0x08002625   Thumb Code   210  stm32f10x_usart.o(i.USART_Init)
    UsageFault_Handler                       0x080026fd   Thumb Code     4  stm32f10x_it.o(i.UsageFault_Handler)
    Usart1Process                            0x08002701   Thumb Code    24  usart1process.o(i.Usart1Process)
    Usart1Receive                            0x08002719   Thumb Code    34  usart1process.o(i.Usart1Receive)
    Usart1RxStatusClr                        0x08002741   Thumb Code    26  uart1.o(i.Usart1RxStatusClr)
    Usart1RxTimeOverCheck                    0x08002761   Thumb Code    28  uart1.o(i.Usart1RxTimeOverCheck)
    WriteCmd                                 0x08002781   Thumb Code    44  oled_i2c.o(i.WriteCmd)
    WriteDat                                 0x080027ad   Thumb Code    44  oled_i2c.o(i.WriteDat)
    __0sprintf                               0x080027d9   Thumb Code    34  printfa.o(i.__0sprintf)
    __1sprintf                               0x080027d9   Thumb Code     0  printfa.o(i.__0sprintf)
    __2sprintf                               0x080027d9   Thumb Code     0  printfa.o(i.__0sprintf)
    __c89sprintf                             0x080027d9   Thumb Code     0  printfa.o(i.__0sprintf)
    sprintf                                  0x080027d9   Thumb Code     0  printfa.o(i.__0sprintf)
    __scatterload_copy                       0x08002801   Thumb Code    14  handlers.o(i.__scatterload_copy)
    __scatterload_null                       0x0800280f   Thumb Code     2  handlers.o(i.__scatterload_null)
    __scatterload_zeroinit                   0x08002811   Thumb Code    14  handlers.o(i.__scatterload_zeroinit)
    adc_Init                                 0x080030b5   Thumb Code   132  adc.o(i.adc_Init)
    display_to_lcd_twr                       0x08003141   Thumb Code   160  usart1process.o(i.display_to_lcd_twr)
    main                                     0x08003221   Thumb Code    20  main.o(i.main)
    myabs                                    0x08003235   Thumb Code     8  pwm.o(i.myabs)
    parameter_init                           0x0800323d   Thumb Code    46  port.o(i.parameter_init)
    peripherals_init                         0x08003275   Thumb Code    48  port.o(i.peripherals_init)
    portGetTickCnt                           0x080032a5   Thumb Code     6  port.o(i.portGetTickCnt)
    F6x8                                     0x080032b0   Data         552  oled_i2c.o(.constdata)
    F8X16                                    0x080034d8   Data        1520  oled_i2c.o(.constdata)
    Region$$Table$$Base                      0x08003ac8   Number         0  anon$$obj.o(Region$$Table)
    Region$$Table$$Limit                     0x08003ae8   Number         0  anon$$obj.o(Region$$Table)
    SystemCoreClock                          0x20000000   Data           4  system_stm32f10x.o(.data)
    AHBPrescTable                            0x20000004   Data          16  system_stm32f10x.o(.data)
    IntTime32_incr                           0x20000028   Data           4  usart1process.o(.data)
    KeyB1                                    0x2000002c   Data           8  usart1process.o(.data)
    KeyB2                                    0x20000034   Data           8  usart1process.o(.data)
    FM24_Count                               0x20000040   Data           1  fm24cxx.o(.data)
    TestFlag                                 0x20000041   Data           1  fm24cxx.o(.data)
    ChipAddr                                 0x20000042   Data           1  fm24cxx.o(.data)
    time32_incr                              0x20000044   Data           4  stm32f10x_it.o(.data)
    end_flag                                 0x20000048   Data           1  stm32f10x_it.o(.data)
    TagTrans                                 0x2000004c   Data          12  usart1process.o(.bss)
    MotorData                                0x20000058   Data          12  usart1process.o(.bss)
    SystemPar                                0x20000064   Data         512  port.o(.bss)
    Usart1                                   0x20000264   Data         116  uart1.o(.bss)
    __initial_sp                             0x200006d8   Data           0  startup_stm32f10x_hd.o(STACK)



==============================================================================

Memory Map of the image

  Image Entry point : 0x08000131

  Load Region LR_IROM1 (Base: 0x08000000, Size: 0x00003b34, Max: 0x00080000, ABSOLUTE)

    Execution Region ER_IROM1 (Exec base: 0x08000000, Load base: 0x08000000, Size: 0x00003ae8, Max: 0x00080000, ABSOLUTE)

    Exec Addr    Load Addr    Size         Type   Attr      Idx    E Section Name        Object

    0x08000000   0x08000000   0x00000130   Data   RO            3    RESET               startup_stm32f10x_hd.o
    0x08000130   0x08000130   0x00000000   Code   RO         3710  * .ARM.Collect$$$$00000000  mc_w.l(entry.o)
    0x08000130   0x08000130   0x00000004   Code   RO         3984    .ARM.Collect$$$$00000001  mc_w.l(entry2.o)
    0x08000134   0x08000134   0x00000004   Code   RO         3987    .ARM.Collect$$$$00000004  mc_w.l(entry5.o)
    0x08000138   0x08000138   0x00000000   Code   RO         3989    .ARM.Collect$$$$00000008  mc_w.l(entry7b.o)
    0x08000138   0x08000138   0x00000000   Code   RO         3991    .ARM.Collect$$$$0000000A  mc_w.l(entry8b.o)
    0x08000138   0x08000138   0x00000008   Code   RO         3992    .ARM.Collect$$$$0000000B  mc_w.l(entry9a.o)
    0x08000140   0x08000140   0x00000004   Code   RO         3999    .ARM.Collect$$$$0000000E  mc_w.l(entry12b.o)
    0x08000144   0x08000144   0x00000000   Code   RO         3994    .ARM.Collect$$$$0000000F  mc_w.l(entry10a.o)
    0x08000144   0x08000144   0x00000000   Code   RO         3996    .ARM.Collect$$$$00000011  mc_w.l(entry11a.o)
    0x08000144   0x08000144   0x00000004   Code   RO         3985    .ARM.Collect$$$$00002712  mc_w.l(entry2.o)
    0x08000148   0x08000148   0x00000024   Code   RO            4    .text               startup_stm32f10x_hd.o
    0x0800016c   0x0800016c   0x00000024   Code   RO         3713    .text               mc_w.l(memseta.o)
    0x08000190   0x08000190   0x000000e4   Code   RO         3976    .text               mf_w.l(dmul.o)
    0x08000274   0x08000274   0x0000000a   Code   RO         3978    .text               mf_w.l(ffltui.o)
    0x0800027e   0x0800027e   0x00000026   Code   RO         3980    .text               mf_w.l(f2d.o)
    0x080002a4   0x080002a4   0x00000038   Code   RO         3982    .text               mf_w.l(d2f.o)
    0x080002dc   0x080002dc   0x0000002c   Code   RO         4003    .text               mc_w.l(uidiv.o)
    0x08000308   0x08000308   0x00000062   Code   RO         4005    .text               mc_w.l(uldiv.o)
    0x0800036a   0x0800036a   0x00000000   Code   RO         4007    .text               mc_w.l(iusefp.o)
    0x0800036a   0x0800036a   0x0000006e   Code   RO         4008    .text               mf_w.l(fepilogue.o)
    0x080003d8   0x080003d8   0x000000ba   Code   RO         4010    .text               mf_w.l(depilogue.o)
    0x08000492   0x08000492   0x0000014e   Code   RO         4012    .text               mf_w.l(dadd.o)
    0x080005e0   0x080005e0   0x000000de   Code   RO         4014    .text               mf_w.l(ddiv.o)
    0x080006be   0x080006be   0x00000030   Code   RO         4016    .text               mf_w.l(dfixul.o)
    0x080006ee   0x080006ee   0x00000002   PAD
    0x080006f0   0x080006f0   0x00000030   Code   RO         4018    .text               mf_w.l(cdrcmple.o)
    0x08000720   0x08000720   0x00000024   Code   RO         4020    .text               mc_w.l(init.o)
    0x08000744   0x08000744   0x0000001e   Code   RO         4023    .text               mc_w.l(llshl.o)
    0x08000762   0x08000762   0x00000020   Code   RO         4025    .text               mc_w.l(llushr.o)
    0x08000782   0x08000782   0x00000024   Code   RO         4027    .text               mc_w.l(llsshr.o)
    0x080007a6   0x080007a6   0x00000016   Code   RO          183    i.ADC_Cmd           stm32f10x_adc.o
    0x080007bc   0x080007bc   0x0000005c   Code   RO          185    i.ADC_DeInit        stm32f10x_adc.o
    0x08000818   0x08000818   0x00000014   Code   RO          191    i.ADC_GetCalibrationStatus  stm32f10x_adc.o
    0x0800082c   0x0800082c   0x00000008   Code   RO          192    i.ADC_GetConversionValue  stm32f10x_adc.o
    0x08000834   0x08000834   0x00000012   Code   RO          194    i.ADC_GetFlagStatus  stm32f10x_adc.o
    0x08000846   0x08000846   0x00000014   Code   RO          197    i.ADC_GetResetCalibrationStatus  stm32f10x_adc.o
    0x0800085a   0x0800085a   0x00000002   PAD
    0x0800085c   0x0800085c   0x00000050   Code   RO          201    i.ADC_Init          stm32f10x_adc.o
    0x080008ac   0x080008ac   0x000000b8   Code   RO          205    i.ADC_RegularChannelConfig  stm32f10x_adc.o
    0x08000964   0x08000964   0x0000000a   Code   RO          206    i.ADC_ResetCalibration  stm32f10x_adc.o
    0x0800096e   0x0800096e   0x00000016   Code   RO          208    i.ADC_SoftwareStartConvCmd  stm32f10x_adc.o
    0x08000984   0x08000984   0x0000000a   Code   RO          210    i.ADC_StartCalibration  stm32f10x_adc.o
    0x0800098e   0x0800098e   0x00000004   Code   RO         3641    i.BusFault_Handler  stm32f10x_it.o
    0x08000992   0x08000992   0x00000002   PAD
    0x08000994   0x08000994   0x00000024   Code   RO         3245    i.CheckVelocity     port.o
    0x080009b8   0x080009b8   0x00000002   Code   RO         3642    i.DebugMon_Handler  stm32f10x_it.o
    0x080009ba   0x080009ba   0x0000000a   Code   RO         3363    i.Delay             delay.o
    0x080009c4   0x080009c4   0x00000048   Code   RO         3183    i.DoCmd             usart1process.o
    0x08000a0c   0x08000a0c   0x000000e4   Code   RO         3184    i.DriveProcess      usart1process.o
    0x08000af0   0x08000af0   0x0000001c   Code   RO         1009    i.FLASH_PrefetchBufferCmd  stm32f10x_flash.o
    0x08000b0c   0x08000b0c   0x00000018   Code   RO         1014    i.FLASH_SetLatency  stm32f10x_flash.o
    0x08000b24   0x08000b24   0x00000078   Code   RO         3387    i.FM24CxxByteRead   fm24cxx.o
    0x08000b9c   0x08000b9c   0x00000054   Code   RO         3388    i.FM24CxxByteWrite  fm24cxx.o
    0x08000bf0   0x08000bf0   0x000000a0   Code   RO         3389    i.FM24CxxRandomContinuesReadCh  fm24cxx.o
    0x08000c90   0x08000c90   0x00000084   Code   RO         3390    i.FM24CxxRandomContinuesWriteCh  fm24cxx.o
    0x08000d14   0x08000d14   0x00000012   Code   RO         3339    i.FillString        dataoperation.o
    0x08000d26   0x08000d26   0x00000002   PAD
    0x08000d28   0x08000d28   0x000001c4   Code   RO         3246    i.GPIO_Configuration  port.o
    0x08000eec   0x08000eec   0x00000116   Code   RO         1292    i.GPIO_Init         stm32f10x_gpio.o
    0x08001002   0x08001002   0x00000002   PAD
    0x08001004   0x08001004   0x00000090   Code   RO         1294    i.GPIO_PinRemapConfig  stm32f10x_gpio.o
    0x08001094   0x08001094   0x00000012   Code   RO         1296    i.GPIO_ReadInputDataBit  stm32f10x_gpio.o
    0x080010a6   0x080010a6   0x00000004   Code   RO         1299    i.GPIO_ResetBits    stm32f10x_gpio.o
    0x080010aa   0x080010aa   0x00000004   Code   RO         1300    i.GPIO_SetBits      stm32f10x_gpio.o
    0x080010ae   0x080010ae   0x00000002   PAD
    0x080010b0   0x080010b0   0x0000003c   Code   RO         3185    i.GetAdcprocess     usart1process.o
    0x080010ec   0x080010ec   0x00000034   Code   RO         3490    i.Get_adc           adc.o
    0x08001120   0x08001120   0x00000028   Code   RO         3491    i.Get_adc_Average   adc.o
    0x08001148   0x08001148   0x00000038   Code   RO         3247    i.HalI2cInit        port.o
    0x08001180   0x08001180   0x00000038   Code   RO         3248    i.Hal_I2C_LCD_Init  port.o
    0x080011b8   0x080011b8   0x00000004   Code   RO         3643    i.HardFault_Handler  stm32f10x_it.o
    0x080011bc   0x080011bc   0x0000003c   Code   RO         3541    i.I2C_Start         oled_i2c.o
    0x080011f8   0x080011f8   0x0000002c   Code   RO         3542    i.I2C_Stop          oled_i2c.o
    0x08001224   0x08001224   0x00000034   Code   RO         3543    i.I2C_WaitAck       oled_i2c.o
    0x08001258   0x08001258   0x00000064   Code   RO         3391    i.IICAck            fm24cxx.o
    0x080012bc   0x080012bc   0x00000088   Code   RO         3392    i.IICGetAck         fm24cxx.o
    0x08001344   0x08001344   0x00000064   Code   RO         3393    i.IICNoAck          fm24cxx.o
    0x080013a8   0x080013a8   0x00000084   Code   RO         3394    i.IICStart          fm24cxx.o
    0x0800142c   0x0800142c   0x00000054   Code   RO         3395    i.IICStop           fm24cxx.o
    0x08001480   0x08001480   0x00000010   Code   RO         3544    i.IIC_delay         oled_i2c.o
    0x08001490   0x08001490   0x00000022   Code   RO         3249    i.IWDG_Configuration  port.o
    0x080014b2   0x080014b2   0x00000002   PAD
    0x080014b4   0x080014b4   0x00000010   Code   RO         1604    i.IWDG_Enable       stm32f10x_iwdg.o
    0x080014c4   0x080014c4   0x00000010   Code   RO         1606    i.IWDG_ReloadCounter  stm32f10x_iwdg.o
    0x080014d4   0x080014d4   0x0000000c   Code   RO         1607    i.IWDG_SetPrescaler  stm32f10x_iwdg.o
    0x080014e0   0x080014e0   0x0000000c   Code   RO         1608    i.IWDG_SetReload    stm32f10x_iwdg.o
    0x080014ec   0x080014ec   0x0000000c   Code   RO         1609    i.IWDG_WriteAccessCmd  stm32f10x_iwdg.o
    0x080014f8   0x080014f8   0x00000044   Code   RO         3186    i.InitProcess       usart1process.o
    0x0800153c   0x0800153c   0x00000090   Code   RO         3187    i.KeyProcess        usart1process.o
    0x080015cc   0x080015cc   0x00000004   Code   RO         3644    i.MemManage_Handler  stm32f10x_it.o
    0x080015d0   0x080015d0   0x00000002   Code   RO         3645    i.NMI_Handler       stm32f10x_it.o
    0x080015d2   0x080015d2   0x00000002   PAD
    0x080015d4   0x080015d4   0x00000070   Code   RO          137    i.NVIC_Init         misc.o
    0x08001644   0x08001644   0x00000028   Code   RO         3250    i.NVIC_SetPriority  port.o
    0x0800166c   0x0800166c   0x0000000a   Code   RO         3545    i.OLED_CLS          oled_i2c.o
    0x08001676   0x08001676   0x0000003a   Code   RO         3547    i.OLED_Fill         oled_i2c.o
    0x080016b0   0x080016b0   0x000000b2   Code   RO         3548    i.OLED_Init         oled_i2c.o
    0x08001762   0x08001762   0x00000028   Code   RO         3551    i.OLED_SetPos       oled_i2c.o
    0x0800178a   0x0800178a   0x00000002   PAD
    0x0800178c   0x0800178c   0x000000ec   Code   RO         3552    i.OLED_ShowStr      oled_i2c.o
    0x08001878   0x08001878   0x0000002c   Code   RO         3251    i.OutputInit        port.o
    0x080018a4   0x080018a4   0x000000c0   Code   RO         3514    i.PWM_Int           pwm.o
    0x08001964   0x08001964   0x00000002   Code   RO         3646    i.PendSV_Handler    stm32f10x_it.o
    0x08001966   0x08001966   0x00000002   PAD
    0x08001968   0x08001968   0x00000018   Code   RO         1706    i.RCC_ADCCLKConfig  stm32f10x_rcc.o
    0x08001980   0x08001980   0x00000020   Code   RO         1708    i.RCC_APB1PeriphClockCmd  stm32f10x_rcc.o
    0x080019a0   0x080019a0   0x00000020   Code   RO         1710    i.RCC_APB2PeriphClockCmd  stm32f10x_rcc.o
    0x080019c0   0x080019c0   0x00000020   Code   RO         1711    i.RCC_APB2PeriphResetCmd  stm32f10x_rcc.o
    0x080019e0   0x080019e0   0x00000072   Code   RO         3252    i.RCC_Configuration  port.o
    0x08001a52   0x08001a52   0x00000002   PAD
    0x08001a54   0x08001a54   0x0000004c   Code   RO         1717    i.RCC_DeInit        stm32f10x_rcc.o
    0x08001aa0   0x08001aa0   0x000000d8   Code   RO         1718    i.RCC_GetClocksFreq  stm32f10x_rcc.o
    0x08001b78   0x08001b78   0x0000003c   Code   RO         1719    i.RCC_GetFlagStatus  stm32f10x_rcc.o
    0x08001bb4   0x08001bb4   0x00000010   Code   RO         1721    i.RCC_GetSYSCLKSource  stm32f10x_rcc.o
    0x08001bc4   0x08001bc4   0x00000018   Code   RO         1722    i.RCC_HCLKConfig    stm32f10x_rcc.o
    0x08001bdc   0x08001bdc   0x0000004c   Code   RO         1723    i.RCC_HSEConfig     stm32f10x_rcc.o
    0x08001c28   0x08001c28   0x00000018   Code   RO         1729    i.RCC_PCLK1Config   stm32f10x_rcc.o
    0x08001c40   0x08001c40   0x00000018   Code   RO         1730    i.RCC_PCLK2Config   stm32f10x_rcc.o
    0x08001c58   0x08001c58   0x0000000c   Code   RO         1731    i.RCC_PLLCmd        stm32f10x_rcc.o
    0x08001c64   0x08001c64   0x0000001c   Code   RO         1732    i.RCC_PLLConfig     stm32f10x_rcc.o
    0x08001c80   0x08001c80   0x00000018   Code   RO         1735    i.RCC_SYSCLKConfig  stm32f10x_rcc.o
    0x08001c98   0x08001c98   0x00000038   Code   RO         1737    i.RCC_WaitForHSEStartUp  stm32f10x_rcc.o
    0x08001cd0   0x08001cd0   0x00000002   Code   RO         3647    i.SVC_Handler       stm32f10x_it.o
    0x08001cd2   0x08001cd2   0x00000002   PAD
    0x08001cd4   0x08001cd4   0x00000054   Code   RO         3553    i.Send_Byte         oled_i2c.o
    0x08001d28   0x08001d28   0x00000008   Code   RO           24    i.SetSysClock       system_stm32f10x.o
    0x08001d30   0x08001d30   0x000000e0   Code   RO           25    i.SetSysClockTo72   system_stm32f10x.o
    0x08001e10   0x08001e10   0x0000005c   Code   RO         3515    i.Set_PWM           pwm.o
    0x08001e6c   0x08001e6c   0x00000018   Code   RO         3253    i.Sleep             port.o
    0x08001e84   0x08001e84   0x00000054   Code   RO         3254    i.SysTick_Configuration  port.o
    0x08001ed8   0x08001ed8   0x00000078   Code   RO         3648    i.SysTick_Handler   stm32f10x_it.o
    0x08001f50   0x08001f50   0x00000060   Code   RO           27    i.SystemInit        system_stm32f10x.o
    0x08001fb0   0x08001fb0   0x00000018   Code   RO         2330    i.TIM_ARRPreloadConfig  stm32f10x_tim.o
    0x08001fc8   0x08001fc8   0x00000018   Code   RO         2342    i.TIM_Cmd           stm32f10x_tim.o
    0x08001fe0   0x08001fe0   0x00000098   Code   RO         2371    i.TIM_OC1Init       stm32f10x_tim.o
    0x08002078   0x08002078   0x00000012   Code   RO         2374    i.TIM_OC1PreloadConfig  stm32f10x_tim.o
    0x0800208a   0x0800208a   0x00000002   PAD
    0x0800208c   0x0800208c   0x000000a4   Code   RO         2376    i.TIM_OC2Init       stm32f10x_tim.o
    0x08002130   0x08002130   0x0000001a   Code   RO         2379    i.TIM_OC2PreloadConfig  stm32f10x_tim.o
    0x0800214a   0x0800214a   0x00000002   PAD
    0x0800214c   0x0800214c   0x000000a0   Code   RO         2381    i.TIM_OC3Init       stm32f10x_tim.o
    0x080021ec   0x080021ec   0x00000012   Code   RO         2384    i.TIM_OC3PreloadConfig  stm32f10x_tim.o
    0x080021fe   0x080021fe   0x00000002   PAD
    0x08002200   0x08002200   0x0000007c   Code   RO         2386    i.TIM_OC4Init       stm32f10x_tim.o
    0x0800227c   0x0800227c   0x0000001a   Code   RO         2388    i.TIM_OC4PreloadConfig  stm32f10x_tim.o
    0x08002296   0x08002296   0x00000004   Code   RO         2403    i.TIM_SetCompare1   stm32f10x_tim.o
    0x0800229a   0x0800229a   0x00000004   Code   RO         2404    i.TIM_SetCompare2   stm32f10x_tim.o
    0x0800229e   0x0800229e   0x00000004   Code   RO         2405    i.TIM_SetCompare3   stm32f10x_tim.o
    0x080022a2   0x080022a2   0x00000006   Code   RO         2406    i.TIM_SetCompare4   stm32f10x_tim.o
    0x080022a8   0x080022a8   0x000000a4   Code   RO         2413    i.TIM_TimeBaseInit  stm32f10x_tim.o
    0x0800234c   0x0800234c   0x00000012   Code   RO         3340    i.U16HighLowByteSwap  dataoperation.o
    0x0800235e   0x0800235e   0x0000001a   Code   RO         3341    i.U32HighLowByteSwap  dataoperation.o
    0x08002378   0x08002378   0x000000d8   Code   RO         3460    i.USART1_Configuration  uart1.o
    0x08002450   0x08002450   0x000000ec   Code   RO         3649    i.USART1_IRQHandler  stm32f10x_it.o
    0x0800253c   0x0800253c   0x0000001e   Code   RO         2875    i.USART_ClearITPendingBit  stm32f10x_usart.o
    0x0800255a   0x0800255a   0x00000018   Code   RO         2878    i.USART_Cmd         stm32f10x_usart.o
    0x08002572   0x08002572   0x00000012   Code   RO         2879    i.USART_DMACmd      stm32f10x_usart.o
    0x08002584   0x08002584   0x00000054   Code   RO         2882    i.USART_GetITStatus  stm32f10x_usart.o
    0x080025d8   0x080025d8   0x0000004a   Code   RO         2884    i.USART_ITConfig    stm32f10x_usart.o
    0x08002622   0x08002622   0x00000002   PAD
    0x08002624   0x08002624   0x000000d8   Code   RO         2885    i.USART_Init        stm32f10x_usart.o
    0x080026fc   0x080026fc   0x00000004   Code   RO         3650    i.UsageFault_Handler  stm32f10x_it.o
    0x08002700   0x08002700   0x00000018   Code   RO         3188    i.Usart1Process     usart1process.o
    0x08002718   0x08002718   0x00000028   Code   RO         3189    i.Usart1Receive     usart1process.o
    0x08002740   0x08002740   0x00000020   Code   RO         3461    i.Usart1RxStatusClr  uart1.o
    0x08002760   0x08002760   0x00000020   Code   RO         3462    i.Usart1RxTimeOverCheck  uart1.o
    0x08002780   0x08002780   0x0000002c   Code   RO         3554    i.WriteCmd          oled_i2c.o
    0x080027ac   0x080027ac   0x0000002c   Code   RO         3555    i.WriteDat          oled_i2c.o
    0x080027d8   0x080027d8   0x00000028   Code   RO         3950    i.__0sprintf        mc_w.l(printfa.o)
    0x08002800   0x08002800   0x0000000e   Code   RO         4032    i.__scatterload_copy  mc_w.l(handlers.o)
    0x0800280e   0x0800280e   0x00000002   Code   RO         4033    i.__scatterload_null  mc_w.l(handlers.o)
    0x08002810   0x08002810   0x0000000e   Code   RO         4034    i.__scatterload_zeroinit  mc_w.l(handlers.o)
    0x0800281e   0x0800281e   0x00000002   PAD
    0x08002820   0x08002820   0x00000184   Code   RO         3955    i._fp_digits        mc_w.l(printfa.o)
    0x080029a4   0x080029a4   0x000006b4   Code   RO         3956    i._printf_core      mc_w.l(printfa.o)
    0x08003058   0x08003058   0x00000024   Code   RO         3957    i._printf_post_padding  mc_w.l(printfa.o)
    0x0800307c   0x0800307c   0x0000002e   Code   RO         3958    i._printf_pre_padding  mc_w.l(printfa.o)
    0x080030aa   0x080030aa   0x0000000a   Code   RO         3960    i._sputc            mc_w.l(printfa.o)
    0x080030b4   0x080030b4   0x0000008c   Code   RO         3492    i.adc_Init          adc.o
    0x08003140   0x08003140   0x000000e0   Code   RO         3190    i.display_to_lcd_twr  usart1process.o
    0x08003220   0x08003220   0x00000014   Code   RO         3108    i.main              main.o
    0x08003234   0x08003234   0x00000008   Code   RO         3516    i.myabs             pwm.o
    0x0800323c   0x0800323c   0x00000038   Code   RO         3255    i.parameter_init    port.o
    0x08003274   0x08003274   0x00000030   Code   RO         3256    i.peripherals_init  port.o
    0x080032a4   0x080032a4   0x0000000c   Code   RO         3257    i.portGetTickCnt    port.o
    0x080032b0   0x080032b0   0x00000818   Data   RO         3556    .constdata          oled_i2c.o
    0x08003ac8   0x08003ac8   0x00000020   Data   RO         4030    Region$$Table       anon$$obj.o


    Execution Region RW_IRAM1 (Exec base: 0x20000000, Load base: 0x08003ae8, Size: 0x000006d8, Max: 0x00010000, ABSOLUTE)

    Exec Addr    Load Addr    Size         Type   Attr      Idx    E Section Name        Object

    0x20000000   0x08003ae8   0x00000014   Data   RW           28    .data               system_stm32f10x.o
    0x20000014   0x08003afc   0x00000014   Data   RW         1738    .data               stm32f10x_rcc.o
    0x20000028   0x08003b10   0x00000018   Data   RW         3192    .data               usart1process.o
    0x20000040   0x08003b28   0x00000003   Data   RW         3398    .data               fm24cxx.o
    0x20000043   0x08003b2b   0x00000001   PAD
    0x20000044   0x08003b2c   0x00000005   Data   RW         3651    .data               stm32f10x_it.o
    0x20000049   0x08003b31   0x00000003   PAD
    0x2000004c        -       0x00000018   Zero   RW         3191    .bss                usart1process.o
    0x20000064        -       0x00000200   Zero   RW         3258    .bss                port.o
    0x20000264        -       0x00000074   Zero   RW         3463    .bss                uart1.o
    0x200002d8        -       0x00000400   Zero   RW            1    STACK               startup_stm32f10x_hd.o


==============================================================================

Image component sizes


      Code (inc. data)   RO Data    RW Data    ZI Data      Debug   Object Name

       232         14          0          0          0       1919   adc.o
         0          0          0          0          0       4516   core_cm3.o
        62          0          0          0          0       2275   dataoperation.o
        10          0          0          0          0        508   delay.o
      1048         46          0          3          0       7969   fm24cxx.o
        20          0          0          0          0       1579   main.o
       112         12          0          0          0       1224   misc.o
       866         30       2072          0          0       7796   oled_i2c.o
      1056         92          0          0        512      25267   port.o
       292         14          0          0          0       2020   pwm.o
        36          8        304          0       1024        956   startup_stm32f10x_hd.o
       486         24          0          0          0       9726   stm32f10x_adc.o
        52         12          0          0          0       1285   stm32f10x_flash.o
       448          6          0          0          0       5070   stm32f10x_gpio.o
       380         26          0          5          0       5657   stm32f10x_it.o
        68         30          0          0          0       2934   stm32f10x_iwdg.o
       756        108          0         20          0      13298   stm32f10x_rcc.o
       918         92          0          0          0      11180   stm32f10x_tim.o
       446          6          0          0          0       6347   stm32f10x_usart.o
       328         28          0         20          0     261201   system_stm32f10x.o
       280         20          0          0        116       3104   uart1.o
       860        130          0         24         24       5679   usart1process.o

    ----------------------------------------------------------------------
      8786        698       2408         76       1676     381510   Object Totals
         0          0         32          0          0          0   (incl. Generated)
        30          0          0          4          0          0   (incl. Padding)

    ----------------------------------------------------------------------

      Code (inc. data)   RO Data    RW Data    ZI Data      Debug   Library Member Name

         0          0          0          0          0          0   entry.o
         0          0          0          0          0          0   entry10a.o
         0          0          0          0          0          0   entry11a.o
         4          0          0          0          0          0   entry12b.o
         8          4          0          0          0          0   entry2.o
         4          0          0          0          0          0   entry5.o
         0          0          0          0          0          0   entry7b.o
         0          0          0          0          0          0   entry8b.o
         8          4          0          0          0          0   entry9a.o
        30          0          0          0          0          0   handlers.o
        36          8          0          0          0         68   init.o
         0          0          0          0          0          0   iusefp.o
        30          0          0          0          0         68   llshl.o
        36          0          0          0          0         68   llsshr.o
        32          0          0          0          0         68   llushr.o
        36          0          0          0          0        108   memseta.o
      2236         86          0          0          0        532   printfa.o
        44          0          0          0          0         80   uidiv.o
        98          0          0          0          0         92   uldiv.o
        48          0          0          0          0         68   cdrcmple.o
        56          0          0          0          0         88   d2f.o
       334          0          0          0          0        148   dadd.o
       222          0          0          0          0        100   ddiv.o
       186          0          0          0          0        176   depilogue.o
        48          0          0          0          0         68   dfixul.o
       228          0          0          0          0         96   dmul.o
        38          0          0          0          0         68   f2d.o
       110          0          0          0          0        168   fepilogue.o
        10          0          0          0          0         68   ffltui.o

    ----------------------------------------------------------------------
      3886        102          0          0          0       2132   Library Totals
         4          0          0          0          0          0   (incl. Padding)

    ----------------------------------------------------------------------

      Code (inc. data)   RO Data    RW Data    ZI Data      Debug   Library Name

      2602        102          0          0          0       1084   mc_w.l
      1280          0          0          0          0       1048   mf_w.l

    ----------------------------------------------------------------------
      3886        102          0          0          0       2132   Library Totals

    ----------------------------------------------------------------------

==============================================================================


      Code (inc. data)   RO Data    RW Data    ZI Data      Debug   

     12672        800       2408         76       1676     376202   Grand Totals
     12672        800       2408         76       1676     376202   ELF Image Totals
     12672        800       2408         76          0          0   ROM Totals

==============================================================================

    Total RO  Size (Code + RO Data)                15080 (  14.73kB)
    Total RW  Size (RW Data + ZI Data)              1752 (   1.71kB)
    Total ROM Size (Code + RO Data + RW Data)      15156 (  14.80kB)

==============================================================================

