Component: ARM Compiler 5.06 update 7 (build 960) Tool: armlink [4d3601]

==============================================================================

Section Cross References

    delay.o(.text) refers to system_stm32f10x.o(.data) for SystemCoreClock
    delay.o(.text) refers to delay.o(.data) for .data
    stm32f10x_it.o(.text) refers to delay.o(.text) for TimingDelay_Decrement
    stm32f10x_it.o(.text) refers to stm32f10x_tim.o(.text) for TIM_GetITStatus
    stm32f10x_it.o(.text) refers to timer.o(.text) for HalIwdgFeed
    osal.o(.text) refers to memcpya.o(.text) for __aeabi_memcpy
    osal.o(.text) refers to toupper.o(.text) for toupper
    osal.o(.text) refers to printfa.o(i.__0sprintf) for __2sprintf
    periph_init.o(.text) refers to stm32f10x_rcc.o(.text) for RCC_APB2PeriphClockCmd
    periph_init.o(.text) refers to stm32f10x_gpio.o(.text) for GPIO_Init
    periph_init.o(.text) refers to delay.o(.text) for Delay_ms
    timer.o(.text) refers to stm32f10x_iwdg.o(.text) for IWDG_WriteAccessCmd
    timer.o(.text) refers to misc.o(.text) for NVIC_PriorityGroupConfig
    timer.o(.text) refers to stm32f10x_rcc.o(.text) for RCC_APB2PeriphClockCmd
    timer.o(.text) refers to stm32f10x_tim.o(.text) for TIM_DeInit
    hal_usart.o(.text) refers to stm32f10x_dma.o(.text) for DMA_Cmd
    hal_usart.o(.text) refers to printfa.o(i.__0vsnprintf) for vsnprintf
    hal_usart.o(.text) refers to stm32f10x_rcc.o(.text) for RCC_AHBPeriphClockCmd
    hal_usart.o(.text) refers to stm32f10x_usart.o(.text) for USART_DMACmd
    hal_usart.o(.text) refers to stm32f10x_gpio.o(.text) for GPIO_Init
    hal_usart.o(.text) refers to misc.o(.text) for NVIC_PriorityGroupConfig
    hal_usart.o(.text) refers to hal_usart.o(.bss) for .bss
    uwb.o(.text) refers to memseta.o(.text) for __aeabi_memclr4
    uwb.o(.text) refers to osal.o(.text) for osal_CreateQueue
    uwb.o(.text) refers to memcpya.o(.text) for __aeabi_memcpy4
    uwb.o(.text) refers to stm32f10x_usart.o(.text) for USART_GetITStatus
    uwb.o(.text) refers to uwb.o(.bss) for .bss
    uwb.o(.text) refers to uwb.o(.data) for .data
    control.o(.text) refers to fadd.o(.text) for __aeabi_fadd
    control.o(.text) refers to fdiv.o(.text) for __aeabi_fdiv
    control.o(.text) refers to fflti.o(.text) for __aeabi_i2f
    control.o(.text) refers to fmul.o(.text) for __aeabi_fmul
    control.o(.text) refers to ffltui.o(.text) for __aeabi_ui2f
    control.o(.text) refers to roundf.o(i.roundf) for roundf
    control.o(.text) refers to ffixi.o(.text) for __aeabi_f2iz
    control.o(.text) refers to ffixui.o(.text) for __aeabi_f2uiz
    control.o(.text) refers to stm32f10x_i2c.o(.text) for I2C_GenerateSTOP
    control.o(.text) refers to stm32f10x_rcc.o(.text) for RCC_APB1PeriphClockCmd
    control.o(.text) refers to hal_iic.o(.text) for IIC_Init
    control.o(.text) refers to oled_i2c.o(.text) for OLED_ALL_Display
    control.o(.text) refers to tof_i2c.o(.text) for TOF250_READ
    control.o(.text) refers to control.o(.bss) for .bss
    control.o(.text) refers to control.o(.data) for .data
    control.o(.text) refers to uwb.o(.text) for get_AOA_data
    control.o(.text) refers to delay.o(.text) for portGetTickCnt
    control.o(.text) refers to uldiv.o(.text) for __aeabi_uldivmod
    control.o(.text) refers to stm32f10x_gpio.o(.text) for GPIO_SetBits
    control.o(.text) refers to motor.o(.text) for CAR_STOP
    hal_iic.o(.text) refers to stm32f10x_rcc.o(.text) for RCC_APB2PeriphClockCmd
    hal_iic.o(.text) refers to stm32f10x_gpio.o(.text) for GPIO_Init
    hal_iic.o(.text) refers to delay.o(.text) for Delay_us
    hal_iic.o(.text) refers to hal_usart.o(.text) for _dbg_printf
    hal_iic.o(.text) refers to stm32f10x_i2c.o(.text) for I2C_DeInit
    oled_i2c.o(.text) refers to hal_iic.o(.text) for I2C_ByteWrite
    oled_i2c.o(.text) refers to delay.o(.text) for Delay_ms
    oled_i2c.o(.text) refers to oled_i2c.o(.constdata) for .constdata
    oled_i2c.o(.text) refers to oled_i2c.o(.data) for .data
    oled_i2c.o(.text) refers to memseta.o(.text) for __aeabi_memclr4
    oled_i2c.o(.text) refers to fflti.o(.text) for __aeabi_i2f
    oled_i2c.o(.text) refers to f2d.o(.text) for __aeabi_f2d
    oled_i2c.o(.text) refers to siabs.o(.text) for abs
    oled_i2c.o(.text) refers to fdiv.o(.text) for __aeabi_fdiv
    oled_i2c.o(.text) refers to printfa.o(i.__0sprintf) for __2sprintf
    tof_i2c.o(.text) refers to fflti.o(.text) for __aeabi_i2f
    tof_i2c.o(.text) refers to fadd.o(.text) for __aeabi_frsub
    tof_i2c.o(.text) refers to f2d.o(.text) for __aeabi_f2d
    tof_i2c.o(.text) refers to fdiv.o(.text) for __aeabi_fdiv
    tof_i2c.o(.text) refers to fmul.o(.text) for __aeabi_fmul
    tof_i2c.o(.text) refers to hal_iic.o(.text) for I2C_READ_BUFFER
    tof_i2c.o(.text) refers to ffixi.o(.text) for __aeabi_f2iz
    tof_i2c.o(.text) refers to tof_i2c.o(.bss) for .bss
    tof_i2c.o(.text) refers to tof_i2c.o(.data) for .data
[...]
    E:\\TOOL\\KEIL55\\Keil\\STM32F1xx_DFP\\2.3.0\\Device\\StdPeriph_Driver\\src\\stm32f10x_dbgmcu.c 0x00000000   Number         0  stm32f10x_dbgmcu.o ABSOLUTE
    E:\\TOOL\\KEIL55\\Keil\\STM32F1xx_DFP\\2.3.0\\Device\\StdPeriph_Driver\\src\\stm32f10x_dma.c 0x00000000   Number         0  stm32f10x_dma.o ABSOLUTE
    E:\\TOOL\\KEIL55\\Keil\\STM32F1xx_DFP\\2.3.0\\Device\\StdPeriph_Driver\\src\\stm32f10x_exti.c 0x00000000   Number         0  stm32f10x_exti.o ABSOLUTE
    E:\\TOOL\\KEIL55\\Keil\\STM32F1xx_DFP\\2.3.0\\Device\\StdPeriph_Driver\\src\\stm32f10x_flash.c 0x00000000   Number         0  stm32f10x_flash.o ABSOLUTE
    E:\\TOOL\\KEIL55\\Keil\\STM32F1xx_DFP\\2.3.0\\Device\\StdPeriph_Driver\\src\\stm32f10x_fsmc.c 0x00000000   Number         0  stm32f10x_fsmc.o ABSOLUTE
    E:\\TOOL\\KEIL55\\Keil\\STM32F1xx_DFP\\2.3.0\\Device\\StdPeriph_Driver\\src\\stm32f10x_gpio.c 0x00000000   Number         0  stm32f10x_gpio.o ABSOLUTE
    E:\\TOOL\\KEIL55\\Keil\\STM32F1xx_DFP\\2.3.0\\Device\\StdPeriph_Driver\\src\\stm32f10x_i2c.c 0x00000000   Number         0  stm32f10x_i2c.o ABSOLUTE
    E:\\TOOL\\KEIL55\\Keil\\STM32F1xx_DFP\\2.3.0\\Device\\StdPeriph_Driver\\src\\stm32f10x_iwdg.c 0x00000000   Number         0  stm32f10x_iwdg.o ABSOLUTE
    E:\\TOOL\\KEIL55\\Keil\\STM32F1xx_DFP\\2.3.0\\Device\\StdPeriph_Driver\\src\\stm32f10x_pwr.c 0x00000000   Number         0  stm32f10x_pwr.o ABSOLUTE
    E:\\TOOL\\KEIL55\\Keil\\STM32F1xx_DFP\\2.3.0\\Device\\StdPeriph_Driver\\src\\stm32f10x_rcc.c 0x00000000   Number         0  stm32f10x_rcc.o ABSOLUTE
    E:\\TOOL\\KEIL55\\Keil\\STM32F1xx_DFP\\2.3.0\\Device\\StdPeriph_Driver\\src\\stm32f10x_rtc.c 0x00000000   Number         0  stm32f10x_rtc.o ABSOLUTE
    E:\\TOOL\\KEIL55\\Keil\\STM32F1xx_DFP\\2.3.0\\Device\\StdPeriph_Driver\\src\\stm32f10x_sdio.c 0x00000000   Number         0  stm32f10x_sdio.o ABSOLUTE
    E:\\TOOL\\KEIL55\\Keil\\STM32F1xx_DFP\\2.3.0\\Device\\StdPeriph_Driver\\src\\stm32f10x_spi.c 0x00000000   Number         0  stm32f10x_spi.o ABSOLUTE
    E:\\TOOL\\KEIL55\\Keil\\STM32F1xx_DFP\\2.3.0\\Device\\StdPeriph_Driver\\src\\stm32f10x_tim.c 0x00000000   Number         0  stm32f10x_tim.o ABSOLUTE
    E:\\TOOL\\KEIL55\\Keil\\STM32F1xx_DFP\\2.3.0\\Device\\StdPeriph_Driver\\src\\stm32f10x_usart.c 0x00000000   Number         0  stm32f10x_usart.o ABSOLUTE
    E:\\TOOL\\KEIL55\\Keil\\STM32F1xx_DFP\\2.3.0\\Device\\StdPeriph_Driver\\src\\stm32f10x_wwdg.c 0x00000000   Number         0  stm32f10x_wwdg.o ABSOLUTE
    RTE\Device\STM32F103RC\startup_stm32f10x_hd.s 0x00000000   Number         0  startup_stm32f10x_hd.o ABSOLUTE
    RTE\Device\STM32F103RC\system_stm32f10x.c 0x00000000   Number         0  system_stm32f10x.o ABSOLUTE
    RTE\\Device\\STM32F103RC\\system_stm32f10x.c 0x00000000   Number         0  system_stm32f10x.o ABSOLUTE
    cdrcmple.s                               0x00000000   Number         0  cdrcmple.o ABSOLUTE
    dc.s                                     0x00000000   Number         0  dc.o ABSOLUTE
    handlers.s                               0x00000000   Number         0  handlers.o ABSOLUTE
    init.s                                   0x00000000   Number         0  init.o ABSOLUTE
    RESET                                    0x08000000   Section      304  startup_stm32f10x_hd.o(RESET)
    .ARM.Collect$$$$00000000                 0x08000130   Section        0  entry.o(.ARM.Collect$$$$00000000)
    .ARM.Collect$$$$00000001                 0x08000130   Section        4  entry2.o(.ARM.Collect$$$$00000001)
    .ARM.Collect$$$$00000004                 0x08000134   Section        4  entry5.o(.ARM.Collect$$$$00000004)
    .ARM.Collect$$$$00000008                 0x08000138   Section        0  entry7b.o(.ARM.Collect$$$$00000008)
    .ARM.Collect$$$$0000000A                 0x08000138   Section        0  entry8b.o(.ARM.Collect$$$$0000000A)
    .ARM.Collect$$$$0000000B                 0x08000138   Section        8  entry9a.o(.ARM.Collect$$$$0000000B)
    .ARM.Collect$$$$0000000E                 0x08000140   Section        4  entry12b.o(.ARM.Collect$$$$0000000E)
    .ARM.Collect$$$$0000000F                 0x08000144   Section        0  entry10a.o(.ARM.Collect$$$$0000000F)
    .ARM.Collect$$$$00000011                 0x08000144   Section        0  entry11a.o(.ARM.Collect$$$$00000011)
    .ARM.Collect$$$$00002712                 0x08000144   Section        4  entry2.o(.ARM.Collect$$$$00002712)
    __lit__00000000                          0x08000144   Data           4  entry2.o(.ARM.Collect$$$$00002712)
    .text                                    0x08000148   Section        0  delay.o(.text)
    .text                                    0x080001e0   Section        0  stm32f10x_it.o(.text)
    .text                                    0x08000224   Section        0  osal.o(.text)
    .text                                    0x080003f8   Section        0  periph_init.o(.text)
    .text                                    0x0800050c   Section        0  timer.o(.text)
    .text                                    0x080005dc   Section        0  hal_usart.o(.text)
    .text                                    0x08000820   Section        0  uwb.o(.text)
    usart3_recv_msg_handler                  0x08000851   Thumb Code   138  uwb.o(.text)
    .text                                    0x0800099c   Section        0  control.o(.text)
    .text                                    0x08000fcc   Section        0  hal_iic.o(.text)
    .text                                    0x080016f0   Section        0  oled_i2c.o(.text)
    .text                                    0x08001d98   Section        0  tof_i2c.o(.text)
    .text                                    0x08001ec8   Section        0  motor.o(.text)
    .text                                    0x08002ce0   Section        0  main.o(.text)
    .text                                    0x08002d88   Section        0  misc.o(.text)
    .text                                    0x08002e38   Section        0  stm32f10x_dma.o(.text)
    .text                                    0x08003000   Section        0  stm32f10x_exti.o(.text)
    .text                                    0x080030e8   Section        0  stm32f10x_flash.o(.text)
    .text                                    0x08003564   Section        0  stm32f10x_gpio.o(.text)
    .text                                    0x080037d0   Section        0  stm32f10x_i2c.o(.text)
    .text                                    0x08003af8   Section        0  stm32f10x_iwdg.o(.text)
    .text                                    0x08003b34   Section        0  stm32f10x_rcc.o(.text)
    .text                                    0x08003de8   Section        0  stm32f10x_tim.o(.text)
    TI2_Config                               0x0800417b   Thumb Code   166  stm32f10x_tim.o(.text)
    TI1_Config                               0x08004231   Thumb Code    88  stm32f10x_tim.o(.text)
    .text                                    0x080048dc   Section        0  stm32f10x_usart.o(.text)
    .text                                    0x08004c04   Section       36  startup_stm32f10x_hd.o(.text)
    .text                                    0x08004c28   Section        0  system_stm32f10x.o(.text)
    SetSysClockTo72                          0x08004c29   Thumb Code   160  system_stm32f10x.o(.text)
    .text                                    0x08004d7c   Section        0  uldiv.o(.text)
    .text                                    0x08004dde   Section        0  toupper.o(.text)
    .text                                    0x08004dea   Section        0  siabs.o(.text)
    .text                                    0x08004df2   Section        0  memcpya.o(.text)
    .text                                    0x08004e16   Section        0  memseta.o(.text)
    .text                                    0x08004e3a   Section        0  fadd.o(.text)
    .text                                    0x08004eea   Section        0  fmul.o(.text)
    .text                                    0x08004f4e   Section        0  fdiv.o(.text)
    .text                                    0x08004fca   Section        0  fflti.o(.text)
    .text                                    0x08004fdc   Section        0  ffltui.o(.text)
    .text                                    0x08004fe6   Section        0  ffixi.o(.text)
    .text                                    0x08005018   Section        0  ffixui.o(.text)
    .text                                    0x08005040   Section        0  f2d.o(.text)
    .text                                    0x08005066   Section        0  uidiv.o(.text)
    .text                                    0x08005092   Section        0  llshl.o(.text)
    .text                                    0x080050b0   Section        0  llushr.o(.text)
    .text                                    0x080050d0   Section        0  fepilogue.o(.text)
    .text                                    0x080050d0   Section        0  iusefp.o(.text)
    .text                                    0x0800513e   Section        0  frnd.o(.text)
    .text                                    0x0800517a   Section        0  dadd.o(.text)
    .text                                    0x080052c8   Section        0  dmul.o(.text)
    .text                                    0x080053ac   Section        0  ddiv.o(.text)
    .text                                    0x0800548a   Section        0  dfixul.o(.text)
    .text                                    0x080054bc   Section       48  cdrcmple.o(.text)
    .text                                    0x080054ec   Section       36  init.o(.text)
    .text                                    0x08005510   Section        0  llsshr.o(.text)
    .text                                    0x08005534   Section        0  depilogue.o(.text)
    .text                                    0x080055ee   Section        0  __dczerorl2.o(.text)
    i.__0sprintf                             0x08005644   Section        0  printfa.o(i.__0sprintf)
    i.__0vsnprintf                           0x0800566c   Section        0  printfa.o(i.__0vsnprintf)
    i.__scatterload_copy                     0x080056a0   Section       14  handlers.o(i.__scatterload_copy)
    i.__scatterload_null                     0x080056ae   Section        2  handlers.o(i.__scatterload_null)
    i.__scatterload_zeroinit                 0x080056b0   Section       14  handlers.o(i.__scatterload_zeroinit)
    i._fp_digits                             0x080056c0   Section        0  printfa.o(i._fp_digits)
    _fp_digits                               0x080056c1   Thumb Code   366  printfa.o(i._fp_digits)
    i._printf_core                           0x08005844   Section        0  printfa.o(i._printf_core)
    _printf_core                             0x08005845   Thumb Code  1704  printfa.o(i._printf_core)
    i._printf_post_padding                   0x08005ef8   Section        0  printfa.o(i._printf_post_padding)
    _printf_post_padding                     0x08005ef9   Thumb Code    36  printfa.o(i._printf_post_padding)
    i._printf_pre_padding                    0x08005f1c   Section        0  printfa.o(i._printf_pre_padding)
    _printf_pre_padding                      0x08005f1d   Thumb Code    46  printfa.o(i._printf_pre_padding)
    i._snputc                                0x08005f4a   Section        0  printfa.o(i._snputc)
    _snputc                                  0x08005f4b   Thumb Code    22  printfa.o(i._snputc)
    i._sputc                                 0x08005f60   Section        0  printfa.o(i._sputc)
    _sputc                                   0x08005f61   Thumb Code    10  printfa.o(i._sputc)
    i.roundf                                 0x08005f6a   Section        0  roundf.o(i.roundf)
    .constdata                               0x08005fdc   Section     2072  oled_i2c.o(.constdata)
    .data                                    0x20000000   Section       16  delay.o(.data)
    TimingDelay                              0x20000000   Data           4  delay.o(.data)
    local_time32_incr                        0x20000008   Data           8  delay.o(.data)
    .data                                    0x20000010   Section        1  uwb.o(.data)
    .data                                    0x20000018   Section       56  control.o(.data)
    mode                                     0x20000018   Data           1  control.o(.data)
    mode_bit0                                0x20000019   Data           1  control.o(.data)
    mode_bit1                                0x2000001a   Data           1  control.o(.data)
    mode_bit2                                0x2000001b   Data           1  control.o(.data)
    mode_bit3                                0x2000001c   Data           1  control.o(.data)
    Buffer_index                             0x2000001d   Data           1  control.o(.data)
    Car_mode                                 0x20000020   Data           4  control.o(.data)
    Car_number                               0x20000024   Data           4  control.o(.data)
    car_move                                 0x20000028   Data           4  control.o(.data)
    turn_number                              0x2000002c   Data           4  control.o(.data)
    turn_move                                0x20000030   Data           4  control.o(.data)
    move_time                                0x20000034   Data           4  control.o(.data)
    Move_Time                                0x20000038   Data           8  control.o(.data)
    Motor_Time                               0x20000040   Data           8  control.o(.data)
    LED_time                                 0x20000048   Data           8  control.o(.data)
    .data                                    0x20000050   Section      972  oled_i2c.o(.data)
    OLED_N                                   0x20000050   Data           1  oled_i2c.o(.data)
    Last_Display_dis                         0x20000054   Data           4  oled_i2c.o(.data)
    Last_Display_An                          0x20000058   Data           4  oled_i2c.o(.data)
    .data                                    0x2000041c   Section        8  tof_i2c.o(.data)
    Kalman_K                                 0x2000041c   Data           4  tof_i2c.o(.data)
    Kalman_EST                               0x20000420   Data           4  tof_i2c.o(.data)
    .data                                    0x20000424   Section      144  motor.o(.data)
    V_outside                                0x2000043c   Data           4  motor.o(.data)
    V_inside                                 0x20000440   Data           4  motor.o(.data)
    TRA_DMG                                  0x20000444   Data           4  motor.o(.data)
    Angle_Corr                               0x20000448   Data           4  motor.o(.data)
    back_up                                  0x2000044c   Data           4  motor.o(.data)
    .data                                    0x200004b4   Section       20  stm32f10x_rcc.o(.data)
    ADCPrescTable                            0x200004b4   Data           4  stm32f10x_rcc.o(.data)
    APBAHBPrescTable                         0x200004b8   Data          16  stm32f10x_rcc.o(.data)
    .data                                    0x200004c8   Section       20  system_stm32f10x.o(.data)
    .bss                                     0x200004dc   Section      256  hal_usart.o(.bss)
    .bss                                     0x200005dc   Section     1528  uwb.o(.bss)
    rx_uart_flag                             0x200005dc   Data         224  uwb.o(.bss)
    uart_queue                               0x200006bc   Data        1304  uwb.o(.bss)
    .bss                                     0x20000bd4   Section      336  control.o(.bss)
    last_angles                              0x20000c10   Data          16  control.o(.bss)
    output_num                               0x20000c20   Data          16  control.o(.bss)
    angle_states                             0x20000c30   Data          64  control.o(.bss)
    range_states                             0x20000c70   Data          64  control.o(.bss)
    data_buffer                              0x20000cb0   Data         100  control.o(.bss)
    .bss                                     0x20000d24   Section       60  tof_i2c.o(.bss)
    Kalman_X                                 0x20000d24   Data          20  tof_i2c.o(.bss)
    Kalman_Z                                 0x20000d38   Data          20  tof_i2c.o(.bss)
    Kalman_ME                                0x20000d4c   Data          20  tof_i2c.o(.bss)
    STACK                                    0x20000d60   Section    16384  startup_stm32f10x_hd.o(STACK)

    Global Symbols

    Symbol Name                              Value     Ov Type        Size  Object(Section)

    BuildAttributes$$THM_ISAv4$P$D$K$B$S$PE$A:L22UL41UL21$X:L11$S22US41US21$IEEE1$IW$USESV6$~STKCKD$USESV7$~SHL$OTIME$ROPI$IEEEJ$EBA8$MICROLIB$REQ8$PRES8$EABIv2 0x00000000   Number         0  anon$$obj.o ABSOLUTE
    __ARM_use_no_argv                        0x00000000   Number         0  main.o ABSOLUTE
    _printf_a                                0x00000000   Number         0  stubs.o ABSOLUTE
    _printf_c                                0x00000000   Number         0  stubs.o ABSOLUTE
    _printf_charcount                        0x00000000   Number         0  stubs.o ABSOLUTE
    _printf_d                                0x00000000   Number         0  stubs.o ABSOLUTE
    _printf_e                                0x00000000   Number         0  stubs.o ABSOLUTE
    _printf_f                                0x00000000   Number         0  stubs.o ABSOLUTE
    _printf_flags                            0x00000000   Number         0  stubs.o ABSOLUTE
    _printf_fp_dec                           0x00000000   Number         0  stubs.o ABSOLUTE
    _printf_fp_hex                           0x00000000   Number         0  stubs.o ABSOLUTE
    _printf_g                                0x00000000   Number         0  stubs.o ABSOLUTE
    _printf_i                                0x00000000   Number         0  stubs.o ABSOLUTE
    _printf_int_dec                          0x00000000   Number         0  stubs.o ABSOLUTE
    _printf_l                                0x00000000   Number         0  stubs.o ABSOLUTE
    _printf_lc                               0x00000000   Number         0  stubs.o ABSOLUTE
    _printf_ll                               0x00000000   Number         0  stubs.o ABSOLUTE
    _printf_lld                              0x00000000   Number         0  stubs.o ABSOLUTE
    _printf_lli                              0x00000000   Number         0  stubs.o ABSOLUTE
    _printf_llo                              0x00000000   Number         0  stubs.o ABSOLUTE
    _printf_llu                              0x00000000   Number         0  stubs.o ABSOLUTE
    _printf_llx                              0x00000000   Number         0  stubs.o ABSOLUTE
    _printf_longlong_dec                     0x00000000   Number         0  stubs.o ABSOLUTE
    _printf_longlong_hex                     0x00000000   Number         0  stubs.o ABSOLUTE
    _printf_longlong_oct                     0x00000000   Number         0  stubs.o ABSOLUTE
    _printf_ls                               0x00000000   Number         0  stubs.o ABSOLUTE
    _printf_mbtowc                           0x00000000   Number         0  stubs.o ABSOLUTE
    _printf_n                                0x00000000   Number         0  stubs.o ABSOLUTE
    _printf_o                                0x00000000   Number         0  stubs.o ABSOLUTE
    _printf_p                                0x00000000   Number         0  stubs.o ABSOLUTE
    _printf_percent                          0x00000000   Number         0  stubs.o ABSOLUTE
    _printf_pre_padding                      0x00000000   Number         0  stubs.o ABSOLUTE
    _printf_return_value                     0x00000000   Number         0  stubs.o ABSOLUTE
    _printf_s                                0x00000000   Number         0  stubs.o ABSOLUTE
    _printf_sizespec                         0x00000000   Number         0  stubs.o ABSOLUTE
    _printf_str                              0x00000000   Number         0  stubs.o ABSOLUTE
    _printf_truncate_signed                  0x00000000   Number         0  stubs.o ABSOLUTE
    _printf_truncate_unsigned                0x00000000   Number         0  stubs.o ABSOLUTE
    _printf_u                                0x00000000   Number         0  stubs.o ABSOLUTE
    _printf_wc                               0x00000000   Number         0  stubs.o ABSOLUTE
    _printf_wctomb                           0x00000000   Number         0  stubs.o ABSOLUTE
    _printf_widthprec                        0x00000000   Number         0  stubs.o ABSOLUTE
    _printf_x                                0x00000000   Number         0  stubs.o ABSOLUTE
    __arm_fini_                               - Undefined Weak Reference
    __cpp_initialize__aeabi_                  - Undefined Weak Reference
    __cxa_finalize                            - Undefined Weak Reference
    _clock_init                               - Undefined Weak Reference
    _microlib_exit                            - Undefined Weak Reference
    __Vectors_Size                           0x00000130   Number         0  startup_stm32f10x_hd.o ABSOLUTE
    __Vectors                                0x08000000   Data           4  startup_stm32f10x_hd.o(RESET)
    __Vectors_End                            0x08000130   Data           0  startup_stm32f10x_hd.o(RESET)
    __main                                   0x08000131   Thumb Code     0  entry.o(.ARM.Collect$$$$00000000)
    _main_stk                                0x08000131   Thumb Code     0  entry2.o(.ARM.Collect$$$$00000001)
    _main_scatterload                        0x08000135   Thumb Code     0  entry5.o(.ARM.Collect$$$$00000004)
    __main_after_scatterload                 0x08000139   Thumb Code     0  entry5.o(.ARM.Collect$$$$00000004)
    _main_clock                              0x08000139   Thumb Code     0  entry7b.o(.ARM.Collect$$$$00000008)
    _main_cpp_init                           0x08000139   Thumb Code     0  entry8b.o(.ARM.Collect$$$$0000000A)
    _main_init                               0x08000139   Thumb Code     0  entry9a.o(.ARM.Collect$$$$0000000B)
    __rt_lib_shutdown_fini                   0x08000141   Thumb Code     0  entry12b.o(.ARM.Collect$$$$0000000E)
    __rt_final_cpp                           0x08000145   Thumb Code     0  entry10a.o(.ARM.Collect$$$$0000000F)
    __rt_final_exit                          0x08000145   Thumb Code     0  entry11a.o(.ARM.Collect$$$$00000011)
    SysTick_Init                             0x08000149   Thumb Code    44  delay.o(.text)
    Delay_us                                 0x08000175   Thumb Code    24  delay.o(.text)
    Delay_ms                                 0x0800018d   Thumb Code    30  delay.o(.text)
    TimingDelay_Decrement                    0x080001ab   Thumb Code    30  delay.o(.text)
    portGetTickCnt                           0x080001c9   Thumb Code     6  delay.o(.text)
    NMI_Handler                              0x080001e1   Thumb Code     2  stm32f10x_it.o(.text)
    HardFault_Handler                        0x080001e3   Thumb Code     2  stm32f10x_it.o(.text)
    MemManage_Handler                        0x080001e5   Thumb Code     2  stm32f10x_it.o(.text)
    BusFault_Handler                         0x080001e7   Thumb Code     2  stm32f10x_it.o(.text)
    UsageFault_Handler                       0x080001e9   Thumb Code     2  stm32f10x_it.o(.text)
    SVC_Handler                              0x080001eb   Thumb Code     2  stm32f10x_it.o(.text)
    DebugMon_Handler                         0x080001ed   Thumb Code     2  stm32f10x_it.o(.text)
    PendSV_Handler                           0x080001ef   Thumb Code     2  stm32f10x_it.o(.text)
    SysTick_Handler                          0x080001f1   Thumb Code     4  stm32f10x_it.o(.text)
    TIM1_UP_IRQHandler                       0x080001f5   Thumb Code    42  stm32f10x_it.o(.text)
    osal_CreateQueue                         0x08000225   Thumb Code    16  osal.o(.text)
    osal_TraverseQueue                       0x08000235   Thumb Code    30  osal.o(.text)
    osal_FullQueue                           0x08000253   Thumb Code    32  osal.o(.text)
    osal_EmptyQueue                          0x08000273   Thumb Code    20  osal.o(.text)
    osal_Enqueue                             0x08000287   Thumb Code   104  osal.o(.text)
    osal_Dequeue                             0x080002ef   Thumb Code    64  osal.o(.text)
    osal_itoa                                0x0800032f   Thumb Code    72  osal.o(.text)
    osal_Str2Byte                            0x08000377   Thumb Code    82  osal.o(.text)
    osal_Hex2Str                             0x080003c9   Thumb Code    40  osal.o(.text)
    LED_Init                                 0x080003f9   Thumb Code    38  periph_init.o(.text)
    Led_Test                                 0x0800041f   Thumb Code   116  periph_init.o(.text)
    Beep_Init                                0x08000493   Thumb Code    48  periph_init.o(.text)
    Beep_Test                                0x080004c3   Thumb Code    42  periph_init.o(.text)
    Periph_init                              0x080004ed   Thumb Code    22  periph_init.o(.text)
    HalIwdgInit                              0x0800050d   Thumb Code    38  timer.o(.text)
    HalIwdgFeed                              0x08000533   Thumb Code     4  timer.o(.text)
    TIM1_NVIC_Configuration                  0x08000537   Thumb Code    40  timer.o(.text)
    TIM1_Configuration                       0x0800055f   Thumb Code    80  timer.o(.text)
    Timer_Init                               0x080005af   Thumb Code    40  timer.o(.text)
    USART1_SendBuffer                        0x080005dd   Thumb Code    62  hal_usart.o(.text)
    _dbg_printf                              0x0800061b   Thumb Code    32  hal_usart.o(.text)
    HalUASRT1_DMA_Send_init                  0x0800063b   Thumb Code    88  hal_usart.o(.text)
    HalUASRT1_DMA_Config                     0x08000693   Thumb Code    52  hal_usart.o(.text)
    HalUSART1_Init                           0x080006c7   Thumb Code    60  hal_usart.o(.text)
    HalUSART1_IO_Init                        0x08000703   Thumb Code    64  hal_usart.o(.text)
    HalUASRT2_NVIC_Config                    0x08000743   Thumb Code    40  hal_usart.o(.text)
    HalUSART2_Init                           0x0800076b   Thumb Code    60  hal_usart.o(.text)
    HalUSART2_IO_Init                        0x080007a7   Thumb Code    66  hal_usart.o(.text)
    HalUARTInit                              0x080007e9   Thumb Code    36  hal_usart.o(.text)
    Uart_Queue_Init                          0x08000821   Thumb Code    24  uwb.o(.text)
    get_Xor_CRC                              0x08000839   Thumb Code    24  uwb.o(.text)
    USART2_IRQHandler                        0x080008db   Thumb Code   124  uwb.o(.text)
    get_AOA_data                             0x08000957   Thumb Code    10  uwb.o(.text)
    AOA_Car_Hex_Resolution                   0x08000961   Thumb Code    46  uwb.o(.text)
    AOA_Angle_Filter                         0x0800099d   Thumb Code   138  control.o(.text)
    kalman_filter                            0x08000a27   Thumb Code   272  control.o(.text)
    TOF10120_Judgment                        0x08000b37   Thumb Code   322  control.o(.text)
    AOA_Control                              0x08000c79   Thumb Code    54  control.o(.text)
    Oled_And_Tof_Control                     0x08000caf   Thumb Code   112  control.o(.text)
    AOA_Pattern_recognition                  0x08000d1f   Thumb Code   114  control.o(.text)
    UpdateAoaData                            0x08000d91   Thumb Code   114  control.o(.text)
    follow_car_task                          0x08000e03   Thumb Code   202  control.o(.text)
    Read_AoA_Control                         0x08000ecd   Thumb Code   238  control.o(.text)
    IIC_Init                                 0x08000fcd   Thumb Code    54  hal_iic.o(.text)
    IIC_Start                                0x08001003   Thumb Code    58  hal_iic.o(.text)
    IIC_Stop                                 0x0800103d   Thumb Code    60  hal_iic.o(.text)
    IIC_Wait_Ack                             0x08001079   Thumb Code    80  hal_iic.o(.text)
    IIC_Ack                                  0x080010c9   Thumb Code    58  hal_iic.o(.text)
    IIC_NAck                                 0x08001103   Thumb Code    58  hal_iic.o(.text)
    IIC_Send_Byte                            0x0800113d   Thumb Code    88  hal_iic.o(.text)
    IIC_Read_Byte                            0x08001195   Thumb Code    82  hal_iic.o(.text)
    I2C_ByteWrite                            0x080011e7   Thumb Code    64  hal_iic.o(.text)
    I2C_BufferRead                           0x08001227   Thumb Code   126  hal_iic.o(.text)
    I2C2_Configuration                       0x080012a5   Thumb Code   120  hal_iic.o(.text)
    I2C_reset                                0x0800131d   Thumb Code    46  hal_iic.o(.text)
    IIC_WaitEvent                            0x0800134b   Thumb Code    42  hal_iic.o(.text)
    I2C_ByWrite                              0x08001375   Thumb Code   132  hal_iic.o(.text)
    I2C_BufferWrite                          0x080013f9   Thumb Code   144  hal_iic.o(.text)
    I2C_BufRead                              0x08001489   Thumb Code   216  hal_iic.o(.text)
    I2C_READ_BUFFER                          0x08001561   Thumb Code   342  hal_iic.o(.text)
    I2C_WriteByte                            0x080016f1   Thumb Code     8  oled_i2c.o(.text)
    WriteDat                                 0x080016f9   Thumb Code     6  oled_i2c.o(.text)
    WriteCmd                                 0x080016ff   Thumb Code     6  oled_i2c.o(.text)
    OLED_SetPos                              0x08001705   Thumb Code    36  oled_i2c.o(.text)
    OLED_ShowStr                             0x08001729   Thumb Code   208  oled_i2c.o(.text)
    OLED_ShowCN                              0x080017f9   Thumb Code    66  oled_i2c.o(.text)
    OLED_Fill                                0x0800183b   Thumb Code    54  oled_i2c.o(.text)
    OLED_CLS                                 0x08001871   Thumb Code     4  oled_i2c.o(.text)
    OLED_display                             0x08001875   Thumb Code   512  oled_i2c.o(.text)
    OLED_Init                                0x08001a75   Thumb Code   178  oled_i2c.o(.text)
    OLED_Configuration                       0x08001b27   Thumb Code    36  oled_i2c.o(.text)
    OLED_ON                                  0x08001b4b   Thumb Code    22  oled_i2c.o(.text)
    OLED_OFF                                 0x08001b61   Thumb Code    22  oled_i2c.o(.text)
    OLED_DrawBMP                             0x08001b77   Thumb Code    62  oled_i2c.o(.text)
    OLED_Remote_Display                      0x08001bb5   Thumb Code   122  oled_i2c.o(.text)
    OLED_ALL_Display                         0x08001c2f   Thumb Code    44  oled_i2c.o(.text)
    OLED_Follow_Data_Display                 0x08001c5b   Thumb Code   266  oled_i2c.o(.text)
    Kalman_filtering_TOF                     0x08001d99   Thumb Code   106  tof_i2c.o(.text)
    TOF250_READ                              0x08001e03   Thumb Code   190  tof_i2c.o(.text)
    Encoder_Init_TIM2                        0x08001ec9   Thumb Code   150  motor.o(.text)
    Encoder_Init_TIM_Exit0                   0x08001f5f   Thumb Code   102  motor.o(.text)
    Encoder_Init_TIM_Exit1                   0x08001fc5   Thumb Code   104  motor.o(.text)
    Encoder_Init_TIM_Exit2                   0x0800202d   Thumb Code   106  motor.o(.text)
    Encoder_Init_TIM_Exit3                   0x08002097   Thumb Code   104  motor.o(.text)
    Encoder_Init_TIM_Exit6                   0x080020ff   Thumb Code   106  motor.o(.text)
    Encoder_Init_TIM_Exit7                   0x08002169   Thumb Code   106  motor.o(.text)
    EXTI_ALL_Init                            0x080021d3   Thumb Code    32  motor.o(.text)
    Read_Encoder                             0x080021f3   Thumb Code    62  motor.o(.text)
    Read_Encoder_Save                        0x08002231   Thumb Code    48  motor.o(.text)
    EXTI1_IRQHandler                         0x08002261   Thumb Code    40  motor.o(.text)
    EXTI0_IRQHandler                         0x08002289   Thumb Code    38  motor.o(.text)
    EXTI3_IRQHandler                         0x080022af   Thumb Code    62  motor.o(.text)
    EXTI2_IRQHandler                         0x080022ed   Thumb Code    38  motor.o(.text)
    EXTI9_5_IRQHandler                       0x08002313   Thumb Code    96  motor.o(.text)
    TIM3_Configuration                       0x08002373   Thumb Code   218  motor.o(.text)
    TIM4_Configuration                       0x0800244d   Thumb Code   216  motor.o(.text)
    Motor_Gpio_init                          0x08002525   Thumb Code    98  motor.o(.text)
    Set_Pwm_Motor1                           0x08002587   Thumb Code    34  motor.o(.text)
    Set_Pwm_Motor2                           0x080025a9   Thumb Code    34  motor.o(.text)
    Set_Pwm_Motor3                           0x080025cb   Thumb Code    34  motor.o(.text)
    Set_Pwm_Motor4                           0x080025ed   Thumb Code    34  motor.o(.text)
    PID_Reset_Data                           0x0800260f   Thumb Code   100  motor.o(.text)
    Incremental_PI_A                         0x08002673   Thumb Code   154  motor.o(.text)
    Incremental_PI_B                         0x0800270d   Thumb Code   122  motor.o(.text)
    Incremental_PI_C                         0x08002787   Thumb Code   122  motor.o(.text)
    Incremental_PI_D                         0x08002801   Thumb Code   122  motor.o(.text)
    Xianfu_Pwm                               0x0800287b   Thumb Code    74  motor.o(.text)
    motor_speed_A                            0x080028c5   Thumb Code    38  motor.o(.text)
    motor_speed_B                            0x080028eb   Thumb Code    38  motor.o(.text)
    motor_speed_C                            0x08002911   Thumb Code    38  motor.o(.text)
    motor_speed_D                            0x08002937   Thumb Code    38  motor.o(.text)
    CAR_STOP                                 0x0800295d   Thumb Code    52  motor.o(.text)
    CAR_SLOW_STOP                            0x08002991   Thumb Code   122  motor.o(.text)
    ALL_motor_control                        0x08002a0b   Thumb Code    32  motor.o(.text)
    ALL_motor_pwm_control                    0x08002a2b   Thumb Code    32  motor.o(.text)
    MW_Radius_Compute                        0x08002a4b   Thumb Code    40  motor.o(.text)
    MW_motor_circular_motion                 0x08002a73   Thumb Code   140  motor.o(.text)
    car_motor_wheel_speed_one                0x08002aff   Thumb Code    72  motor.o(.text)
    car_motor_wheel_speed_two                0x08002b47   Thumb Code    28  motor.o(.text)
    Angle_judgement                          0x08002b63   Thumb Code   104  motor.o(.text)
    Preset_State_Of_Motor                    0x08002bcb   Thumb Code    94  motor.o(.text)
    Car_Pwm_Direction                        0x08002c29   Thumb Code   142  motor.o(.text)
    RCC_Configuration_part                   0x08002ce1   Thumb Code   110  main.o(.text)
    init                                     0x08002d4f   Thumb Code    46  main.o(.text)
    main                                     0x08002d7d   Thumb Code    10  main.o(.text)
    NVIC_PriorityGroupConfig                 0x08002d89   Thumb Code    10  misc.o(.text)
    NVIC_Init                                0x08002d93   Thumb Code    94  misc.o(.text)
    NVIC_SetVectorTable                      0x08002df1   Thumb Code    14  misc.o(.text)
    NVIC_SystemLPConfig                      0x08002dff   Thumb Code    20  misc.o(.text)
    SysTick_CLKSourceConfig                  0x08002e13   Thumb Code    24  misc.o(.text)
    DMA_DeInit                               0x08002e39   Thumb Code   218  stm32f10x_dma.o(.text)
    DMA_Init                                 0x08002f13   Thumb Code    58  stm32f10x_dma.o(.text)
    DMA_StructInit                           0x08002f4d   Thumb Code    26  stm32f10x_dma.o(.text)
    DMA_Cmd                                  0x08002f67   Thumb Code    22  stm32f10x_dma.o(.text)
    DMA_ITConfig                             0x08002f7d   Thumb Code    16  stm32f10x_dma.o(.text)
    DMA_SetCurrDataCounter                   0x08002f8d   Thumb Code     4  stm32f10x_dma.o(.text)
    DMA_GetCurrDataCounter                   0x08002f91   Thumb Code     6  stm32f10x_dma.o(.text)
    DMA_GetFlagStatus                        0x08002f97   Thumb Code    28  stm32f10x_dma.o(.text)
    DMA_ClearFlag                            0x08002fb3   Thumb Code    20  stm32f10x_dma.o(.text)
    DMA_GetITStatus                          0x08002fc7   Thumb Code    28  stm32f10x_dma.o(.text)
    DMA_ClearITPendingBit                    0x08002fe3   Thumb Code    20  stm32f10x_dma.o(.text)
    EXTI_DeInit                              0x08003001   Thumb Code    28  stm32f10x_exti.o(.text)
    EXTI_Init                                0x0800301d   Thumb Code   108  stm32f10x_exti.o(.text)
    EXTI_StructInit                          0x08003089   Thumb Code    14  stm32f10x_exti.o(.text)
    EXTI_GenerateSWInterrupt                 0x08003097   Thumb Code    12  stm32f10x_exti.o(.text)
    EXTI_GetFlagStatus                       0x080030a3   Thumb Code    18  stm32f10x_exti.o(.text)
    EXTI_ClearFlag                           0x080030b5   Thumb Code     8  stm32f10x_exti.o(.text)
    EXTI_GetITStatus                         0x080030bd   Thumb Code    28  stm32f10x_exti.o(.text)
    EXTI_ClearITPendingBit                   0x080030d9   Thumb Code     8  stm32f10x_exti.o(.text)
    FLASH_SetLatency                         0x080030e9   Thumb Code    14  stm32f10x_flash.o(.text)
    FLASH_HalfCycleAccessCmd                 0x080030f7   Thumb Code    18  stm32f10x_flash.o(.text)
    FLASH_PrefetchBufferCmd                  0x08003109   Thumb Code    18  stm32f10x_flash.o(.text)
    FLASH_Unlock                             0x0800311b   Thumb Code    12  stm32f10x_flash.o(.text)
    FLASH_UnlockBank1                        0x08003127   Thumb Code    12  stm32f10x_flash.o(.text)
    FLASH_Lock                               0x08003133   Thumb Code    12  stm32f10x_flash.o(.text)
    FLASH_LockBank1                          0x0800313f   Thumb Code    12  stm32f10x_flash.o(.text)
    FLASH_GetBank1Status                     0x0800314b   Thumb Code    34  stm32f10x_flash.o(.text)
    FLASH_WaitForLastOperation               0x0800316d   Thumb Code    36  stm32f10x_flash.o(.text)
    FLASH_ErasePage                          0x08003191   Thumb Code    56  stm32f10x_flash.o(.text)
    FLASH_EraseAllPages                      0x080031c9   Thumb Code    52  stm32f10x_flash.o(.text)
    FLASH_WaitForLastBank1Operation          0x080031fd   Thumb Code    36  stm32f10x_flash.o(.text)
    FLASH_EraseAllBank1Pages                 0x08003221   Thumb Code    52  stm32f10x_flash.o(.text)
    FLASH_GetReadOutProtectionStatus         0x08003255   Thumb Code    14  stm32f10x_flash.o(.text)
    FLASH_EraseOptionBytes                   0x08003263   Thumb Code   108  stm32f10x_flash.o(.text)
    FLASH_ProgramWord                        0x080032cf   Thumb Code    72  stm32f10x_flash.o(.text)
    FLASH_ProgramHalfWord                    0x08003317   Thumb Code    48  stm32f10x_flash.o(.text)
    FLASH_ProgramOptionByteData              0x08003347   Thumb Code    62  stm32f10x_flash.o(.text)
    FLASH_EnableWriteProtection              0x08003385   Thumb Code   150  stm32f10x_flash.o(.text)
    FLASH_ReadOutProtection                  0x0800341b   Thumb Code   118  stm32f10x_flash.o(.text)
    FLASH_UserOptionByteConfig               0x08003491   Thumb Code    92  stm32f10x_flash.o(.text)
    FLASH_GetUserOptionByte                  0x080034ed   Thumb Code     8  stm32f10x_flash.o(.text)
    FLASH_GetWriteProtectionOptionByte       0x080034f5   Thumb Code     6  stm32f10x_flash.o(.text)
    FLASH_GetPrefetchBufferStatus            0x080034fb   Thumb Code    14  stm32f10x_flash.o(.text)
    FLASH_ITConfig                           0x08003509   Thumb Code    18  stm32f10x_flash.o(.text)
    FLASH_GetFlagStatus                      0x0800351b   Thumb Code    28  stm32f10x_flash.o(.text)
    FLASH_ClearFlag                          0x08003537   Thumb Code     6  stm32f10x_flash.o(.text)
    FLASH_GetStatus                          0x0800353d   Thumb Code    34  stm32f10x_flash.o(.text)
    GPIO_DeInit                              0x08003565   Thumb Code   152  stm32f10x_gpio.o(.text)
    GPIO_AFIODeInit                          0x080035fd   Thumb Code    22  stm32f10x_gpio.o(.text)
    GPIO_Init                                0x08003613   Thumb Code   164  stm32f10x_gpio.o(.text)
    GPIO_StructInit                          0x080036b7   Thumb Code    16  stm32f10x_gpio.o(.text)
    GPIO_ReadInputDataBit                    0x080036c7   Thumb Code    14  stm32f10x_gpio.o(.text)
    GPIO_ReadInputData                       0x080036d5   Thumb Code     6  stm32f10x_gpio.o(.text)
    GPIO_ReadOutputDataBit                   0x080036db   Thumb Code    14  stm32f10x_gpio.o(.text)
    GPIO_ReadOutputData                      0x080036e9   Thumb Code     6  stm32f10x_gpio.o(.text)
    GPIO_SetBits                             0x080036ef   Thumb Code     4  stm32f10x_gpio.o(.text)
    GPIO_ResetBits                           0x080036f3   Thumb Code     4  stm32f10x_gpio.o(.text)
    GPIO_WriteBit                            0x080036f7   Thumb Code    10  stm32f10x_gpio.o(.text)
    GPIO_Write                               0x08003701   Thumb Code     4  stm32f10x_gpio.o(.text)
    GPIO_PinLockConfig                       0x08003705   Thumb Code    16  stm32f10x_gpio.o(.text)
    GPIO_EventOutputConfig                   0x08003715   Thumb Code    22  stm32f10x_gpio.o(.text)
    GPIO_EventOutputCmd                      0x0800372b   Thumb Code     6  stm32f10x_gpio.o(.text)
    GPIO_PinRemapConfig                      0x08003731   Thumb Code    82  stm32f10x_gpio.o(.text)
    GPIO_EXTILineConfig                      0x08003783   Thumb Code    34  stm32f10x_gpio.o(.text)
    GPIO_ETH_MediaInterfaceConfig            0x080037a5   Thumb Code     8  stm32f10x_gpio.o(.text)
    I2C_DeInit                               0x080037d1   Thumb Code    38  stm32f10x_i2c.o(.text)
    I2C_Init                                 0x080037f7   Thumb Code   178  stm32f10x_i2c.o(.text)
    I2C_StructInit                           0x080038a9   Thumb Code    28  stm32f10x_i2c.o(.text)
    I2C_Cmd                                  0x080038c5   Thumb Code    20  stm32f10x_i2c.o(.text)
    I2C_DMACmd                               0x080038d9   Thumb Code    20  stm32f10x_i2c.o(.text)
    I2C_DMALastTransferCmd                   0x080038ed   Thumb Code    20  stm32f10x_i2c.o(.text)
    I2C_GenerateSTART                        0x08003901   Thumb Code    20  stm32f10x_i2c.o(.text)
    I2C_GenerateSTOP                         0x08003915   Thumb Code    20  stm32f10x_i2c.o(.text)
    I2C_AcknowledgeConfig                    0x08003929   Thumb Code    20  stm32f10x_i2c.o(.text)
    I2C_OwnAddress2Config                    0x0800393d   Thumb Code    16  stm32f10x_i2c.o(.text)
    I2C_DualAddressCmd                       0x0800394d   Thumb Code    20  stm32f10x_i2c.o(.text)
    I2C_GeneralCallCmd                       0x08003961   Thumb Code    20  stm32f10x_i2c.o(.text)
    I2C_ITConfig                             0x08003975   Thumb Code    16  stm32f10x_i2c.o(.text)
    I2C_SendData                             0x08003985   Thumb Code     4  stm32f10x_i2c.o(.text)
    I2C_ReceiveData                          0x08003989   Thumb Code     6  stm32f10x_i2c.o(.text)
    I2C_Send7bitAddress                      0x0800398f   Thumb Code    16  stm32f10x_i2c.o(.text)
    I2C_ReadRegister                         0x0800399f   Thumb Code    10  stm32f10x_i2c.o(.text)
    I2C_SoftwareResetCmd                     0x080039a9   Thumb Code    20  stm32f10x_i2c.o(.text)
    I2C_NACKPositionConfig                   0x080039bd   Thumb Code    22  stm32f10x_i2c.o(.text)
    I2C_SMBusAlertConfig                     0x080039d3   Thumb Code    22  stm32f10x_i2c.o(.text)
    I2C_TransmitPEC                          0x080039e9   Thumb Code    20  stm32f10x_i2c.o(.text)
    I2C_PECPositionConfig                    0x080039fd   Thumb Code    22  stm32f10x_i2c.o(.text)
    I2C_CalculatePEC                         0x08003a13   Thumb Code    20  stm32f10x_i2c.o(.text)
    I2C_GetPEC                               0x08003a27   Thumb Code     6  stm32f10x_i2c.o(.text)
    I2C_ARPCmd                               0x08003a2d   Thumb Code    20  stm32f10x_i2c.o(.text)
    I2C_StretchClockCmd                      0x08003a41   Thumb Code    20  stm32f10x_i2c.o(.text)
    I2C_FastModeDutyCycleConfig              0x08003a55   Thumb Code    22  stm32f10x_i2c.o(.text)
    I2C_CheckEvent                           0x08003a6b   Thumb Code    24  stm32f10x_i2c.o(.text)
    I2C_GetLastEvent                         0x08003a83   Thumb Code    14  stm32f10x_i2c.o(.text)
    I2C_GetFlagStatus                        0x08003a91   Thumb Code    42  stm32f10x_i2c.o(.text)
    I2C_ClearFlag                            0x08003abb   Thumb Code     6  stm32f10x_i2c.o(.text)
    I2C_GetITStatus                          0x08003ac1   Thumb Code    36  stm32f10x_i2c.o(.text)
    I2C_ClearITPendingBit                    0x08003ae5   Thumb Code     6  stm32f10x_i2c.o(.text)
    IWDG_WriteAccessCmd                      0x08003af9   Thumb Code     6  stm32f10x_iwdg.o(.text)
    IWDG_SetPrescaler                        0x08003aff   Thumb Code     6  stm32f10x_iwdg.o(.text)
    IWDG_SetReload                           0x08003b05   Thumb Code     6  stm32f10x_iwdg.o(.text)
    IWDG_ReloadCounter                       0x08003b0b   Thumb Code    10  stm32f10x_iwdg.o(.text)
    IWDG_Enable                              0x08003b15   Thumb Code    10  stm32f10x_iwdg.o(.text)
    IWDG_GetFlagStatus                       0x08003b1f   Thumb Code    16  stm32f10x_iwdg.o(.text)
    RCC_DeInit                               0x08003b35   Thumb Code    50  stm32f10x_rcc.o(.text)
    RCC_HSEConfig                            0x08003b67   Thumb Code    48  stm32f10x_rcc.o(.text)
    RCC_GetFlagStatus                        0x08003b97   Thumb Code    42  stm32f10x_rcc.o(.text)
    RCC_WaitForHSEStartUp                    0x08003bc1   Thumb Code    44  stm32f10x_rcc.o(.text)
    RCC_AdjustHSICalibrationValue            0x08003bed   Thumb Code    16  stm32f10x_rcc.o(.text)
    RCC_HSICmd                               0x08003bfd   Thumb Code     6  stm32f10x_rcc.o(.text)
    RCC_PLLConfig                            0x08003c03   Thumb Code    16  stm32f10x_rcc.o(.text)
    RCC_PLLCmd                               0x08003c13   Thumb Code     6  stm32f10x_rcc.o(.text)
    RCC_SYSCLKConfig                         0x08003c19   Thumb Code    14  stm32f10x_rcc.o(.text)
    RCC_GetSYSCLKSource                      0x08003c27   Thumb Code    10  stm32f10x_rcc.o(.text)
    RCC_HCLKConfig                           0x08003c31   Thumb Code    14  stm32f10x_rcc.o(.text)
    RCC_PCLK1Config                          0x08003c3f   Thumb Code    14  stm32f10x_rcc.o(.text)
    RCC_PCLK2Config                          0x08003c4d   Thumb Code    16  stm32f10x_rcc.o(.text)
    RCC_ITConfig                             0x08003c5d   Thumb Code    18  stm32f10x_rcc.o(.text)
    RCC_USBCLKConfig                         0x08003c6f   Thumb Code     8  stm32f10x_rcc.o(.text)
    RCC_ADCCLKConfig                         0x08003c77   Thumb Code    14  stm32f10x_rcc.o(.text)
    RCC_LSEConfig                            0x08003c85   Thumb Code    28  stm32f10x_rcc.o(.text)
    RCC_LSICmd                               0x08003ca1   Thumb Code     6  stm32f10x_rcc.o(.text)
    RCC_RTCCLKConfig                         0x08003ca7   Thumb Code    10  stm32f10x_rcc.o(.text)
    RCC_RTCCLKCmd                            0x08003cb1   Thumb Code     8  stm32f10x_rcc.o(.text)
    RCC_GetClocksFreq                        0x08003cb9   Thumb Code   128  stm32f10x_rcc.o(.text)
    RCC_AHBPeriphClockCmd                    0x08003d39   Thumb Code    18  stm32f10x_rcc.o(.text)
    RCC_APB2PeriphClockCmd                   0x08003d4b   Thumb Code    18  stm32f10x_rcc.o(.text)
    RCC_APB1PeriphClockCmd                   0x08003d5d   Thumb Code    18  stm32f10x_rcc.o(.text)
    RCC_APB2PeriphResetCmd                   0x08003d6f   Thumb Code    18  stm32f10x_rcc.o(.text)
    RCC_APB1PeriphResetCmd                   0x08003d81   Thumb Code    18  stm32f10x_rcc.o(.text)
    RCC_BackupResetCmd                       0x08003d93   Thumb Code     8  stm32f10x_rcc.o(.text)
    RCC_ClockSecuritySystemCmd               0x08003d9b   Thumb Code     6  stm32f10x_rcc.o(.text)
    RCC_MCOConfig                            0x08003da1   Thumb Code     6  stm32f10x_rcc.o(.text)
    RCC_ClearFlag                            0x08003da7   Thumb Code    12  stm32f10x_rcc.o(.text)
    RCC_GetITStatus                          0x08003db3   Thumb Code    16  stm32f10x_rcc.o(.text)
    RCC_ClearITPendingBit                    0x08003dc3   Thumb Code     6  stm32f10x_rcc.o(.text)
    TIM_DeInit                               0x08003de9   Thumb Code   304  stm32f10x_tim.o(.text)
    TIM_TimeBaseInit                         0x08003f19   Thumb Code   114  stm32f10x_tim.o(.text)
    TIM_OC1Init                              0x08003f8b   Thumb Code   106  stm32f10x_tim.o(.text)
    TIM_OC2Init                              0x08003ff5   Thumb Code   120  stm32f10x_tim.o(.text)
    TIM_OC3Init                              0x0800406d   Thumb Code   116  stm32f10x_tim.o(.text)
    TIM_OC4Init                              0x080040e1   Thumb Code    90  stm32f10x_tim.o(.text)
    TIM_SetIC4Prescaler                      0x0800413b   Thumb Code    24  stm32f10x_tim.o(.text)
    TIM_SetIC3Prescaler                      0x08004153   Thumb Code    16  stm32f10x_tim.o(.text)
    TIM_SetIC2Prescaler                      0x08004163   Thumb Code    24  stm32f10x_tim.o(.text)
    TIM_SetIC1Prescaler                      0x08004221   Thumb Code    16  stm32f10x_tim.o(.text)
    TIM_ICInit                               0x08004289   Thumb Code   272  stm32f10x_tim.o(.text)
    TIM_PWMIConfig                           0x08004399   Thumb Code   104  stm32f10x_tim.o(.text)
    TIM_BDTRConfig                           0x08004401   Thumb Code    34  stm32f10x_tim.o(.text)
    TIM_TimeBaseStructInit                   0x08004423   Thumb Code    18  stm32f10x_tim.o(.text)
    TIM_OCStructInit                         0x08004435   Thumb Code    20  stm32f10x_tim.o(.text)
    TIM_ICStructInit                         0x08004449   Thumb Code    16  stm32f10x_tim.o(.text)
    TIM_BDTRStructInit                       0x08004459   Thumb Code    18  stm32f10x_tim.o(.text)
    TIM_Cmd                                  0x0800446b   Thumb Code    20  stm32f10x_tim.o(.text)
    TIM_CtrlPWMOutputs                       0x0800447f   Thumb Code    22  stm32f10x_tim.o(.text)
    TIM_ITConfig                             0x08004495   Thumb Code    16  stm32f10x_tim.o(.text)
    TIM_GenerateEvent                        0x080044a5   Thumb Code     4  stm32f10x_tim.o(.text)
    TIM_DMAConfig                            0x080044a9   Thumb Code     8  stm32f10x_tim.o(.text)
    TIM_DMACmd                               0x080044b1   Thumb Code    16  stm32f10x_tim.o(.text)
    TIM_InternalClockConfig                  0x080044c1   Thumb Code    10  stm32f10x_tim.o(.text)
    TIM_SelectInputTrigger                   0x080044cb   Thumb Code    12  stm32f10x_tim.o(.text)
    TIM_ITRxExternalClockConfig              0x080044d7   Thumb Code    18  stm32f10x_tim.o(.text)
    TIM_TIxExternalClockConfig               0x080044e9   Thumb Code    46  stm32f10x_tim.o(.text)
    TIM_ETRConfig                            0x08004517   Thumb Code    24  stm32f10x_tim.o(.text)
    TIM_ETRClockMode1Config                  0x0800452f   Thumb Code    18  stm32f10x_tim.o(.text)
    TIM_ETRClockMode2Config                  0x08004541   Thumb Code    18  stm32f10x_tim.o(.text)
    TIM_PrescalerConfig                      0x08004553   Thumb Code     6  stm32f10x_tim.o(.text)
    TIM_CounterModeConfig                    0x08004559   Thumb Code    12  stm32f10x_tim.o(.text)
    TIM_EncoderInterfaceConfig               0x08004565   Thumb Code    50  stm32f10x_tim.o(.text)
    TIM_ForcedOC1Config                      0x08004597   Thumb Code    12  stm32f10x_tim.o(.text)
    TIM_ForcedOC2Config                      0x080045a3   Thumb Code    20  stm32f10x_tim.o(.text)
    TIM_ForcedOC3Config                      0x080045b7   Thumb Code    12  stm32f10x_tim.o(.text)
    TIM_ForcedOC4Config                      0x080045c3   Thumb Code    20  stm32f10x_tim.o(.text)
    TIM_ARRPreloadConfig                     0x080045d7   Thumb Code    20  stm32f10x_tim.o(.text)
    TIM_SelectCOM                            0x080045eb   Thumb Code    20  stm32f10x_tim.o(.text)
    TIM_SelectCCDMA                          0x080045ff   Thumb Code    20  stm32f10x_tim.o(.text)
    TIM_CCPreloadControl                     0x08004613   Thumb Code    20  stm32f10x_tim.o(.text)
    TIM_OC1PreloadConfig                     0x08004627   Thumb Code    34  stm32f10x_tim.o(.text)
    TIM_OC2PreloadConfig                     0x08004649   Thumb Code    20  stm32f10x_tim.o(.text)
    TIM_OC3PreloadConfig                     0x0800465d   Thumb Code    12  stm32f10x_tim.o(.text)
    TIM_OC4PreloadConfig                     0x08004669   Thumb Code    20  stm32f10x_tim.o(.text)
    TIM_OC1FastConfig                        0x0800467d   Thumb Code    12  stm32f10x_tim.o(.text)
    TIM_OC2FastConfig                        0x08004689   Thumb Code    20  stm32f10x_tim.o(.text)
    TIM_OC3FastConfig                        0x0800469d   Thumb Code    12  stm32f10x_tim.o(.text)
    TIM_OC4FastConfig                        0x080046a9   Thumb Code    20  stm32f10x_tim.o(.text)
    TIM_ClearOC1Ref                          0x080046bd   Thumb Code    12  stm32f10x_tim.o(.text)
    TIM_ClearOC2Ref                          0x080046c9   Thumb Code    20  stm32f10x_tim.o(.text)
    TIM_ClearOC3Ref                          0x080046dd   Thumb Code    12  stm32f10x_tim.o(.text)
    TIM_ClearOC4Ref                          0x080046e9   Thumb Code    20  stm32f10x_tim.o(.text)
    TIM_OC1PolarityConfig                    0x080046fd   Thumb Code    12  stm32f10x_tim.o(.text)
    TIM_OC1NPolarityConfig                   0x08004709   Thumb Code    12  stm32f10x_tim.o(.text)
    TIM_OC2PolarityConfig                    0x08004715   Thumb Code    20  stm32f10x_tim.o(.text)
    TIM_OC2NPolarityConfig                   0x08004729   Thumb Code    20  stm32f10x_tim.o(.text)
    TIM_OC3PolarityConfig                    0x0800473d   Thumb Code    20  stm32f10x_tim.o(.text)
    TIM_OC3NPolarityConfig                   0x08004751   Thumb Code    20  stm32f10x_tim.o(.text)
    TIM_OC4PolarityConfig                    0x08004765   Thumb Code    20  stm32f10x_tim.o(.text)
    TIM_CCxCmd                               0x08004779   Thumb Code    22  stm32f10x_tim.o(.text)
    TIM_CCxNCmd                              0x0800478f   Thumb Code    22  stm32f10x_tim.o(.text)
    TIM_SelectOCxM                           0x080047a5   Thumb Code    70  stm32f10x_tim.o(.text)
    TIM_UpdateDisableConfig                  0x080047eb   Thumb Code    20  stm32f10x_tim.o(.text)
    TIM_UpdateRequestConfig                  0x080047ff   Thumb Code    20  stm32f10x_tim.o(.text)
    TIM_SelectHallSensor                     0x08004813   Thumb Code    20  stm32f10x_tim.o(.text)
    TIM_SelectOnePulseMode                   0x08004827   Thumb Code    16  stm32f10x_tim.o(.text)
    TIM_SelectOutputTrigger                  0x08004837   Thumb Code    16  stm32f10x_tim.o(.text)
    TIM_SelectSlaveMode                      0x08004847   Thumb Code    16  stm32f10x_tim.o(.text)
    TIM_SelectMasterSlaveMode                0x08004857   Thumb Code    16  stm32f10x_tim.o(.text)
    TIM_SetCounter                           0x08004867   Thumb Code     4  stm32f10x_tim.o(.text)
    TIM_SetAutoreload                        0x0800486b   Thumb Code     4  stm32f10x_tim.o(.text)
    TIM_SetCompare1                          0x0800486f   Thumb Code     4  stm32f10x_tim.o(.text)
    TIM_SetCompare2                          0x08004873   Thumb Code     4  stm32f10x_tim.o(.text)
    TIM_SetCompare3                          0x08004877   Thumb Code     4  stm32f10x_tim.o(.text)
    TIM_SetCompare4                          0x0800487b   Thumb Code     6  stm32f10x_tim.o(.text)
    TIM_SetClockDivision                     0x08004881   Thumb Code    16  stm32f10x_tim.o(.text)
    TIM_GetCapture1                          0x08004891   Thumb Code     4  stm32f10x_tim.o(.text)
    TIM_GetCapture2                          0x08004895   Thumb Code     4  stm32f10x_tim.o(.text)
    TIM_GetCapture3                          0x08004899   Thumb Code     4  stm32f10x_tim.o(.text)
    TIM_GetCapture4                          0x0800489d   Thumb Code     6  stm32f10x_tim.o(.text)
    TIM_GetCounter                           0x080048a3   Thumb Code     4  stm32f10x_tim.o(.text)
    TIM_GetPrescaler                         0x080048a7   Thumb Code     4  stm32f10x_tim.o(.text)
    TIM_GetFlagStatus                        0x080048ab   Thumb Code    14  stm32f10x_tim.o(.text)
    TIM_ClearFlag                            0x080048b9   Thumb Code     6  stm32f10x_tim.o(.text)
    TIM_GetITStatus                          0x080048bf   Thumb Code    24  stm32f10x_tim.o(.text)
    TIM_ClearITPendingBit                    0x080048d7   Thumb Code     6  stm32f10x_tim.o(.text)
    USART_DeInit                             0x080048dd   Thumb Code    96  stm32f10x_usart.o(.text)
    USART_Init                               0x0800493d   Thumb Code   166  stm32f10x_usart.o(.text)
    USART_StructInit                         0x080049e3   Thumb Code    22  stm32f10x_usart.o(.text)
    USART_ClockInit                          0x080049f9   Thumb Code    30  stm32f10x_usart.o(.text)
    USART_ClockStructInit                    0x08004a17   Thumb Code    12  stm32f10x_usart.o(.text)
    USART_Cmd                                0x08004a23   Thumb Code    20  stm32f10x_usart.o(.text)
    USART_ITConfig                           0x08004a37   Thumb Code    48  stm32f10x_usart.o(.text)
    USART_DMACmd                             0x08004a67   Thumb Code    16  stm32f10x_usart.o(.text)
    USART_SetAddress                         0x08004a77   Thumb Code    16  stm32f10x_usart.o(.text)
    USART_WakeUpConfig                       0x08004a87   Thumb Code    16  stm32f10x_usart.o(.text)
    USART_ReceiverWakeUpCmd                  0x08004a97   Thumb Code    20  stm32f10x_usart.o(.text)
    USART_LINBreakDetectLengthConfig         0x08004aab   Thumb Code    16  stm32f10x_usart.o(.text)
    USART_LINCmd                             0x08004abb   Thumb Code    20  stm32f10x_usart.o(.text)
    USART_SendData                           0x08004acf   Thumb Code     8  stm32f10x_usart.o(.text)
    USART_ReceiveData                        0x08004ad7   Thumb Code     8  stm32f10x_usart.o(.text)
    USART_SendBreak                          0x08004adf   Thumb Code    10  stm32f10x_usart.o(.text)
    USART_SetGuardTime                       0x08004ae9   Thumb Code    16  stm32f10x_usart.o(.text)
    USART_SetPrescaler                       0x08004af9   Thumb Code    16  stm32f10x_usart.o(.text)
    USART_SmartCardCmd                       0x08004b09   Thumb Code    20  stm32f10x_usart.o(.text)
    USART_SmartCardNACKCmd                   0x08004b1d   Thumb Code    20  stm32f10x_usart.o(.text)
    USART_HalfDuplexCmd                      0x08004b31   Thumb Code    20  stm32f10x_usart.o(.text)
    USART_OverSampling8Cmd                   0x08004b45   Thumb Code    20  stm32f10x_usart.o(.text)
    USART_OneBitMethodCmd                    0x08004b59   Thumb Code    20  stm32f10x_usart.o(.text)
    USART_IrDAConfig                         0x08004b6d   Thumb Code    16  stm32f10x_usart.o(.text)
    USART_IrDACmd                            0x08004b7d   Thumb Code    20  stm32f10x_usart.o(.text)
    USART_GetFlagStatus                      0x08004b91   Thumb Code    14  stm32f10x_usart.o(.text)
    USART_ClearFlag                          0x08004b9f   Thumb Code     6  stm32f10x_usart.o(.text)
    USART_GetITStatus                        0x08004ba5   Thumb Code    62  stm32f10x_usart.o(.text)
    USART_ClearITPendingBit                  0x08004be3   Thumb Code    12  stm32f10x_usart.o(.text)
    Reset_Handler                            0x08004c05   Thumb Code     8  startup_stm32f10x_hd.o(.text)
    ADC1_2_IRQHandler                        0x08004c1f   Thumb Code     0  startup_stm32f10x_hd.o(.text)
    ADC3_IRQHandler                          0x08004c1f   Thumb Code     0  startup_stm32f10x_hd.o(.text)
    CAN1_RX1_IRQHandler                      0x08004c1f   Thumb Code     0  startup_stm32f10x_hd.o(.text)
    CAN1_SCE_IRQHandler                      0x08004c1f   Thumb Code     0  startup_stm32f10x_hd.o(.text)
    DMA1_Channel1_IRQHandler                 0x08004c1f   Thumb Code     0  startup_stm32f10x_hd.o(.text)
    DMA1_Channel2_IRQHandler                 0x08004c1f   Thumb Code     0  startup_stm32f10x_hd.o(.text)
    DMA1_Channel3_IRQHandler                 0x08004c1f   Thumb Code     0  startup_stm32f10x_hd.o(.text)
    DMA1_Channel4_IRQHandler                 0x08004c1f   Thumb Code     0  startup_stm32f10x_hd.o(.text)
    DMA1_Channel5_IRQHandler                 0x08004c1f   Thumb Code     0  startup_stm32f10x_hd.o(.text)
    DMA1_Channel6_IRQHandler                 0x08004c1f   Thumb Code     0  startup_stm32f10x_hd.o(.text)
    DMA1_Channel7_IRQHandler                 0x08004c1f   Thumb Code     0  startup_stm32f10x_hd.o(.text)
    DMA2_Channel1_IRQHandler                 0x08004c1f   Thumb Code     0  startup_stm32f10x_hd.o(.text)
    DMA2_Channel2_IRQHandler                 0x08004c1f   Thumb Code     0  startup_stm32f10x_hd.o(.text)
    DMA2_Channel3_IRQHandler                 0x08004c1f   Thumb Code     0  startup_stm32f10x_hd.o(.text)
    DMA2_Channel4_5_IRQHandler               0x08004c1f   Thumb Code     0  startup_stm32f10x_hd.o(.text)
    EXTI15_10_IRQHandler                     0x08004c1f   Thumb Code     0  startup_stm32f10x_hd.o(.text)
    EXTI4_IRQHandler                         0x08004c1f   Thumb Code     0  startup_stm32f10x_hd.o(.text)
    FLASH_IRQHandler                         0x08004c1f   Thumb Code     0  startup_stm32f10x_hd.o(.text)
    FSMC_IRQHandler                          0x08004c1f   Thumb Code     0  startup_stm32f10x_hd.o(.text)
    I2C1_ER_IRQHandler                       0x08004c1f   Thumb Code     0  startup_stm32f10x_hd.o(.text)
    I2C1_EV_IRQHandler                       0x08004c1f   Thumb Code     0  startup_stm32f10x_hd.o(.text)
    I2C2_ER_IRQHandler                       0x08004c1f   Thumb Code     0  startup_stm32f10x_hd.o(.text)
    I2C2_EV_IRQHandler                       0x08004c1f   Thumb Code     0  startup_stm32f10x_hd.o(.text)
    PVD_IRQHandler                           0x08004c1f   Thumb Code     0  startup_stm32f10x_hd.o(.text)
    RCC_IRQHandler                           0x08004c1f   Thumb Code     0  startup_stm32f10x_hd.o(.text)
    RTCAlarm_IRQHandler                      0x08004c1f   Thumb Code     0  startup_stm32f10x_hd.o(.text)
    RTC_IRQHandler                           0x08004c1f   Thumb Code     0  startup_stm32f10x_hd.o(.text)
    SDIO_IRQHandler                          0x08004c1f   Thumb Code     0  startup_stm32f10x_hd.o(.text)
    SPI1_IRQHandler                          0x08004c1f   Thumb Code     0  startup_stm32f10x_hd.o(.text)
    SPI2_IRQHandler                          0x08004c1f   Thumb Code     0  startup_stm32f10x_hd.o(.text)
    SPI3_IRQHandler                          0x08004c1f   Thumb Code     0  startup_stm32f10x_hd.o(.text)
    TAMPER_IRQHandler                        0x08004c1f   Thumb Code     0  startup_stm32f10x_hd.o(.text)
    TIM1_BRK_IRQHandler                      0x08004c1f   Thumb Code     0  startup_stm32f10x_hd.o(.text)
    TIM1_CC_IRQHandler                       0x08004c1f   Thumb Code     0  startup_stm32f10x_hd.o(.text)
    TIM1_TRG_COM_IRQHandler                  0x08004c1f   Thumb Code     0  startup_stm32f10x_hd.o(.text)
    TIM2_IRQHandler                          0x08004c1f   Thumb Code     0  startup_stm32f10x_hd.o(.text)
    TIM3_IRQHandler                          0x08004c1f   Thumb Code     0  startup_stm32f10x_hd.o(.text)
    TIM4_IRQHandler                          0x08004c1f   Thumb Code     0  startup_stm32f10x_hd.o(.text)
    TIM5_IRQHandler                          0x08004c1f   Thumb Code     0  startup_stm32f10x_hd.o(.text)
    TIM6_IRQHandler                          0x08004c1f   Thumb Code     0  startup_stm32f10x_hd.o(.text)
    TIM7_IRQHandler                          0x08004c1f   Thumb Code     0  startup_stm32f10x_hd.o(.text)
    TIM8_BRK_IRQHandler                      0x08004c1f   Thumb Code     0  startup_stm32f10x_hd.o(.text)
    TIM8_CC_IRQHandler                       0x08004c1f   Thumb Code     0  startup_stm32f10x_hd.o(.text)
    TIM8_TRG_COM_IRQHandler                  0x08004c1f   Thumb Code     0  startup_stm32f10x_hd.o(.text)
    TIM8_UP_IRQHandler                       0x08004c1f   Thumb Code     0  startup_stm32f10x_hd.o(.text)
    UART4_IRQHandler                         0x08004c1f   Thumb Code     0  startup_stm32f10x_hd.o(.text)
    UART5_IRQHandler                         0x08004c1f   Thumb Code     0  startup_stm32f10x_hd.o(.text)
    USART1_IRQHandler                        0x08004c1f   Thumb Code     0  startup_stm32f10x_hd.o(.text)
    USART3_IRQHandler                        0x08004c1f   Thumb Code     0  startup_stm32f10x_hd.o(.text)
    USBWakeUp_IRQHandler                     0x08004c1f   Thumb Code     0  startup_stm32f10x_hd.o(.text)
    USB_HP_CAN1_TX_IRQHandler                0x08004c1f   Thumb Code     0  startup_stm32f10x_hd.o(.text)
    USB_LP_CAN1_RX0_IRQHandler               0x08004c1f   Thumb Code     0  startup_stm32f10x_hd.o(.text)
    WWDG_IRQHandler                          0x08004c1f   Thumb Code     0  startup_stm32f10x_hd.o(.text)
    SystemInit                               0x08004cc9   Thumb Code    64  system_stm32f10x.o(.text)
    SystemCoreClockUpdate                    0x08004d09   Thumb Code    84  system_stm32f10x.o(.text)
    __aeabi_uldivmod                         0x08004d7d   Thumb Code    98  uldiv.o(.text)
    toupper                                  0x08004ddf   Thumb Code    12  toupper.o(.text)
    abs                                      0x08004deb   Thumb Code     8  siabs.o(.text)
    __aeabi_memcpy                           0x08004df3   Thumb Code    36  memcpya.o(.text)
    __aeabi_memcpy4                          0x08004df3   Thumb Code     0  memcpya.o(.text)
    __aeabi_memcpy8                          0x08004df3   Thumb Code     0  memcpya.o(.text)
    __aeabi_memset                           0x08004e17   Thumb Code    14  memseta.o(.text)
    __aeabi_memset4                          0x08004e17   Thumb Code     0  memseta.o(.text)
    __aeabi_memset8                          0x08004e17   Thumb Code     0  memseta.o(.text)
    __aeabi_memclr                           0x08004e25   Thumb Code     4  memseta.o(.text)
    __aeabi_memclr4                          0x08004e25   Thumb Code     0  memseta.o(.text)
    __aeabi_memclr8                          0x08004e25   Thumb Code     0  memseta.o(.text)
    _memset$wrapper                          0x08004e29   Thumb Code    18  memseta.o(.text)
    __aeabi_fadd                             0x08004e3b   Thumb Code   164  fadd.o(.text)
    __aeabi_fsub                             0x08004edf   Thumb Code     6  fadd.o(.text)
    __aeabi_frsub                            0x08004ee5   Thumb Code     6  fadd.o(.text)
    __aeabi_fmul                             0x08004eeb   Thumb Code   100  fmul.o(.text)
    __aeabi_fdiv                             0x08004f4f   Thumb Code   124  fdiv.o(.text)
    __aeabi_i2f                              0x08004fcb   Thumb Code    18  fflti.o(.text)
    __aeabi_ui2f                             0x08004fdd   Thumb Code    10  ffltui.o(.text)
    __aeabi_f2iz                             0x08004fe7   Thumb Code    50  ffixi.o(.text)
    __aeabi_f2uiz                            0x08005019   Thumb Code    40  ffixui.o(.text)
    __aeabi_f2d                              0x08005041   Thumb Code    38  f2d.o(.text)
    __aeabi_uidiv                            0x08005067   Thumb Code     0  uidiv.o(.text)
    __aeabi_uidivmod                         0x08005067   Thumb Code    44  uidiv.o(.text)
    __aeabi_llsl                             0x08005093   Thumb Code    30  llshl.o(.text)
    _ll_shift_l                              0x08005093   Thumb Code     0  llshl.o(.text)
    __aeabi_llsr                             0x080050b1   Thumb Code    32  llushr.o(.text)
    _ll_ushift_r                             0x080050b1   Thumb Code     0  llushr.o(.text)
    __I$use$fp                               0x080050d1   Thumb Code     0  iusefp.o(.text)
    _float_round                             0x080050d1   Thumb Code    18  fepilogue.o(.text)
    _float_epilogue                          0x080050e3   Thumb Code    92  fepilogue.o(.text)
    _frnd                                    0x0800513f   Thumb Code    60  frnd.o(.text)
    __aeabi_dadd                             0x0800517b   Thumb Code   322  dadd.o(.text)
    __aeabi_dsub                             0x080052bd   Thumb Code     6  dadd.o(.text)
    __aeabi_drsub                            0x080052c3   Thumb Code     6  dadd.o(.text)
    __aeabi_dmul                             0x080052c9   Thumb Code   228  dmul.o(.text)
    __aeabi_ddiv                             0x080053ad   Thumb Code   222  ddiv.o(.text)
    __aeabi_d2ulz                            0x0800548b   Thumb Code    48  dfixul.o(.text)
    __aeabi_cdrcmple                         0x080054bd   Thumb Code    48  cdrcmple.o(.text)
    __scatterload                            0x080054ed   Thumb Code    28  init.o(.text)
    __scatterload_rt2                        0x080054ed   Thumb Code     0  init.o(.text)
    __aeabi_lasr                             0x08005511   Thumb Code    36  llsshr.o(.text)
    _ll_sshift_r                             0x08005511   Thumb Code     0  llsshr.o(.text)
    _double_round                            0x08005535   Thumb Code    30  depilogue.o(.text)
    _double_epilogue                         0x08005553   Thumb Code   156  depilogue.o(.text)
    __decompress                             0x080055ef   Thumb Code     0  __dczerorl2.o(.text)
    __decompress1                            0x080055ef   Thumb Code    86  __dczerorl2.o(.text)
    __0sprintf                               0x08005645   Thumb Code    34  printfa.o(i.__0sprintf)
    __1sprintf                               0x08005645   Thumb Code     0  printfa.o(i.__0sprintf)
    __2sprintf                               0x08005645   Thumb Code     0  printfa.o(i.__0sprintf)
    __c89sprintf                             0x08005645   Thumb Code     0  printfa.o(i.__0sprintf)
    sprintf                                  0x08005645   Thumb Code     0  printfa.o(i.__0sprintf)
    __0vsnprintf                             0x0800566d   Thumb Code    46  printfa.o(i.__0vsnprintf)
    __1vsnprintf                             0x0800566d   Thumb Code     0  printfa.o(i.__0vsnprintf)
    __2vsnprintf                             0x0800566d   Thumb Code     0  printfa.o(i.__0vsnprintf)
    __c89vsnprintf                           0x0800566d   Thumb Code     0  printfa.o(i.__0vsnprintf)
    vsnprintf                                0x0800566d   Thumb Code     0  printfa.o(i.__0vsnprintf)
    __scatterload_copy                       0x080056a1   Thumb Code    14  handlers.o(i.__scatterload_copy)
    __scatterload_null                       0x080056af   Thumb Code     2  handlers.o(i.__scatterload_null)
    __scatterload_zeroinit                   0x080056b1   Thumb Code    14  handlers.o(i.__scatterload_zeroinit)
    roundf                                   0x08005f6b   Thumb Code   114  roundf.o(i.roundf)
    F6x8                                     0x08005fdc   Data         552  oled_i2c.o(.constdata)
    F8X16                                    0x08006204   Data        1520  oled_i2c.o(.constdata)
    Region$$Table$$Base                      0x080067f4   Number         0  anon$$obj.o(Region$$Table)
    Region$$Table$$Limit                     0x08006814   Number         0  anon$$obj.o(Region$$Table)
    Res                                      0x20000010   Data           1  uwb.o(.data)
    F16x16                                   0x2000005c   Data         960  oled_i2c.o(.data)
    Encoder_A_EXTI                           0x20000424   Data           4  motor.o(.data)
    Encoder_B_EXTI                           0x20000428   Data           4  motor.o(.data)
    Encoder_D_EXTI                           0x2000042c   Data           4  motor.o(.data)
    Velocity_KP                              0x20000430   Data           4  motor.o(.data)
    Velocity_KI                              0x20000434   Data           4  motor.o(.data)
    Velocity_KD                              0x20000438   Data           4  motor.o(.data)
    Bias_A                                   0x20000450   Data           4  motor.o(.data)
    Pwm_A                                    0x20000454   Data           4  motor.o(.data)
    Last_bias_A                              0x20000458   Data           4  motor.o(.data)
    Integeal_bias_A                          0x2000045c   Data           4  motor.o(.data)
    Bias_B                                   0x20000460   Data           4  motor.o(.data)
    Pwm_B                                    0x20000464   Data           4  motor.o(.data)
    Last_bias_B                              0x20000468   Data           4  motor.o(.data)
    Integeal_bias_B                          0x2000046c   Data           4  motor.o(.data)
    Bias_C                                   0x20000470   Data           4  motor.o(.data)
    Pwm_C                                    0x20000474   Data           4  motor.o(.data)
    Last_bias_C                              0x20000478   Data           4  motor.o(.data)
    Integeal_bias_C                          0x2000047c   Data           4  motor.o(.data)
    Bias_D                                   0x20000480   Data           4  motor.o(.data)
    Pwm_D                                    0x20000484   Data           4  motor.o(.data)
    Last_bias_D                              0x20000488   Data           4  motor.o(.data)
    Integeal_bias_D                          0x2000048c   Data           4  motor.o(.data)
    Block_number                             0x20000490   Data           4  motor.o(.data)
    Motor_A                                  0x20000494   Data           4  motor.o(.data)
    Motor_B                                  0x20000498   Data           4  motor.o(.data)
    Motor_C                                  0x2000049c   Data           4  motor.o(.data)
    Motor_D                                  0x200004a0   Data           4  motor.o(.data)
    Encoder_A                                0x200004a4   Data           4  motor.o(.data)
    Encoder_B                                0x200004a8   Data           4  motor.o(.data)
    Encoder_C                                0x200004ac   Data           4  motor.o(.data)
    Encoder_D                                0x200004b0   Data           4  motor.o(.data)
    SystemCoreClock                          0x200004c8   Data           4  system_stm32f10x.o(.data)
    AHBPrescTable                            0x200004cc   Data          16  system_stm32f10x.o(.data)
    _dbg_TXBuff                              0x200004dc   Data         256  hal_usart.o(.bss)
    AVG                                      0x20000bd4   Data          58  control.o(.bss)
    TOF_D                                    0x20000d14   Data          16  control.o(.bss)
    __initial_sp                             0x20004d60   Data           0  startup_stm32f10x_hd.o(STACK)



==============================================================================

Memory Map of the image

  Image Entry point : 0x08000131

  Load Region LR_IROM1 (Base: 0x08000000, Size: 0x00006cf0, Max: 0x00040000, ABSOLUTE, COMPRESSED[0x00006b84])

    Execution Region ER_IROM1 (Exec base: 0x08000000, Load base: 0x08000000, Size: 0x00006814, Max: 0x00040000, ABSOLUTE)

    Exec Addr    Load Addr    Size         Type   Attr      Idx    E Section Name        Object

    0x08000000   0x08000000   0x00000130   Data   RO         1125    RESET               startup_stm32f10x_hd.o
    0x08000130   0x08000130   0x00000000   Code   RO         1166  * .ARM.Collect$$$$00000000  mc_w.l(entry.o)
    0x08000130   0x08000130   0x00000004   Code   RO         1460    .ARM.Collect$$$$00000001  mc_w.l(entry2.o)
    0x08000134   0x08000134   0x00000004   Code   RO         1463    .ARM.Collect$$$$00000004  mc_w.l(entry5.o)
    0x08000138   0x08000138   0x00000000   Code   RO         1465    .ARM.Collect$$$$00000008  mc_w.l(entry7b.o)
    0x08000138   0x08000138   0x00000000   Code   RO         1467    .ARM.Collect$$$$0000000A  mc_w.l(entry8b.o)
    0x08000138   0x08000138   0x00000008   Code   RO         1468    .ARM.Collect$$$$0000000B  mc_w.l(entry9a.o)
    0x08000140   0x08000140   0x00000004   Code   RO         1475    .ARM.Collect$$$$0000000E  mc_w.l(entry12b.o)
    0x08000144   0x08000144   0x00000000   Code   RO         1470    .ARM.Collect$$$$0000000F  mc_w.l(entry10a.o)
    0x08000144   0x08000144   0x00000000   Code   RO         1472    .ARM.Collect$$$$00000011  mc_w.l(entry11a.o)
    0x08000144   0x08000144   0x00000004   Code   RO         1461    .ARM.Collect$$$$00002712  mc_w.l(entry2.o)
    0x08000148   0x08000148   0x00000098   Code   RO            4    .text               delay.o
    0x080001e0   0x080001e0   0x00000044   Code   RO          133    .text               stm32f10x_it.o
    0x08000224   0x08000224   0x000001d4   Code   RO          172    .text               osal.o
    0x080003f8   0x080003f8   0x00000114   Code   RO          203    .text               periph_init.o
    0x0800050c   0x0800050c   0x000000d0   Code   RO          231    .text               timer.o
    0x080005dc   0x080005dc   0x00000244   Code   RO          256    .text               hal_usart.o
    0x08000820   0x08000820   0x0000017c   Code   RO          297    .text               uwb.o
    0x0800099c   0x0800099c   0x00000630   Code   RO          344    .text               control.o
    0x08000fcc   0x08000fcc   0x00000724   Code   RO          391    .text               hal_iic.o
    0x080016f0   0x080016f0   0x000006a8   Code   RO          420    .text               oled_i2c.o
    0x08001d98   0x08001d98   0x00000130   Code   RO          453    .text               tof_i2c.o
    0x08001ec8   0x08001ec8   0x00000e18   Code   RO          479    .text               motor.o
    0x08002ce0   0x08002ce0   0x000000a6   Code   RO          512    .text               main.o
    0x08002d86   0x08002d86   0x00000002   PAD
    0x08002d88   0x08002d88   0x000000b0   Code   RO          569    .text               misc.o
    0x08002e38   0x08002e38   0x000001c8   Code   RO          761    .text               stm32f10x_dma.o
    0x08003000   0x08003000   0x000000e8   Code   RO          785    .text               stm32f10x_exti.o
    0x080030e8   0x080030e8   0x0000047c   Code   RO          809    .text               stm32f10x_flash.o
    0x08003564   0x08003564   0x0000026c   Code   RO          858    .text               stm32f10x_gpio.o
    0x080037d0   0x080037d0   0x00000328   Code   RO          882    .text               stm32f10x_i2c.o
    0x08003af8   0x08003af8   0x0000003c   Code   RO          906    .text               stm32f10x_iwdg.o
    0x08003b34   0x08003b34   0x000002b4   Code   RO          954    .text               stm32f10x_rcc.o
    0x08003de8   0x08003de8   0x00000af4   Code   RO         1053    .text               stm32f10x_tim.o
    0x080048dc   0x080048dc   0x00000328   Code   RO         1078    .text               stm32f10x_usart.o
    0x08004c04   0x08004c04   0x00000024   Code   RO         1126    .text               startup_stm32f10x_hd.o
    0x08004c28   0x08004c28   0x00000154   Code   RO         1133    .text               system_stm32f10x.o
    0x08004d7c   0x08004d7c   0x00000062   Code   RO         1169    .text               mc_w.l(uldiv.o)
    0x08004dde   0x08004dde   0x0000000c   Code   RO         1171    .text               mc_w.l(toupper.o)
    0x08004dea   0x08004dea   0x00000008   Code   RO         1173    .text               mc_w.l(siabs.o)
    0x08004df2   0x08004df2   0x00000024   Code   RO         1177    .text               mc_w.l(memcpya.o)
    0x08004e16   0x08004e16   0x00000024   Code   RO         1179    .text               mc_w.l(memseta.o)
    0x08004e3a   0x08004e3a   0x000000b0   Code   RO         1444    .text               mf_w.l(fadd.o)
    0x08004eea   0x08004eea   0x00000064   Code   RO         1446    .text               mf_w.l(fmul.o)
    0x08004f4e   0x08004f4e   0x0000007c   Code   RO         1448    .text               mf_w.l(fdiv.o)
    0x08004fca   0x08004fca   0x00000012   Code   RO         1450    .text               mf_w.l(fflti.o)
    0x08004fdc   0x08004fdc   0x0000000a   Code   RO         1452    .text               mf_w.l(ffltui.o)
    0x08004fe6   0x08004fe6   0x00000032   Code   RO         1454    .text               mf_w.l(ffixi.o)
    0x08005018   0x08005018   0x00000028   Code   RO         1456    .text               mf_w.l(ffixui.o)
    0x08005040   0x08005040   0x00000026   Code   RO         1458    .text               mf_w.l(f2d.o)
    0x08005066   0x08005066   0x0000002c   Code   RO         1479    .text               mc_w.l(uidiv.o)
    0x08005092   0x08005092   0x0000001e   Code   RO         1481    .text               mc_w.l(llshl.o)
    0x080050b0   0x080050b0   0x00000020   Code   RO         1483    .text               mc_w.l(llushr.o)
    0x080050d0   0x080050d0   0x00000000   Code   RO         1485    .text               mc_w.l(iusefp.o)
    0x080050d0   0x080050d0   0x0000006e   Code   RO         1486    .text               mf_w.l(fepilogue.o)
    0x0800513e   0x0800513e   0x0000003c   Code   RO         1488    .text               mf_w.l(frnd.o)
    0x0800517a   0x0800517a   0x0000014e   Code   RO         1490    .text               mf_w.l(dadd.o)
    0x080052c8   0x080052c8   0x000000e4   Code   RO         1492    .text               mf_w.l(dmul.o)
    0x080053ac   0x080053ac   0x000000de   Code   RO         1494    .text               mf_w.l(ddiv.o)
    0x0800548a   0x0800548a   0x00000030   Code   RO         1496    .text               mf_w.l(dfixul.o)
    0x080054ba   0x080054ba   0x00000002   PAD
    0x080054bc   0x080054bc   0x00000030   Code   RO         1498    .text               mf_w.l(cdrcmple.o)
    0x080054ec   0x080054ec   0x00000024   Code   RO         1500    .text               mc_w.l(init.o)
    0x08005510   0x08005510   0x00000024   Code   RO         1503    .text               mc_w.l(llsshr.o)
    0x08005534   0x08005534   0x000000ba   Code   RO         1506    .text               mf_w.l(depilogue.o)
    0x080055ee   0x080055ee   0x00000056   Code   RO         1516    .text               mc_w.l(__dczerorl2.o)
    0x08005644   0x08005644   0x00000028   Code   RO         1418    i.__0sprintf        mc_w.l(printfa.o)
    0x0800566c   0x0800566c   0x00000034   Code   RO         1421    i.__0vsnprintf      mc_w.l(printfa.o)
    0x080056a0   0x080056a0   0x0000000e   Code   RO         1510    i.__scatterload_copy  mc_w.l(handlers.o)
    0x080056ae   0x080056ae   0x00000002   Code   RO         1511    i.__scatterload_null  mc_w.l(handlers.o)
    0x080056b0   0x080056b0   0x0000000e   Code   RO         1512    i.__scatterload_zeroinit  mc_w.l(handlers.o)
    0x080056be   0x080056be   0x00000002   PAD
    0x080056c0   0x080056c0   0x00000184   Code   RO         1423    i._fp_digits        mc_w.l(printfa.o)
    0x08005844   0x08005844   0x000006b4   Code   RO         1424    i._printf_core      mc_w.l(printfa.o)
    0x08005ef8   0x08005ef8   0x00000024   Code   RO         1425    i._printf_post_padding  mc_w.l(printfa.o)
    0x08005f1c   0x08005f1c   0x0000002e   Code   RO         1426    i._printf_pre_padding  mc_w.l(printfa.o)
    0x08005f4a   0x08005f4a   0x00000016   Code   RO         1427    i._snputc           mc_w.l(printfa.o)
    0x08005f60   0x08005f60   0x0000000a   Code   RO         1428    i._sputc            mc_w.l(printfa.o)
    0x08005f6a   0x08005f6a   0x00000072   Code   RO         1164    i.roundf            m_ws.l(roundf.o)
    0x08005fdc   0x08005fdc   0x00000818   Data   RO          421    .constdata          oled_i2c.o
    0x080067f4   0x080067f4   0x00000020   Data   RO         1508    Region$$Table       anon$$obj.o


    Execution Region RW_IRAM1 (Exec base: 0x20000000, Load base: 0x08006814, Size: 0x00004d60, Max: 0x0000c000, ABSOLUTE, COMPRESSED[0x00000370])

    Exec Addr    Load Addr    Size         Type   Attr      Idx    E Section Name        Object

    0x20000000   COMPRESSED   0x00000010   Data   RW            6    .data               delay.o
    0x20000010   COMPRESSED   0x00000001   Data   RW          299    .data               uwb.o
    0x20000011   COMPRESSED   0x00000007   PAD
    0x20000018   COMPRESSED   0x00000038   Data   RW          346    .data               control.o
    0x20000050   COMPRESSED   0x000003cc   Data   RW          422    .data               oled_i2c.o
    0x2000041c   COMPRESSED   0x00000008   Data   RW          455    .data               tof_i2c.o
    0x20000424   COMPRESSED   0x00000090   Data   RW          480    .data               motor.o
    0x200004b4   COMPRESSED   0x00000014   Data   RW          955    .data               stm32f10x_rcc.o
    0x200004c8   COMPRESSED   0x00000014   Data   RW         1134    .data               system_stm32f10x.o
    0x200004dc        -       0x00000100   Zero   RW          257    .bss                hal_usart.o
    0x200005dc        -       0x000005f8   Zero   RW          298    .bss                uwb.o
    0x20000bd4        -       0x00000150   Zero   RW          345    .bss                control.o
    0x20000d24        -       0x0000003c   Zero   RW          454    .bss                tof_i2c.o
    0x20000d60        -       0x00004000   Zero   RW         1123    STACK               startup_stm32f10x_hd.o


==============================================================================

Image component sizes


      Code (inc. data)   RO Data    RW Data    ZI Data      Debug   Object Name

      1584         80          0         56        336       9111   control.o
       152         18          0         16          0     306597   delay.o
      1828         98          0          0          0       6870   hal_iic.o
       580         20          0          0        256       3985   hal_usart.o
       166          0          0          0          0        955   main.o
       176         14          0          0          0       1965   misc.o
      3608        114          0        144          0      14301   motor.o
      1704         76       2072        972          0       6319   oled_i2c.o
       468          8          0          0          0       4510   osal.o
       276         10          0          0          0       1774   periph_init.o
        36          8        304          0      16384        856   startup_stm32f10x_hd.o
       456         10          0          0          0       4746   stm32f10x_dma.o
       232          8          0          0          0       2463   stm32f10x_exti.o
      1148         22          0          0          0       9368   stm32f10x_flash.o
       620         36          0          0          0       5925   stm32f10x_gpio.o
       808         14          0          0          0       9735   stm32f10x_i2c.o
        68          6          0          0          0       1505   stm32f10x_it.o
        60          6          0          0          0       1345   stm32f10x_iwdg.o
       692         32          0         20          0       9064   stm32f10x_rcc.o
      2804         86          0          0          0      23050   stm32f10x_tim.o
       808         22          0          0          0       8844   stm32f10x_usart.o
       340         32          0         20          0       2087   system_stm32f10x.o
       208          6          0          0          0       1886   timer.o
       304          8          0          8         60       1815   tof_i2c.o
       380         14          0          1       1528       7310   uwb.o

    ----------------------------------------------------------------------
     19508        748       2408       1244      18564     446386   Object Totals
         0          0         32          0          0          0   (incl. Generated)
         2          0          0          7          0          0   (incl. Padding)

    ----------------------------------------------------------------------

      Code (inc. data)   RO Data    RW Data    ZI Data      Debug   Library Member Name

       114          0          0          0          0         80   roundf.o
        86          0          0          0          0          0   __dczerorl2.o
         0          0          0          0          0          0   entry.o
         0          0          0          0          0          0   entry10a.o
         0          0          0          0          0          0   entry11a.o
         4          0          0          0          0          0   entry12b.o
         8          4          0          0          0          0   entry2.o
         4          0          0          0          0          0   entry5.o
         0          0          0          0          0          0   entry7b.o
         0          0          0          0          0          0   entry8b.o
         8          4          0          0          0          0   entry9a.o
        30          0          0          0          0          0   handlers.o
        36          8          0          0          0         68   init.o
         0          0          0          0          0          0   iusefp.o
        30          0          0          0          0         68   llshl.o
        36          0          0          0          0         68   llsshr.o
        32          0          0          0          0         68   llushr.o
        36          0          0          0          0         68   memcpya.o
        36          0          0          0          0        108   memseta.o
      2310         92          0          0          0        680   printfa.o
         8          0          0          0          0         68   siabs.o
        12          0          0          0          0         68   toupper.o
        44          0          0          0          0         80   uidiv.o
        98          0          0          0          0         92   uldiv.o
        48          0          0          0          0         68   cdrcmple.o
       334          0          0          0          0        148   dadd.o
       222          0          0          0          0        100   ddiv.o
       186          0          0          0          0        176   depilogue.o
        48          0          0          0          0         68   dfixul.o
       228          0          0          0          0         96   dmul.o
        38          0          0          0          0         68   f2d.o
       176          0          0          0          0        140   fadd.o
       124          0          0          0          0         88   fdiv.o
       110          0          0          0          0        168   fepilogue.o
        50          0          0          0          0         68   ffixi.o
        40          0          0          0          0         68   ffixui.o
        18          0          0          0          0         68   fflti.o
        10          0          0          0          0         68   ffltui.o
       100          0          0          0          0         76   fmul.o
        60          0          0          0          0         76   frnd.o

    ----------------------------------------------------------------------
      4728        108          0          0          0       3060   Library Totals
         4          0          0          0          0          0   (incl. Padding)

    ----------------------------------------------------------------------

      Code (inc. data)   RO Data    RW Data    ZI Data      Debug   Library Name

       114          0          0          0          0         80   m_ws.l
      2818        108          0          0          0       1436   mc_w.l
      1792          0          0          0          0       1544   mf_w.l

    ----------------------------------------------------------------------
      4728        108          0          0          0       3060   Library Totals

    ----------------------------------------------------------------------

==============================================================================


      Code (inc. data)   RO Data    RW Data    ZI Data      Debug   

     24236        856       2408       1244      18564     444634   Grand Totals
     24236        856       2408        880      18564     444634   ELF Image Totals (compressed)
     24236        856       2408        880          0          0   ROM Totals

==============================================================================

    Total RO  Size (Code + RO Data)                26644 (  26.02kB)
    Total RW  Size (RW Data + ZI Data)             19808 (  19.34kB)
    Total ROM Size (Code + RO Data + RW Data)      27524 (  26.88kB)

==============================================================================

